## csr-s9-w8.log

==== System Overview

System
Miner Type	Antminer S9
Hostname	crs-s9-w8-5C:B1:5B:46:71:79
Model	GNU/Linux
Hardware Version	
Kernel Version	Linux 3.14.0-xilinx-ge8a2f71-dirty #82 SMP PREEMPT Tue May 16 19:49:53 CST 2017
File System Version	Fri Nov 17 17:37:49 CST 2017
Logic Version	S9_V2.54
BMminer Version	
Uptime	5
Load Average	0.03, 0.02, 0.01
Memory
Total Available	
26476 kB / 495632 kB (5%)
Free	
469156 kB / 495632 kB (95%)
Cached	
0 kB / 495632 kB (0%)
Buffered	
0 kB / 495632 kB (0%)
Network
IP Status	

eth0	Type: DHCP
Address: 192.168.128.206
Netmask: 255.255.255.0


==== Monitor

Mem: 28876K used, 466756K free, 0K shrd, 837488K buff, 837536K cached
CPU:  0.0% usr  0.0% sys  0.0% nic  100% idle  0.0% io  0.0% irq  0.0% sirq
Load average: 0.00 0.01 0.01 1/53 1958
PID  PPID USER     STAT   VSZ %VSZ CPU %CPU COMMAND
1957  1956 root     R     2836  0.5   1  0.0 top -b -n 1
1512     1 root     S    62184 12.5   0  0.0 single-board-test
1279     1 root     S     4096  0.8   0  0.0 /usr/bin/monitor-recobtn /usr/bin/factory_config_reset.sh
1350     1 root     S     3084  0.6   1  0.0 /usr/bin/ntpd -p /var/run/ntp.pid -g
1290     1 root     S     2840  0.5   0  0.0 /sbin/getty 115200 ttyPS0
1291     1 root     S     2840  0.5   0  0.0 /sbin/getty 38400 tty1
1292     1 root     S     2836  0.5   1  0.0 {monitorcg} /bin/sh /sbin/monitorcg
1601     1 root     S     2836  0.5   0  0.0 udhcpc -b -t 10 -A 10 -x hostname crs-s9-w8-5C:B1:5B:46:71:79 -i eth0
1956  1251 root     S     2836  0.5   0  0.0 /bin/sh /www/pages/cgi-bin/monitor.cgi
1958  1956 root     S     2836  0.5   0  0.0 /bin/sh /www/pages/cgi-bin/monitor.cgi
1251     1 root     S     2776  0.5   0  0.0 /usr/sbin/lighttpd -f /etc/lighttpd.conf
1497  1292 root     S     2704  0.5   1  0.0 sleep 20m
1608     1 avahi    S     2612  0.5   1  0.0 avahi-daemon: running [crs-s9-w8-5CB15B467179.local]
1609  1608 avahi    S     2612  0.5   0  0.0 avahi-daemon: chroot helper
1232     1 root     S     2092  0.4   1  0.0 /usr/sbin/dropbear -r /config/dropbear_rsa_host_key -p 22
1     0 root     S     1688  0.3   1  0.0 init [5]
1110     1 root     S     1676  0.3   0  0.0 /usr/bin/monitor-ipsig
345     2 root     SW       0  0.0   1  0.0 [kworker/1:1]
1197     2 root     SW       0  0.0   0  0.0 [kworker/0:2]
7     2 root     SW       0  0.0   1  0.0 [rcu_preempt]
6     2 root     SW       0  0.0   0  0.0 [kworker/u4:0]
1080     2 root     SW       0  0.0   1  0.0 [ubi_bgt0d]
18     2 root     SW       0  0.0   1  0.0 [kdevtmpfs]
2     0 root     SW       0  0.0   1  0.0 [kthreadd]
3     2 root     SW       0  0.0   0  0.0 [ksoftirqd/0]
5     2 root     SW<      0  0.0   0  0.0 [kworker/0:0H]
8     2 root     SW       0  0.0   0  0.0 [rcu_sched]
9     2 root     SW       0  0.0   0  0.0 [rcu_bh]
10     2 root     SW       0  0.0   0  0.0 [migration/0]
11     2 root     SW       0  0.0   0  0.0 [watchdog/0]
12     2 root     SW       0  0.0   1  0.0 [watchdog/1]
13     2 root     SW       0  0.0   1  0.0 [migration/1]
14     2 root     SW       0  0.0   1  0.0 [ksoftirqd/1]
16     2 root     SW<      0  0.0   1  0.0 [kworker/1:0H]
17     2 root     SW<      0  0.0   1  0.0 [khelper]
218     2 root     SW<      0  0.0   0  0.0 [writeback]
220     2 root     SW<      0  0.0   1  0.0 [bioset]
222     2 root     SW<      0  0.0   1  0.0 [kblockd]
238     2 root     SW       0  0.0   0  0.0 [khubd]
253     2 root     SW<      0  0.0   0  0.0 [edac-poller]
344     2 root     SW<      0  0.0   0  0.0 [rpciod]
355     2 root     SW       0  0.0   1  0.0 [khungtaskd]
360     2 root     SW       0  0.0   0  0.0 [kswapd0]
361     2 root     SW       0  0.0   0  0.0 [fsnotify_mark]
362     2 root     SW<      0  0.0   1  0.0 [nfsiod]
993     2 root     SW       0  0.0   0  0.0 [kworker/0:1]
1004     2 root     SW<      0  0.0   0  0.0 [xemacps]
1019     2 root     SW<      0  0.0   0  0.0 [kpsmoused]
1075     2 root     SW<      0  0.0   0  0.0 [deferwq]
1082     2 root     SW       0  0.0   0  0.0 [ubifs_bgt0_0]
1135     2 root     SW       0  0.0   0  0.0 [kworker/u4:2]
1302     2 root     SW       0  0.0   1  0.0 [kworker/1:2]


==== Kernel Log

[    0.000000] Booting Linux on physical CPU 0x0
[    0.000000] Linux version 3.14.0-xilinx-ge8a2f71-dirty (lzq@armdev2) (gcc version 4.8.3 20140320 (prerelease) (Sourcery CodeBench Lite 2014.05-23) ) #82 SMP PREEMPT Tue May 16 19:49:53 CST 2017
[    0.000000] CPU: ARMv7 Processor [413fc090] revision 0 (ARMv7), cr=18c5387d
[    0.000000] CPU: PIPT / VIPT nonaliasing data cache, VIPT aliasing instruction cache
[    0.000000] Machine model: Xilinx Zynq
[    0.000000] cma: CMA: reserved 128 MiB at 16800000
[    0.000000] Memory policy: Data cache writealloc
[    0.000000] On node 0 totalpages: 126976
[    0.000000] free_area_init_node: node 0, pgdat c0740a40, node_mem_map debd8000
[    0.000000]   Normal zone: 992 pages used for memmap
[    0.000000]   Normal zone: 0 pages reserved
[    0.000000]   Normal zone: 126976 pages, LIFO batch:31
[    0.000000] PERCPU: Embedded 8 pages/cpu @debc1000 s9088 r8192 d15488 u32768
[    0.000000] pcpu-alloc: s9088 r8192 d15488 u32768 alloc=8*4096
[    0.000000] pcpu-alloc: [0] 0 [0] 1 
[    0.000000] Built 1 zonelists in Zone order, mobility grouping on.  Total pages: 125984
[    0.000000] Kernel command line: noinitrd mem=496M console=ttyPS0,115200 root=ubi0:rootfs ubi.mtd=1 rootfstype=ubifs rw rootwait
[    0.000000] PID hash table entries: 2048 (order: 1, 8192 bytes)
[    0.000000] Dentry cache hash table entries: 65536 (order: 6, 262144 bytes)
[    0.000000] Inode-cache hash table entries: 32768 (order: 5, 131072 bytes)
[    0.000000] Memory: 364356K/507904K available (5032K kernel code, 283K rwdata, 1916K rodata, 204K init, 258K bss, 143548K reserved, 0K highmem)
[    0.000000] Virtual kernel memory layout:
[    0.000000]     vector  : 0xffff0000 - 0xffff1000   (   4 kB)
[    0.000000]     fixmap  : 0xfff00000 - 0xfffe0000   ( 896 kB)
[    0.000000]     vmalloc : 0xdf800000 - 0xff000000   ( 504 MB)
[    0.000000]     lowmem  : 0xc0000000 - 0xdf000000   ( 496 MB)
[    0.000000]     pkmap   : 0xbfe00000 - 0xc0000000   (   2 MB)
[    0.000000]     modules : 0xbf000000 - 0xbfe00000   (  14 MB)
[    0.000000]       .text : 0xc0008000 - 0xc06d1374   (6949 kB)
[    0.000000]       .init : 0xc06d2000 - 0xc0705380   ( 205 kB)
[    0.000000]       .data : 0xc0706000 - 0xc074cf78   ( 284 kB)
[    0.000000]        .bss : 0xc074cf84 - 0xc078d9fc   ( 259 kB)
[    0.000000] Preemptible hierarchical RCU implementation.
[    0.000000] 	Dump stacks of tasks blocking RCU-preempt GP.
[    0.000000] 	RCU restricting CPUs from NR_CPUS=4 to nr_cpu_ids=2.
[    0.000000] RCU: Adjusting geometry for rcu_fanout_leaf=16, nr_cpu_ids=2
[    0.000000] NR_IRQS:16 nr_irqs:16 16
[    0.000000] ps7-slcr mapped to df802000
[    0.000000] zynq_clock_init: clkc starts at df802100
[    0.000000] Zynq clock init
[    0.000015] sched_clock: 64 bits at 333MHz, resolution 3ns, wraps every 3298534883328ns
[    0.000309] ps7-ttc #0 at df804000, irq=43
[    0.000620] Console: colour dummy device 80x30
[    0.000651] Calibrating delay loop... 1325.46 BogoMIPS (lpj=6627328)
[    0.040212] pid_max: default: 32768 minimum: 301
[    0.040434] Mount-cache hash table entries: 1024 (order: 0, 4096 bytes)
[    0.040455] Mountpoint-cache hash table entries: 1024 (order: 0, 4096 bytes)
[    0.042586] CPU: Testing write buffer coherency: ok
[    0.042922] CPU0: thread -1, cpu 0, socket 0, mpidr 80000000
[    0.042982] Setting up static identity map for 0x4c4b00 - 0x4c4b58
[    0.043208] L310 cache controller enabled
[    0.043228] l2x0: 8 ways, CACHE_ID 0x410000c8, AUX_CTRL 0x72760000, Cache size: 512 kB
[    0.121038] CPU1: Booted secondary processor
[    0.210231] CPU1: thread -1, cpu 1, socket 0, mpidr 80000001
[    0.210364] Brought up 2 CPUs
[    0.210383] SMP: Total of 2 processors activated.
[    0.210392] CPU: All CPU(s) started in SVC mode.
[    0.211083] devtmpfs: initialized
[    0.213484] VFP support v0.3: implementor 41 architecture 3 part 30 variant 9 rev 4
[    0.214695] regulator-dummy: no parameters
[    0.222372] NET: Registered protocol family 16
[    0.224658] DMA: preallocated 256 KiB pool for atomic coherent allocations
[    0.226953] cpuidle: using governor ladder
[    0.226966] cpuidle: using governor menu
[    0.234406] syscon f8000000.ps7-slcr: regmap [mem 0xf8000000-0xf8000fff] registered
[    0.235923] hw-breakpoint: found 5 (+1 reserved) breakpoint and 1 watchpoint registers.
[    0.235936] hw-breakpoint: maximum watchpoint size is 4 bytes.
[    0.236051] zynq-ocm f800c000.ps7-ocmc: ZYNQ OCM pool: 256 KiB @ 0xdf880000
[    0.257875] bio: create slab <bio-0> at 0
[    0.259299] vgaarb: loaded
[    0.259997] SCSI subsystem initialized
[    0.261715] usbcore: registered new interface driver usbfs
[    0.261906] usbcore: registered new interface driver hub
[    0.262136] usbcore: registered new device driver usb
[    0.262672] media: Linux media interface: v0.10
[    0.262830] Linux video capture interface: v2.00
[    0.263078] pps_core: LinuxPPS API ver. 1 registered
[    0.263089] pps_core: Software ver. 5.3.6 - Copyright 2005-2007 Rodolfo Giometti <giometti@linux.it>
[    0.263213] PTP clock support registered
[    0.263569] EDAC MC: Ver: 3.0.0
[    0.264620] Advanced Linux Sound Architecture Driver Initialized.
[    0.267441] DMA-API: preallocated 4096 debug entries
[    0.267456] DMA-API: debugging enabled by kernel config
[    0.267532] Switched to clocksource arm_global_timer
[    0.288068] NET: Registered protocol family 2
[    0.288737] TCP established hash table entries: 4096 (order: 2, 16384 bytes)
[    0.288793] TCP bind hash table entries: 4096 (order: 3, 32768 bytes)
[    0.288878] TCP: Hash tables configured (established 4096 bind 4096)
[    0.288922] TCP: reno registered
[    0.288940] UDP hash table entries: 256 (order: 1, 8192 bytes)
[    0.288972] UDP-Lite hash table entries: 256 (order: 1, 8192 bytes)
[    0.289207] NET: Registered protocol family 1
[    0.289559] RPC: Registered named UNIX socket transport module.
[    0.289572] RPC: Registered udp transport module.
[    0.289580] RPC: Registered tcp transport module.
[    0.289588] RPC: Registered tcp NFSv4.1 backchannel transport module.
[    0.289601] PCI: CLS 0 bytes, default 64
[    0.290036] hw perfevents: enabled with ARMv7 Cortex-A9 PMU driver, 7 counters available
[    0.292064] futex hash table entries: 512 (order: 3, 32768 bytes)
[    0.294171] jffs2: version 2.2. (NAND) Â© 2001-2006 Red Hat, Inc.
[    0.294366] msgmni has been set to 967
[    0.295155] io scheduler noop registered
[    0.295169] io scheduler deadline registered
[    0.295215] io scheduler cfq registered (default)
[    0.307301] dma-pl330 f8003000.ps7-dma: Loaded driver for PL330 DMAC-2364208
[    0.307320] dma-pl330 f8003000.ps7-dma: 	DBUFF-128x8bytes Num_Chans-8 Num_Peri-4 Num_Events-16
[    0.431225] e0001000.serial: ttyPS0 at MMIO 0xe0001000 (irq = 82, base_baud = 3124999) is a xuartps
[    0.999094] console [ttyPS0] enabled
[    1.003336] xdevcfg f8007000.ps7-dev-cfg: ioremap 0xf8007000 to df866000
[    1.010991] [drm] Initialized drm 1.1.0 20060810
[    1.027979] brd: module loaded
[    1.037256] loop: module loaded
[    1.046743] e1000e: Intel(R) PRO/1000 Network Driver - 2.3.2-k
[    1.052868] e1000e: Copyright(c) 1999 - 2013 Intel Corporation.
[    1.060825] libphy: XEMACPS mii bus: probed
[    1.065197] ------------- phy_id = 0x3625e62
[    1.069946] xemacps e000b000.ps7-ethernet: pdev->id -1, baseaddr 0xe000b000, irq 54
[    1.078549] ehci_hcd: USB 2.0 'Enhanced' Host Controller (EHCI) Driver
[    1.085171] ehci-pci: EHCI PCI platform driver
[    1.092432] zynq-dr e0002000.ps7-usb: Unable to init USB phy, missing?
[    1.099281] usbcore: registered new interface driver usb-storage
[    1.106127] mousedev: PS/2 mouse device common for all mice
[    1.112247] i2c /dev entries driver
[    1.119258] zynq-edac f8006000.ps7-ddrc: ecc not enabled
[    1.124744] cpufreq_cpu0: failed to get cpu0 regulator: -19
[    1.130674] Xilinx Zynq CpuIdle Driver started
[    1.135518] sdhci: Secure Digital Host Controller Interface driver
[    1.141675] sdhci: Copyright(c) Pierre Ossman
[    1.145955] sdhci-pltfm: SDHCI platform and OF driver helper
[    1.152778] mmc0: no vqmmc regulator found
[    1.156791] mmc0: no vmmc regulator found
[    1.197552] mmc0: SDHCI controller on e0100000.ps7-sdio [e0100000.ps7-sdio] using ADMA
[    1.206237] usbcore: registered new interface driver usbhid
[    1.211742] usbhid: USB HID core driver
[    1.216456] nand: device found, Manufacturer ID: 0x2c, Chip ID: 0xda
[    1.222748] nand: Micron MT29F2G08ABAEAWP
[    1.226717] nand: 256MiB, SLC, page size: 2048, OOB size: 64
[    1.232657] Bad block table found at page 131008, version 0x01
[    1.238883] Bad block table found at page 130944, version 0x01
[    1.244936] 3 ofpart partitions found on MTD device pl353-nand
[    1.250715] Creating 3 MTD partitions on "pl353-nand":
[    1.255811] 0x000000000000-0x000002000000 : "BOOT.bin-env-dts-kernel"
[    1.263863] 0x000002000000-0x00000b000000 : "angstram-rootfs"
[    1.271170] 0x00000b000000-0x000010000000 : "upgrade-rootfs"
[    1.280140] TCP: cubic registered
[    1.283372] NET: Registered protocol family 17
[    1.288088] Registering SWP/SWPB emulation handler
[    1.293966] regulator-dummy: disabling
[    1.298305] UBI: attaching mtd1 to ubi0
[    1.824974] UBI: scanning is finished
[    1.836651] UBI: attached mtd1 (name "angstram-rootfs", size 144 MiB) to ubi0
[    1.843727] UBI: PEB size: 131072 bytes (128 KiB), LEB size: 126976 bytes
[    1.850488] UBI: min./max. I/O unit sizes: 2048/2048, sub-page size 2048
[    1.857153] UBI: VID header offset: 2048 (aligned 2048), data offset: 4096
[    1.864031] UBI: good PEBs: 1152, bad PEBs: 0, corrupted PEBs: 0
[    1.870011] UBI: user volume: 1, internal volumes: 1, max. volumes count: 128
[    1.877118] UBI: max/mean erase counter: 2/0, WL threshold: 4096, image sequence number: 1283732989
[    1.886161] UBI: available PEBs: 0, total reserved PEBs: 1152, PEBs reserved for bad PEB handling: 40
[    1.895378] UBI: background thread "ubi_bgt0d" started, PID 1080
[    1.895383] drivers/rtc/hctosys.c: unable to open rtc device (rtc0)
[    1.899332] ALSA device list:
[    1.899336]   No soundcards found.
[    1.915708] UBIFS: background thread "ubifs_bgt0_0" started, PID 1082
[    1.944701] UBIFS: recovery needed
[    2.035622] UBIFS: recovery completed
[    2.039307] UBIFS: mounted UBI device 0, volume 0, name "rootfs"
[    2.045229] UBIFS: LEB size: 126976 bytes (124 KiB), min./max. I/O unit sizes: 2048 bytes/2048 bytes
[    2.054393] UBIFS: FS size: 128626688 bytes (122 MiB, 1013 LEBs), journal size 9023488 bytes (8 MiB, 72 LEBs)
[    2.064250] UBIFS: reserved for root: 0 bytes (0 KiB)
[    2.069288] UBIFS: media format: w4/r0 (latest is w4/r0), UUID C72F8006-6DFF-46BA-BBE9-380960A89F92, small LPT model
[    2.080804] VFS: Mounted root (ubifs filesystem) on device 0:11.
[    2.088239] devtmpfs: mounted
[    2.091351] Freeing unused kernel memory: 204K (c06d2000 - c0705000)
[    2.932983] random: dd urandom read with 0 bits of entropy available
[    3.327553] 
[    3.327553] bcm54xx_config_init
[    3.937581] 
[    3.937581] bcm54xx_config_init
[    7.938401] xemacps e000b000.ps7-ethernet: Set clk to 124999998 Hz
[    7.944505] xemacps e000b000.ps7-ethernet: link up (1000/FULL)
[   25.762872] In axi fpga driver!
[   25.765944] request_mem_region OK!
[   25.769381] AXI fpga dev virtual address is 0xdf9fc000
[   25.774442] *base_vir_addr = 0x8c510
[   25.790037] In fpga mem driver!
[   25.793103] request_mem_region OK!
[   25.796665] fpga mem virtual address is 0xe2000000
[   26.596985] 
[   26.596985] bcm54xx_config_init
[   27.226932] 
[   27.226932] bcm54xx_config_init
[   31.227390] xemacps e000b000.ps7-ethernet: Set clk to 124999998 Hz
[   31.233494] xemacps e000b000.ps7-ethernet: link up (1000/FULL)
[  172.762269] 
[  172.762269] bcm54xx_config_init
[  176.762719] xemacps e000b000.ps7-ethernet: Set clk to 124999998 Hz
[  176.768823] xemacps e000b000.ps7-ethernet: link up (1000/FULL)
This is XILINX board. Totalram:       507527168
Detect 512MB control board of XILINX
Find Force Freq=600 will search Freq again!
DETECT HW version=0008c510
miner ID : 807cc50c68808814
config file found, will disable freq setting.
Miner Type = S9
AsicType = 1387
real AsicNum = 63
Find /tmp/searcherror: F:1  The last log is below:
This is XILINX board. Totalram:       507527168
Detect 512MB control board of XILINX
Find Force Freq=600 will search Freq again!
DETECT HW version=0008c510
miner ID : 807cc50c68808814
config file found, will disable freq setting.
Miner Type = S9
AsicType = 1387
real AsicNum = 63
use critical mode to search freq...
get PLUG ON=0x000000e0
Find hashboard on Chain[5]
Find hashboard on Chain[6]
Find hashboard on Chain[7]
set_reset_allhashboard = 0x0000ffff
Check chain[5] PIC fw version=0x03
Check chain[6] PIC fw version=0x03
Check chain[7] PIC fw version=0x03
chain[5]: [63:255] [63:255] [63:255] [63:255] [63:255] [63:255] [63:255] [63:255]
Start search freq on chain[5]...
Check chain[5] PIC fw version=0x03
chain[6]: [63:255] [63:255] [63:255] [63:255] [63:255] [63:255] [63:255] [63:255]
Start search freq on chain[6]...
Check chain[6] PIC fw version=0x03
chain[7]: [63:255] [63:255] [63:255] [63:255] [63:255] [63:255] [63:255] [63:255]
Start search freq on chain[7]...
Check chain[7] PIC fw version=0x03
get PIC voltage=91 on chain[5], value=890
get PIC voltage=6 on chain[6], value=940
get PIC voltage=6 on chain[7], value=940
set voltage=870 search freq on chain[5]
now set pic voltage=125 on chain[5]
set voltage=870 search freq on chain[6]
now set pic voltage=125 on chain[6]
set voltage=870 search freq on chain[7]
now set pic voltage=125 on chain[7]
enable_pic_dac on chain[5]
enable_pic_dac on chain[6]
enable_pic_dac on chain[7]
set_reset_allhashboard = 0x00000000
chain[5] temp offset record: 62,-4,0,0,0,0,33,0
chain[5] temp chip I2C addr=0x98
chain[6] temp offset record: 62,-5,0,0,0,0,33,0
chain[6] temp chip I2C addr=0x98
chain[7] temp offset record: 62,-4,0,0,0,0,33,0
chain[7] temp chip I2C addr=0x98
set_reset_allhashboard = 0x0000ffff
set_reset_allhashboard = 0x00000000
CRC error counter=0
set command mode to VIL

--- check asic number
check chain[5]: asicNum = 63
check chain[6]: asicNum = 63
check chain[7]: asicNum = 63
After Get ASIC NUM CRC error counter=0
set_baud=0
SEARCH_FREQ_TEST_LEVEL mode set freq=650 voltage=870 on chain[5]
SEARCH_FREQ_TEST_LEVEL mode set freq=650 voltage=870 on chain[6]
SEARCH_FREQ_TEST_LEVEL mode set freq=650 voltage=870 on chain[7]
The min freq=650
set real timeout 56, need sleep=408576
start send works on chain[5]
start send works on chain[6]
start send works on chain[7]
get send work num :57456 on Chain[5]
get send work num :57456 on Chain[6]
get send work num :57456 on Chain[7]
wait recv nonce on chain[5]
wait recv nonce on chain[6]
wait recv nonce on chain[7]
get nonces on chain[5]
require nonce number:912
require validnonce number:57456


freq[00]=650	freq[01]=650	freq[02]=650	freq[03]=650	freq[04]=650	freq[05]=650	freq[06]=650	freq[07]=650	
freq[08]=650	freq[09]=650	freq[10]=650	freq[11]=650	freq[12]=650	freq[13]=650	freq[14]=650	freq[15]=650	
freq[16]=650	freq[17]=650	freq[18]=650	freq[19]=650	freq[20]=650	freq[21]=650	freq[22]=650	freq[23]=650	
freq[24]=650	freq[25]=650	freq[26]=650	freq[27]=650	freq[28]=650	freq[29]=650	freq[30]=650	freq[31]=650	
freq[32]=650	freq[33]=650	freq[34]=650	freq[35]=650	freq[36]=650	freq[37]=650	freq[38]=650	freq[39]=650	
freq[40]=650	freq[41]=650	freq[42]=650	freq[43]=650	freq[44]=650	freq[45]=650	freq[46]=650	freq[47]=650	
freq[48]=650	freq[49]=650	freq[50]=650	freq[51]=650	freq[52]=650	freq[53]=650	freq[54]=650	freq[55]=650	
freq[56]=650	freq[57]=650	freq[58]=650	freq[59]=650	freq[60]=650	freq[61]=650	freq[62]=650	

total valid nonce number:55640
total send work number:57456
require valid nonce number:57456
repeated_nonce_num:0
err_nonce_num:13583
last_nonce_num:2909
get nonces on chain[6]
require nonce number:912
require validnonce number:57456


freq[00]=650	freq[01]=650	freq[02]=650	freq[03]=650	freq[04]=650	freq[05]=650	freq[06]=650	freq[07]=650	
freq[08]=650	freq[09]=650	freq[10]=650	freq[11]=650	freq[12]=650	freq[13]=650	freq[14]=650	freq[15]=650	
freq[16]=650	freq[17]=650	freq[18]=650	freq[19]=650	freq[20]=650	freq[21]=650	freq[22]=650	freq[23]=650	
freq[24]=650	freq[25]=650	freq[26]=650	freq[27]=650	freq[28]=650	freq[29]=650	freq[30]=650	freq[31]=650	
freq[32]=650	freq[33]=650	freq[34]=650	freq[35]=650	freq[36]=650	freq[37]=650	freq[38]=650	freq[39]=650	
freq[40]=650	freq[41]=650	freq[42]=650	freq[43]=650	freq[44]=650	freq[45]=650	freq[46]=650	freq[47]=650	
freq[48]=650	freq[49]=650	freq[50]=650	freq[51]=650	freq[52]=650	freq[53]=650	freq[54]=650	freq[55]=650	
freq[56]=650	freq[57]=650	freq[58]=650	freq[59]=650	freq[60]=650	freq[61]=650	freq[62]=650	

total valid nonce number:51966
total send work number:57456
require valid nonce number:57456
repeated_nonce_num:0
err_nonce_num:12776
last_nonce_num:3063
get nonces on chain[7]
require nonce number:912
require validnonce number:57456


freq[00]=650	freq[01]=650	freq[02]=650	freq[03]=650	freq[04]=650	freq[05]=650	freq[06]=650	freq[07]=650	
freq[08]=650	freq[09]=650	freq[10]=650	freq[11]=650	freq[12]=650	freq[13]=650	freq[14]=650	freq[15]=650	
freq[16]=650	freq[17]=650	freq[18]=650	freq[19]=650	freq[20]=650	freq[21]=650	freq[22]=650	freq[23]=650	
freq[24]=650	freq[25]=650	freq[26]=650	freq[27]=650	freq[28]=650	freq[29]=650	freq[30]=650	freq[31]=650	
freq[32]=650	freq[33]=650	freq[34]=650	freq[35]=650	freq[36]=650	freq[37]=650	freq[38]=650	freq[39]=650	
freq[40]=650	freq[41]=650	freq[42]=650	freq[43]=650	freq[44]=650	freq[45]=650	freq[46]=650	freq[47]=650	
freq[48]=650	freq[49]=650	freq[50]=650	freq[51]=650	freq[52]=650	freq[53]=650	freq[54]=650	freq[55]=650	
freq[56]=650	freq[57]=650	freq[58]=650	freq[59]=650	freq[60]=650	freq[61]=650	freq[62]=650	

total valid nonce number:57339
total send work number:57456
require valid nonce number:57456
repeated_nonce_num:0
err_nonce_num:14005
last_nonce_num:3001
checkBoardState chain[5] rate=4147 bad_chip_num=7 lowest rate=4666 ret=1
checkBoardState chain[6] rate=3679 bad_chip_num=13 lowest rate=4666 ret=1
checkBoardState chain[7] rate=4586 bad_chip_num=1 lowest rate=4666 ret=0
Detect Higher Rate = 4586 > 0 on chain[7] freq=650 voltage=870
After TEST CRC error counter=0
check FAN Speed: fan[2] speed=5880
check FAN Speed Error: fan[4] speed=600

==== Miner Status

Miner Status
Summary
Elapsed	GH/S(RT)	GH/S(avg)	FoundBlocks	LocalWork	Utility	WU	BestShare
0.0
0.0
0
0
0
0.0
0
Pools
Pool	URL	User	Status	Diff	GetWorks	Priority	Accepted	Diff1#	DiffA#	DiffR#	DiffS#	Rejected	Discarded	Stale	LSDiff	LSTime
AntMiner
Chain#	ASIC#	Frequency(avg)	GH/S(ideal)	GH/S(RT)	HW	Temp(Chip1)	Temp(Chip2)	ASIC status
Fan#	Fan1	Fan2	Fan3	Fan4	Fan5	Fan6	Fan7	Fan8
Speed (r/min)	0	0	0	0	0	0	0	0
