Miner Type	Antminer S9
Hostname	crs-s9-w11-00:BA:74:51:34:1C
Model	GNU/Linux
Hardware Version	16.8.1.3
Kernel Version	Linux 3.14.0-xilinx-ge8a2f71-dirty #82 SMP PREEMPT Tue May 16 19:49:53 CST 2017
File System Version	Fri Nov 17 17:57:49 CST 2017
Logic Version	S9_V2.55
BMminer Version	2.0.0
Uptime	9
Load Average	0.27, 0.08, 0.04
Memory
Total Available	
51084 kB / 495632 kB (10%)
Free	
444548 kB / 495632 kB (90%)
Cached	
0 kB / 495632 kB (0%)
Buffered	
0 kB / 495632 kB (0%)
Network
IP Status	

eth0	Type: DHCP
Address: 192.168.128.249
Netmask: 255.255.255.0

==== Monitor

Mem: 55908K used, 439724K free, 0K shrd, 837656K buff, 837704K cached
CPU:  0.0% usr  5.0% sys  0.0% nic 95.0% idle  0.0% io  0.0% irq  0.0% sirq
Load average: 0.16 0.19 0.16 1/71 30890
PID  PPID USER     STAT   VSZ %VSZ CPU %CPU COMMAND
2191     1 root     S <   173m 35.7   0  2.5 /usr/bin/bmminer --version-file /usr/bin/compile_time --api-listen --default-config /config/bmminer.conf
30792 30787 root     R     2836  0.5   0  2.5 top -b -n 1
2058     1 root     S    62184 12.5   1  0.0 single-board-test
1401     1 root     S     6020  1.2   1  0.0 /usr/bin/monitor-recobtn /usr/bin/factory_config_reset.sh
1460     1 root     S     3084  0.6   1  0.0 /usr/bin/ntpd -p /var/run/ntp.pid -g
6829   406 root     S     2840  0.5   0  0.0 -sh
1409     1 root     S     2840  0.5   0  0.0 /sbin/getty 115200 ttyPS0
1410     1 root     S     2840  0.5   1  0.0 /sbin/getty 38400 tty1
1411     1 root     S     2836  0.5   1  0.0 {monitorcg} /bin/sh /sbin/monitorcg
2378     1 root     S     2836  0.5   1  0.0 udhcpc -b -t 10 -A 10 -x hostname crs-s9-w11-00:BA:74:51:34:1C -i eth0
30787  1373 root     S     2836  0.5   1  0.0 /bin/sh /www/pages/cgi-bin/monitor.cgi
30794 30787 root     S     2836  0.5   1  0.0 /bin/sh /www/pages/cgi-bin/monitor.cgi
1373     1 root     S     2776  0.5   0  0.0 /usr/sbin/lighttpd -f /etc/lighttpd.conf
18970  1411 root     S     2704  0.5   1  0.0 sleep 20m
2388     1 avahi    S     2612  0.5   0  0.0 avahi-daemon: running [crs-s9-w11-00BA7451341C.local]
2389  2388 avahi    S     2612  0.5   0  0.0 avahi-daemon: chroot helper
406  1354 root     S     2552  0.5   1  0.0 /usr/sbin/dropbear -r /config/dropbear_rsa_host_key -p 22
1354     1 root     S     2092  0.4   1  0.0 /usr/sbin/dropbear -r /config/dropbear_rsa_host_key -p 22
1     0 root     S     1688  0.3   1  0.0 init [5]
1110     1 root     S     1676  0.3   0  0.0 /usr/bin/monitor-ipsig
7     2 root     SW       0  0.0   1  0.0 [rcu_preempt]
3     2 root     SW       0  0.0   0  0.0 [ksoftirqd/0]
14     2 root     SW       0  0.0   1  0.0 [ksoftirqd/1]
345     2 root     SW       0  0.0   1  0.0 [kworker/1:1]
1080     2 root     SW       0  0.0   0  0.0 [ubi_bgt0d]
1318     2 root     SW       0  0.0   0  0.0 [kworker/0:2]
2222     2 root     SW       0  0.0   0  0.0 [kworker/0:0]
1082     2 root     SW       0  0.0   1  0.0 [ubifs_bgt0_0]
10     2 root     SW       0  0.0   0  0.0 [migration/0]
13     2 root     SW       0  0.0   1  0.0 [migration/1]
19     2 root     SW       0  0.0   0  0.0 [kworker/u4:1]
11     2 root     SW       0  0.0   0  0.0 [watchdog/0]
12     2 root     SW       0  0.0   1  0.0 [watchdog/1]
18     2 root     SW       0  0.0   0  0.0 [kdevtmpfs]
2     0 root     SW       0  0.0   1  0.0 [kthreadd]
5     2 root     SW<      0  0.0   0  0.0 [kworker/0:0H]
8     2 root     SW       0  0.0   0  0.0 [rcu_sched]
9     2 root     SW       0  0.0   0  0.0 [rcu_bh]
15     2 root     SW       0  0.0   1  0.0 [kworker/1:0]
16     2 root     SW<      0  0.0   1  0.0 [kworker/1:0H]
17     2 root     SW<      0  0.0   1  0.0 [khelper]
218     2 root     SW<      0  0.0   0  0.0 [writeback]
220     2 root     SW<      0  0.0   0  0.0 [bioset]
222     2 root     SW<      0  0.0   1  0.0 [kblockd]
238     2 root     SW       0  0.0   0  0.0 [khubd]
253     2 root     SW<      0  0.0   0  0.0 [edac-poller]
344     2 root     SW<      0  0.0   0  0.0 [rpciod]
355     2 root     SW       0  0.0   1  0.0 [khungtaskd]
360     2 root     SW       0  0.0   0  0.0 [kswapd0]
361     2 root     SW       0  0.0   0  0.0 [fsnotify_mark]
362     2 root     SW<      0  0.0   1  0.0 [nfsiod]
1004     2 root     SW<      0  0.0   0  0.0 [xemacps]
1019     2 root     SW<      0  0.0   0  0.0 [kpsmoused]
1075     2 root     SW<      0  0.0   1  0.0 [deferwq]
2073     2 root     SW       0  0.0   1  0.0 [kworker/u4:0]

==== Kernel Log

[    0.000000] Booting Linux on physical CPU 0x0
[    0.000000] Linux version 3.14.0-xilinx-ge8a2f71-dirty (lzq@armdev2) (gcc version 4.8.3 20140320 (prerelease) (Sourcery CodeBench Lite 2014.05-23) ) #82 SMP PREEMPT Tue May 16 19:49:53 CST 2017
[    0.000000] CPU: ARMv7 Processor [413fc090] revision 0 (ARMv7), cr=18c5387d
[    0.000000] CPU: PIPT / VIPT nonaliasing data cache, VIPT aliasing instruction cache
[    0.000000] Machine model: Xilinx Zynq
[    0.000000] cma: CMA: reserved 128 MiB at 16800000
[    0.000000] Memory policy: Data cache writealloc
[    0.000000] On node 0 totalpages: 126976
[    0.000000] free_area_init_node: node 0, pgdat c0740a40, node_mem_map debd8000
[    0.000000]   Normal zone: 992 pages used for memmap
[    0.000000]   Normal zone: 0 pages reserved
[    0.000000]   Normal zone: 126976 pages, LIFO batch:31
[    0.000000] PERCPU: Embedded 8 pages/cpu @debc1000 s9088 r8192 d15488 u32768
[    0.000000] pcpu-alloc: s9088 r8192 d15488 u32768 alloc=8*4096
[    0.000000] pcpu-alloc: [0] 0 [0] 1 
[    0.000000] Built 1 zonelists in Zone order, mobility grouping on.  Total pages: 125984
[    0.000000] Kernel command line: noinitrd mem=496M console=ttyPS0,115200 root=ubi0:rootfs ubi.mtd=1 rootfstype=ubifs rw rootwait
[    0.000000] PID hash table entries: 2048 (order: 1, 8192 bytes)
[    0.000000] Dentry cache hash table entries: 65536 (order: 6, 262144 bytes)
[    0.000000] Inode-cache hash table entries: 32768 (order: 5, 131072 bytes)
[    0.000000] Memory: 364356K/507904K available (5032K kernel code, 283K rwdata, 1916K rodata, 204K init, 258K bss, 143548K reserved, 0K highmem)
[    0.000000] Virtual kernel memory layout:
[    0.000000]     vector  : 0xffff0000 - 0xffff1000   (   4 kB)
[    0.000000]     fixmap  : 0xfff00000 - 0xfffe0000   ( 896 kB)
[    0.000000]     vmalloc : 0xdf800000 - 0xff000000   ( 504 MB)
[    0.000000]     lowmem  : 0xc0000000 - 0xdf000000   ( 496 MB)
[    0.000000]     pkmap   : 0xbfe00000 - 0xc0000000   (   2 MB)
[    0.000000]     modules : 0xbf000000 - 0xbfe00000   (  14 MB)
[    0.000000]       .text : 0xc0008000 - 0xc06d1374   (6949 kB)
[    0.000000]       .init : 0xc06d2000 - 0xc0705380   ( 205 kB)
[    0.000000]       .data : 0xc0706000 - 0xc074cf78   ( 284 kB)
[    0.000000]        .bss : 0xc074cf84 - 0xc078d9fc   ( 259 kB)
[    0.000000] Preemptible hierarchical RCU implementation.
[    0.000000] 	Dump stacks of tasks blocking RCU-preempt GP.
[    0.000000] 	RCU restricting CPUs from NR_CPUS=4 to nr_cpu_ids=2.
[    0.000000] RCU: Adjusting geometry for rcu_fanout_leaf=16, nr_cpu_ids=2
[    0.000000] NR_IRQS:16 nr_irqs:16 16
[    0.000000] ps7-slcr mapped to df802000
[    0.000000] zynq_clock_init: clkc starts at df802100
[    0.000000] Zynq clock init
[    0.000014] sched_clock: 64 bits at 333MHz, resolution 3ns, wraps every 3298534883328ns
[    0.000311] ps7-ttc #0 at df804000, irq=43
[    0.000619] Console: colour dummy device 80x30
[    0.000651] Calibrating delay loop... 1325.46 BogoMIPS (lpj=6627328)
[    0.040207] pid_max: default: 32768 minimum: 301
[    0.040429] Mount-cache hash table entries: 1024 (order: 0, 4096 bytes)
[    0.040449] Mountpoint-cache hash table entries: 1024 (order: 0, 4096 bytes)
[    0.042579] CPU: Testing write buffer coherency: ok
[    0.042910] CPU0: thread -1, cpu 0, socket 0, mpidr 80000000
[    0.042970] Setting up static identity map for 0x4c4b00 - 0x4c4b58
[    0.043195] L310 cache controller enabled
[    0.043215] l2x0: 8 ways, CACHE_ID 0x410000c8, AUX_CTRL 0x72760000, Cache size: 512 kB
[    0.121034] CPU1: Booted secondary processor
[    0.210227] CPU1: thread -1, cpu 1, socket 0, mpidr 80000001
[    0.210360] Brought up 2 CPUs
[    0.210379] SMP: Total of 2 processors activated.
[    0.210387] CPU: All CPU(s) started in SVC mode.
[    0.211078] devtmpfs: initialized
[    0.213484] VFP support v0.3: implementor 41 architecture 3 part 30 variant 9 rev 4
[    0.214696] regulator-dummy: no parameters
[    0.222368] NET: Registered protocol family 16
[    0.224558] DMA: preallocated 256 KiB pool for atomic coherent allocations
[    0.226858] cpuidle: using governor ladder
[    0.226871] cpuidle: using governor menu
[    0.234327] syscon f8000000.ps7-slcr: regmap [mem 0xf8000000-0xf8000fff] registered
[    0.235850] hw-breakpoint: found 5 (+1 reserved) breakpoint and 1 watchpoint registers.
[    0.235864] hw-breakpoint: maximum watchpoint size is 4 bytes.
[    0.235980] zynq-ocm f800c000.ps7-ocmc: ZYNQ OCM pool: 256 KiB @ 0xdf880000
[    0.257775] bio: create slab <bio-0> at 0
[    0.259231] vgaarb: loaded
[    0.259938] SCSI subsystem initialized
[    0.260954] usbcore: registered new interface driver usbfs
[    0.261247] usbcore: registered new interface driver hub
[    0.261484] usbcore: registered new device driver usb
[    0.262003] media: Linux media interface: v0.10
[    0.262159] Linux video capture interface: v2.00
[    0.262401] pps_core: LinuxPPS API ver. 1 registered
[    0.262413] pps_core: Software ver. 5.3.6 - Copyright 2005-2007 Rodolfo Giometti <giometti@linux.it>
[    0.262536] PTP clock support registered
[    0.262888] EDAC MC: Ver: 3.0.0
[    0.263941] Advanced Linux Sound Architecture Driver Initialized.
[    0.266802] DMA-API: preallocated 4096 debug entries
[    0.266816] DMA-API: debugging enabled by kernel config
[    0.266895] Switched to clocksource arm_global_timer
[    0.287805] NET: Registered protocol family 2
[    0.288471] TCP established hash table entries: 4096 (order: 2, 16384 bytes)
[    0.288529] TCP bind hash table entries: 4096 (order: 3, 32768 bytes)
[    0.288614] TCP: Hash tables configured (established 4096 bind 4096)
[    0.288658] TCP: reno registered
[    0.288676] UDP hash table entries: 256 (order: 1, 8192 bytes)
[    0.288707] UDP-Lite hash table entries: 256 (order: 1, 8192 bytes)
[    0.288950] NET: Registered protocol family 1
[    0.289289] RPC: Registered named UNIX socket transport module.
[    0.289301] RPC: Registered udp transport module.
[    0.289310] RPC: Registered tcp transport module.
[    0.289318] RPC: Registered tcp NFSv4.1 backchannel transport module.
[    0.289331] PCI: CLS 0 bytes, default 64
[    0.289761] hw perfevents: enabled with ARMv7 Cortex-A9 PMU driver, 7 counters available
[    0.291772] futex hash table entries: 512 (order: 3, 32768 bytes)
[    0.293906] jffs2: version 2.2. (NAND) Â© 2001-2006 Red Hat, Inc.
[    0.294105] msgmni has been set to 967
[    0.294883] io scheduler noop registered
[    0.294896] io scheduler deadline registered
[    0.294935] io scheduler cfq registered (default)
[    0.305438] dma-pl330 f8003000.ps7-dma: Loaded driver for PL330 DMAC-2364208
[    0.305458] dma-pl330 f8003000.ps7-dma: 	DBUFF-128x8bytes Num_Chans-8 Num_Peri-4 Num_Events-16
[    0.428997] e0001000.serial: ttyPS0 at MMIO 0xe0001000 (irq = 82, base_baud = 3124999) is a xuartps
[    0.996573] console [ttyPS0] enabled
[    1.000831] xdevcfg f8007000.ps7-dev-cfg: ioremap 0xf8007000 to df866000
[    1.008470] [drm] Initialized drm 1.1.0 20060810
[    1.025465] brd: module loaded
[    1.034848] loop: module loaded
[    1.044279] e1000e: Intel(R) PRO/1000 Network Driver - 2.3.2-k
[    1.050160] e1000e: Copyright(c) 1999 - 2013 Intel Corporation.
[    1.058080] libphy: XEMACPS mii bus: probed
[    1.062448] ------------- phy_id = 0x3625e62
[    1.067492] xemacps e000b000.ps7-ethernet: pdev->id -1, baseaddr 0xe000b000, irq 54
[    1.076082] ehci_hcd: USB 2.0 'Enhanced' Host Controller (EHCI) Driver
[    1.082759] ehci-pci: EHCI PCI platform driver
[    1.090016] zynq-dr e0002000.ps7-usb: Unable to init USB phy, missing?
[    1.096807] usbcore: registered new interface driver usb-storage
[    1.103743] mousedev: PS/2 mouse device common for all mice
[    1.109857] i2c /dev entries driver
[    1.116778] zynq-edac f8006000.ps7-ddrc: ecc not enabled
[    1.122312] cpufreq_cpu0: failed to get cpu0 regulator: -19
[    1.128226] Xilinx Zynq CpuIdle Driver started
[    1.133061] sdhci: Secure Digital Host Controller Interface driver
[    1.139257] sdhci: Copyright(c) Pierre Ossman
[    1.143527] sdhci-pltfm: SDHCI platform and OF driver helper
[    1.150352] mmc0: no vqmmc regulator found
[    1.154363] mmc0: no vmmc regulator found
[    1.196934] mmc0: SDHCI controller on e0100000.ps7-sdio [e0100000.ps7-sdio] using ADMA
[    1.205658] usbcore: registered new interface driver usbhid
[    1.211162] usbhid: USB HID core driver
[    1.215890] nand: device found, Manufacturer ID: 0x2c, Chip ID: 0xda
[    1.222192] nand: Micron MT29F2G08ABAEAWP
[    1.226155] nand: 256MiB, SLC, page size: 2048, OOB size: 64
[    1.232090] Bad block table found at page 131008, version 0x01
[    1.238311] Bad block table found at page 130944, version 0x01
[    1.244363] 3 ofpart partitions found on MTD device pl353-nand
[    1.250143] Creating 3 MTD partitions on "pl353-nand":
[    1.255237] 0x000000000000-0x000002000000 : "BOOT.bin-env-dts-kernel"
[    1.263278] 0x000002000000-0x00000b000000 : "angstram-rootfs"
[    1.270597] 0x00000b000000-0x000010000000 : "upgrade-rootfs"
[    1.279570] TCP: cubic registered
[    1.282802] NET: Registered protocol family 17
[    1.287519] Registering SWP/SWPB emulation handler
[    1.293403] regulator-dummy: disabling
[    1.297740] UBI: attaching mtd1 to ubi0
[    1.607018] UBI: scanning is finished
[    1.627586] UBI: volume 0 ("rootfs") re-sized from 192 to 1108 LEBs
[    1.634678] UBI: attached mtd1 (name "angstram-rootfs", size 144 MiB) to ubi0
[    1.641752] UBI: PEB size: 131072 bytes (128 KiB), LEB size: 126976 bytes
[    1.648516] UBI: min./max. I/O unit sizes: 2048/2048, sub-page size 2048
[    1.655180] UBI: VID header offset: 2048 (aligned 2048), data offset: 4096
[    1.662058] UBI: good PEBs: 1152, bad PEBs: 0, corrupted PEBs: 0
[    1.668038] UBI: user volume: 1, internal volumes: 1, max. volumes count: 128
[    1.675146] UBI: max/mean erase counter: 1/0, WL threshold: 4096, image sequence number: 1134783803
[    1.684188] UBI: available PEBs: 0, total reserved PEBs: 1152, PEBs reserved for bad PEB handling: 40
[    1.693404] UBI: background thread "ubi_bgt0d" started, PID 1080
[    1.693410] drivers/rtc/hctosys.c: unable to open rtc device (rtc0)
[    1.697383] ALSA device list:
[    1.697387]   No soundcards found.
[    1.715934] UBIFS: background thread "ubifs_bgt0_0" started, PID 1082
[    1.853792] UBIFS: mounted UBI device 0, volume 0, name "rootfs"
[    1.859740] UBIFS: LEB size: 126976 bytes (124 KiB), min./max. I/O unit sizes: 2048 bytes/2048 bytes
[    1.868850] UBIFS: FS size: 128626688 bytes (122 MiB, 1013 LEBs), journal size 9023488 bytes (8 MiB, 72 LEBs)
[    1.878738] UBIFS: reserved for root: 0 bytes (0 KiB)
[    1.883770] UBIFS: media format: w4/r0 (latest is w4/r0), UUID B079DD56-06BB-4E31-8F5E-A6604F480DB2, small LPT model
[    1.945779] VFS: Mounted root (ubifs filesystem) on device 0:11.
[    2.048796] devtmpfs: mounted
[    2.051902] Freeing unused kernel memory: 204K (c06d2000 - c0705000)
[    3.318370] random: dd urandom read with 0 bits of entropy available
[    3.936940] 
[    3.936940] bcm54xx_config_init
[    4.716910] 
[    4.716910] bcm54xx_config_init
[   19.717767] xemacps e000b000.ps7-ethernet: Set clk to 124999998 Hz
[   19.723875] xemacps e000b000.ps7-ethernet: link up (1000/FULL)
[   36.368459] In axi fpga driver!
[   36.371526] request_mem_region OK!
[   36.374917] AXI fpga dev virtual address is 0xdf9fc000
[   36.380058] *base_vir_addr = 0x8c510
[   36.395889] In fpga mem driver!
[   36.399020] request_mem_region OK!
[   36.402538] fpga mem virtual address is 0xe2000000
[   37.186918] 
[   37.186918] bcm54xx_config_init
[   37.816934] 
[   37.816934] bcm54xx_config_init
[   41.817755] xemacps e000b000.ps7-ethernet: Set clk to 124999998 Hz
[   41.823861] xemacps e000b000.ps7-ethernet: link up (1000/FULL)
[  391.693961] 
[  391.693961] bcm54xx_config_init
[  395.694770] xemacps e000b000.ps7-ethernet: Set clk to 124999998 Hz
[  395.700884] xemacps e000b000.ps7-ethernet: link up (1000/FULL)
[  435.003948] 
[  435.003948] bcm54xx_config_init
[  439.004774] xemacps e000b000.ps7-ethernet: Set clk to 124999998 Hz
[  439.010878] xemacps e000b000.ps7-ethernet: link up (1000/FULL)
[  918.294026] random: nonblocking pool is initialized
This is XILINX board. Totalram:       507527168
Detect 512MB control board of XILINX
DETECT HW version=0008c510
miner ID : 802c4521207b8854
Miner Type = S9
AsicType = 1387
real AsicNum = 63
use critical mode to search freq...
get PLUG ON=0x000000e0
Find hashboard on Chain[5]
Find hashboard on Chain[6]
Find hashboard on Chain[7]
set_reset_allhashboard = 0x0000ffff
Check chain[5] PIC fw version=0x03
Check chain[6] PIC fw version=0x03
Check chain[7] PIC fw version=0x03
chain[5]: [63:255] [63:255] [63:255] [63:255] [63:255] [63:255] [63:255] [63:255]
has freq in PIC, will disable freq setting.
chain[5] has freq in PIC and will jump over...
Chain[5] has core num in PIC
Check chain[5] PIC fw version=0x03
chain[6]: [63:255] [63:255] [63:255] [63:255] [63:255] [63:255] [63:255] [63:255]
has freq in PIC, will disable freq setting.
chain[6] has freq in PIC and will jump over...
Chain[6] has core num in PIC
Chain[6] ASIC[38] has core num=2
Check chain[6] PIC fw version=0x03
chain[7]: [63:255] [63:255] [63:255] [63:255] [63:255] [63:255] [63:255] [63:255]
has freq in PIC, will disable freq setting.
chain[7] has freq in PIC and will jump over...
Chain[7] has core num in PIC
Chain[7] ASIC[4] has core num=2
Chain[7] ASIC[16] has core num=1
Chain[7] ASIC[52] has core num=15
Chain[7] ASIC[54] has core num=3
Chain[7] ASIC[62] has core num=15
Check chain[7] PIC fw version=0x03
get PIC voltage=74 on chain[5], value=900
get PIC voltage=74 on chain[6], value=900
get PIC voltage=74 on chain[7], value=900
set_reset_allhashboard = 0x00000000
chain[5] temp offset record: 62,0,0,0,0,0,35,28
chain[5] temp chip I2C addr=0x98
chain[5] has no middle temp, use special fix mode.
chain[6] temp offset record: 62,0,0,0,0,0,35,28
chain[6] temp chip I2C addr=0x98
chain[6] has no middle temp, use special fix mode.
chain[7] temp offset record: 62,0,0,0,0,0,35,28
chain[7] temp chip I2C addr=0x98
chain[7] has no middle temp, use special fix mode.
set_reset_allhashboard = 0x0000ffff
set_reset_allhashboard = 0x00000000
CRC error counter=0
set command mode to VIL

--- check asic number
After Get ASIC NUM CRC error counter=0
set_baud=0
The min freq=700
set real timeout 52, need sleep=379392
After TEST CRC error counter=0
set_reset_allhashboard = 0x0000ffff
set_reset_allhashboard = 0x00000000
search freq for 1 times, completed chain = 3, total chain num = 3 
set_reset_allhashboard = 0x0000ffff
set_reset_allhashboard = 0x00000000
restart Miner chance num=2
waiting for receive_func to exit!
waiting for pic heart to exit!
bmminer not found= 2187 root       0:00 grep bmminer

bmminer not found, restart bmminer ...
This is user mode for mining
Detect 512MB control board of XILINX
Miner Type = S9
Miner compile time: Fri Nov 17 17:57:49 CST 2017 type: Antminer S9set_reset_allhashboard = 0x0000ffff
set_reset_allhashboard = 0x00000000
set_reset_allhashboard = 0x0000ffff
miner ID : 802c4521207b8854
set_reset_allhashboard = 0x0000ffff
Checking fans!get fan[2] speed=6120
get fan[2] speed=6120
get fan[2] speed=6120
get fan[2] speed=6120
get fan[2] speed=6120
get fan[2] speed=6120
get fan[5] speed=5280
get fan[2] speed=6120
get fan[5] speed=5280
get fan[2] speed=6120
get fan[5] speed=5280
chain[5]: [63:255] [63:255] [63:255] [63:255] [63:255] [63:255] [63:255] [63:255]
Detect: use voltage limit rules on single board!
Detect: S9_63 use voltage level=1 : 1
Chain[J6] has backup chain_voltage=870
Check chain[5] PIC fw version=0x03
chain[6]: [63:255] [63:255] [63:255] [63:255] [63:255] [63:255] [63:255] [63:255]
Detect: use voltage limit rules on single board!
Detect: S9_63 use voltage level=1 : 1
Chain[J7] has backup chain_voltage=870
Check chain[6] PIC fw version=0x03
chain[7]: [63:255] [63:255] [63:255] [63:255] [63:255] [63:255] [63:255] [63:255]
Detect: use voltage limit rules on single board!
Detect: S9_63 use voltage level=1 : 1
Chain[J8] has backup chain_voltage=870
Check chain[7] PIC fw version=0x03
Chain[J6] orignal chain_voltage_pic=74 value=900
Chain[J6] will use backup chain_voltage_pic=870 [125]
Chain[J6] get working chain_voltage_pic=125
Chain[J7] orignal chain_voltage_pic=74 value=900
Chain[J7] will use backup chain_voltage_pic=870 [125]
Chain[J7] get working chain_voltage_pic=125
Chain[J8] orignal chain_voltage_pic=74 value=900
Chain[J8] will use backup chain_voltage_pic=870 [125]
Chain[J8] get working chain_voltage_pic=125
set_reset_allhashboard = 0x0000ffff
set_reset_allhashboard = 0x00000000
Chain[J6] has 63 asic
Chain[J7] has 63 asic
Chain[J8] has 63 asic
Chain[J6] has core num in PIC
Chain[J7] has core num in PIC
Chain[J7] ASIC[38] has core num=2
Chain[J8] has core num in PIC
Chain[J8] ASIC[4] has core num=2
Chain[J8] ASIC[16] has core num=1
Chain[J8] ASIC[52] has core num=15
Chain[J8] ASIC[54] has core num=3
Chain[J8] ASIC[62] has core num=15
miner total rate=14068GH/s fixed rate=14000GH/s
read PIC voltage=940 on chain[5]
Chain:5 chipnum=63
Chain[J6] voltage added=0.0V
Chain:5 temp offset=0
Chain:5 base freq=650
Asic[ 0]:650 
Asic[ 1]:650 Asic[ 2]:650 Asic[ 3]:650 Asic[ 4]:650 Asic[ 5]:650 Asic[ 6]:650 Asic[ 7]:650 Asic[ 8]:650 
Asic[ 9]:650 Asic[10]:650 Asic[11]:650 Asic[12]:650 Asic[13]:650 Asic[14]:650 Asic[15]:650 Asic[16]:650 
Asic[17]:650 Asic[18]:650 Asic[19]:650 Asic[20]:650 Asic[21]:650 Asic[22]:650 Asic[23]:650 Asic[24]:650 
Asic[25]:650 Asic[26]:650 Asic[27]:650 Asic[28]:650 Asic[29]:650 Asic[30]:650 Asic[31]:650 Asic[32]:650 
Asic[33]:650 Asic[34]:650 Asic[35]:650 Asic[36]:650 Asic[37]:650 Asic[38]:650 Asic[39]:650 Asic[40]:650 
Asic[41]:650 Asic[42]:650 Asic[43]:650 Asic[44]:650 Asic[45]:650 Asic[46]:650 Asic[47]:650 Asic[48]:650 
Asic[49]:650 Asic[50]:650 Asic[51]:650 Asic[52]:650 Asic[53]:650 Asic[54]:650 Asic[55]:650 Asic[56]:650 
Asic[57]:650 Asic[58]:650 Asic[59]:650 Asic[60]:650 Asic[61]:650 Asic[62]:650 
Chain:5 max freq=650
Chain:5 min freq=650

read PIC voltage=940 on chain[6]
Chain:6 chipnum=63
Chain[J7] voltage added=0.0V
Chain:6 temp offset=0
Chain:6 base freq=656
Asic[ 0]:656 
Asic[ 1]:656 Asic[ 2]:656 Asic[ 3]:656 Asic[ 4]:656 Asic[ 5]:656 Asic[ 6]:656 Asic[ 7]:656 Asic[ 8]:656 
Asic[ 9]:656 Asic[10]:656 Asic[11]:656 Asic[12]:656 Asic[13]:656 Asic[14]:656 Asic[15]:656 Asic[16]:656 
Asic[17]:656 Asic[18]:656 Asic[19]:656 Asic[20]:656 Asic[21]:656 Asic[22]:656 Asic[23]:656 Asic[24]:656 
Asic[25]:656 Asic[26]:656 Asic[27]:656 Asic[28]:656 Asic[29]:656 Asic[30]:656 Asic[31]:656 Asic[32]:656 
Asic[33]:656 Asic[34]:656 Asic[35]:656 Asic[36]:656 Asic[37]:656 Asic[38]:656 Asic[39]:656 Asic[40]:656 
Asic[41]:656 Asic[42]:656 Asic[43]:656 Asic[44]:656 Asic[45]:656 Asic[46]:656 Asic[47]:656 Asic[48]:656 
Asic[49]:656 Asic[50]:656 Asic[51]:656 Asic[52]:656 Asic[53]:656 Asic[54]:656 Asic[55]:656 Asic[56]:656 
Asic[57]:656 Asic[58]:656 Asic[59]:656 Asic[60]:656 Asic[61]:656 Asic[62]:656 
Chain:6 max freq=656
Chain:6 min freq=656

read PIC voltage=940 on chain[7]
Chain:7 chipnum=63
Chain[J8] voltage added=0.0V
Chain:7 temp offset=0
Chain:7 base freq=675
Asic[ 0]:675 
Asic[ 1]:675 Asic[ 2]:675 Asic[ 3]:675 Asic[ 4]:675 Asic[ 5]:675 Asic[ 6]:675 Asic[ 7]:675 Asic[ 8]:675 
Asic[ 9]:675 Asic[10]:675 Asic[11]:675 Asic[12]:675 Asic[13]:675 Asic[14]:675 Asic[15]:675 Asic[16]:675 
Asic[17]:675 Asic[18]:675 Asic[19]:675 Asic[20]:675 Asic[21]:675 Asic[22]:675 Asic[23]:675 Asic[24]:675 
Asic[25]:675 Asic[26]:675 Asic[27]:675 Asic[28]:675 Asic[29]:675 Asic[30]:675 Asic[31]:675 Asic[32]:675 
Asic[33]:675 Asic[34]:675 Asic[35]:675 Asic[36]:675 Asic[37]:675 Asic[38]:675 Asic[39]:675 Asic[40]:675 
Asic[41]:675 Asic[42]:675 Asic[43]:675 Asic[44]:675 Asic[45]:675 Asic[46]:675 Asic[47]:675 Asic[48]:675 
Asic[49]:675 Asic[50]:675 Asic[51]:675 Asic[52]:675 Asic[53]:675 Asic[54]:675 Asic[55]:675 Asic[56]:675 
Asic[57]:675 Asic[58]:675 Asic[59]:675 Asic[60]:675 Asic[61]:675 Asic[62]:675 
Chain:7 max freq=675
Chain:7 min freq=675


Miner fix freq ...
read PIC voltage=940 on chain[5]
Chain:5 chipnum=63
Chain[J6] voltage added=0.0V
Chain:5 temp offset=0
Chain:5 base freq=650
Asic[ 0]:650 
Asic[ 1]:650 Asic[ 2]:650 Asic[ 3]:650 Asic[ 4]:650 Asic[ 5]:650 Asic[ 6]:650 Asic[ 7]:650 Asic[ 8]:650 
Asic[ 9]:650 Asic[10]:650 Asic[11]:650 Asic[12]:650 Asic[13]:650 Asic[14]:650 Asic[15]:650 Asic[16]:650 
Asic[17]:650 Asic[18]:650 Asic[19]:650 Asic[20]:650 Asic[21]:650 Asic[22]:650 Asic[23]:650 Asic[24]:650 
Asic[25]:650 Asic[26]:650 Asic[27]:650 Asic[28]:650 Asic[29]:650 Asic[30]:650 Asic[31]:650 Asic[32]:650 
Asic[33]:650 Asic[34]:650 Asic[35]:650 Asic[36]:650 Asic[37]:650 Asic[38]:650 Asic[39]:650 Asic[40]:650 
Asic[41]:650 Asic[42]:650 Asic[43]:650 Asic[44]:650 Asic[45]:650 Asic[46]:650 Asic[47]:650 Asic[48]:650 
Asic[49]:650 Asic[50]:650 Asic[51]:650 Asic[52]:650 Asic[53]:650 Asic[54]:650 Asic[55]:650 Asic[56]:650 
Asic[57]:650 Asic[58]:650 Asic[59]:650 Asic[60]:650 Asic[61]:650 Asic[62]:650 
Chain:5 max freq=650
Chain:5 min freq=650

read PIC voltage=940 on chain[6]
Chain:6 chipnum=63
Chain[J7] voltage added=0.0V
Chain:6 temp offset=0
Chain:6 base freq=656
Asic[ 0]:656 
Asic[ 1]:656 Asic[ 2]:656 Asic[ 3]:656 Asic[ 4]:656 Asic[ 5]:656 Asic[ 6]:656 Asic[ 7]:656 Asic[ 8]:656 
Asic[ 9]:656 Asic[10]:656 Asic[11]:656 Asic[12]:656 Asic[13]:656 Asic[14]:656 Asic[15]:656 Asic[16]:656 
Asic[17]:656 Asic[18]:656 Asic[19]:656 Asic[20]:656 Asic[21]:656 Asic[22]:656 Asic[23]:656 Asic[24]:656 
Asic[25]:656 Asic[26]:656 Asic[27]:656 Asic[28]:656 Asic[29]:656 Asic[30]:656 Asic[31]:656 Asic[32]:656 
Asic[33]:656 Asic[34]:656 Asic[35]:656 Asic[36]:656 Asic[37]:656 Asic[38]:656 Asic[39]:656 Asic[40]:656 
Asic[41]:656 Asic[42]:656 Asic[43]:656 Asic[44]:656 Asic[45]:656 Asic[46]:656 Asic[47]:656 Asic[48]:656 
Asic[49]:656 Asic[50]:656 Asic[51]:656 Asic[52]:656 Asic[53]:656 Asic[54]:656 Asic[55]:656 Asic[56]:656 
Asic[57]:656 Asic[58]:656 Asic[59]:656 Asic[60]:656 Asic[61]:656 Asic[62]:656 
Chain:6 max freq=656
Chain:6 min freq=656

read PIC voltage=940 on chain[7]
Chain:7 chipnum=63
Chain[J8] voltage added=0.0V
Chain:7 temp offset=0
Chain:7 base freq=675
Asic[ 0]:675 
Asic[ 1]:675 Asic[ 2]:675 Asic[ 3]:675 Asic[ 4]:675 Asic[ 5]:675 Asic[ 6]:675 Asic[ 7]:675 Asic[ 8]:675 
Asic[ 9]:675 Asic[10]:675 Asic[11]:675 Asic[12]:675 Asic[13]:675 Asic[14]:675 Asic[15]:675 Asic[16]:675 
Asic[17]:675 Asic[18]:675 Asic[19]:675 Asic[20]:675 Asic[21]:675 Asic[22]:675 Asic[23]:675 Asic[24]:675 
Asic[25]:675 Asic[26]:675 Asic[27]:675 Asic[28]:675 Asic[29]:675 Asic[30]:675 Asic[31]:675 Asic[32]:675 
Asic[33]:675 Asic[34]:675 Asic[35]:675 Asic[36]:675 Asic[37]:675 Asic[38]:675 Asic[39]:675 Asic[40]:675 
Asic[41]:675 Asic[42]:675 Asic[43]:675 Asic[44]:675 Asic[45]:675 Asic[46]:675 Asic[47]:675 Asic[48]:675 
Asic[49]:675 Asic[50]:675 Asic[51]:675 Detect a bad chip=52 on chain[7], fixed to 400M
Asic[52]:675 Asic[53]:675 Asic[54]:675 Asic[55]:675 Asic[56]:675 
Asic[57]:675 Asic[58]:675 Asic[59]:675 Asic[60]:675 Asic[61]:675 Detect a bad chip=62 on chain[7], fixed to 400M
Asic[62]:675 
Chain:7 max freq=675
Chain:7 min freq=675

max freq = 675
set baud=1
Chain[J6] PIC temp offset=62,0,0,0,0,0,35,28
chain[5] temp chip I2C addr=0x98
chain[5] has no middle temp, use special fix mode.
Chain[J6] chip[244] use PIC middle temp offset=0 typeID=55
New offset Chain[5] chip[244] local:20 remote:24 offset:25 
Chain[J6] chip[244] get middle temp offset=25 typeID=55
Chain[J7] PIC temp offset=62,0,0,0,0,0,35,28
chain[6] temp chip I2C addr=0x98
chain[6] has no middle temp, use special fix mode.
Chain[J7] chip[244] use PIC middle temp offset=0 typeID=55
New offset Chain[6] chip[244] local:18 remote:21 offset:26 
Chain[J7] chip[244] get middle temp offset=26 typeID=55
Chain[J8] PIC temp offset=62,0,0,0,0,0,35,28
chain[7] temp chip I2C addr=0x98
chain[7] has no middle temp, use special fix mode.
Chain[J8] chip[244] use PIC middle temp offset=0 typeID=55
New offset Chain[7] chip[244] local:18 remote:21 offset:26 
Chain[J8] chip[244] get middle temp offset=26 typeID=55
single board rate=4668 voltage limit=870 on chain[5]
last_testpatten_highest_pcb_temp=57 too low, fix voltage=900 on chain[5]
get PIC voltage=870 on chain[5], check: must be < 900
retryFlag=1 will set the voltage limited on chain[5], change voltage=900
now set pic voltage=74 on chain[5]
single board rate=4710 voltage limit=870 on chain[6]
last_testpatten_highest_pcb_temp=57 too low, fix voltage=900 on chain[6]
get PIC voltage=870 on chain[6], check: must be < 900
retryFlag=1 will set the voltage limited on chain[6], change voltage=900
now set pic voltage=74 on chain[6]
single board rate=4689 voltage limit=870 on chain[7]
last_testpatten_highest_pcb_temp=57 too low, fix voltage=900 on chain[7]
get PIC voltage=870 on chain[7], check: must be < 900
retryFlag=1 will set the voltage limited on chain[7], change voltage=900
now set pic voltage=74 on chain[7]
Chain[J6] set working voltage=900 [74]
Chain[J7] set working voltage=900 [74]
Chain[J8] set working voltage=900 [74]
do heat board 8xPatten for 1 times
start send works on chain[5]
start send works on chain[6]
start send works on chain[7]
get send work num :57456 on Chain[5]
get send work num :57456 on Chain[6]
get send work num :57456 on Chain[7]
wait recv nonce on chain[5]
wait recv nonce on chain[6]
wait recv nonce on chain[7]
get nonces on chain[5]
require nonce number:912
require validnonce number:57456
asic[00]=912	asic[01]=912	asic[02]=912	asic[03]=912	asic[04]=912	asic[05]=912	asic[06]=912	asic[07]=912	
asic[08]=912	asic[09]=912	asic[10]=912	asic[11]=912	asic[12]=912	asic[13]=912	asic[14]=912	asic[15]=912	
asic[16]=912	asic[17]=912	asic[18]=912	asic[19]=912	asic[20]=912	asic[21]=912	asic[22]=912	asic[23]=912	
asic[24]=912	asic[25]=912	asic[26]=912	asic[27]=912	asic[28]=912	asic[29]=912	asic[30]=912	asic[31]=912	
asic[32]=912	asic[33]=912	asic[34]=912	asic[35]=912	asic[36]=912	asic[37]=912	asic[38]=912	asic[39]=912	
asic[40]=912	asic[41]=912	asic[42]=912	asic[43]=912	asic[44]=912	asic[45]=912	asic[46]=912	asic[47]=912	
asic[48]=912	asic[49]=912	asic[50]=912	asic[51]=912	asic[52]=912	asic[53]=912	asic[54]=912	asic[55]=912	
asic[56]=912	asic[57]=912	asic[58]=912	asic[59]=912	asic[60]=912	asic[61]=912	asic[62]=912	


Below ASIC's core didn't receive all the nonce, they should receive 8 nonce each!



freq[00]=650	freq[01]=650	freq[02]=650	freq[03]=650	freq[04]=650	freq[05]=650	freq[06]=650	freq[07]=650	
freq[08]=650	freq[09]=650	freq[10]=650	freq[11]=650	freq[12]=650	freq[13]=650	freq[14]=650	freq[15]=650	
freq[16]=650	freq[17]=650	freq[18]=650	freq[19]=650	freq[20]=650	freq[21]=650	freq[22]=650	freq[23]=650	
freq[24]=650	freq[25]=650	freq[26]=650	freq[27]=650	freq[28]=650	freq[29]=650	freq[30]=650	freq[31]=650	
freq[32]=650	freq[33]=650	freq[34]=650	freq[35]=650	freq[36]=650	freq[37]=650	freq[38]=650	freq[39]=650	
freq[40]=650	freq[41]=650	freq[42]=650	freq[43]=650	freq[44]=650	freq[45]=650	freq[46]=650	freq[47]=650	
freq[48]=650	freq[49]=650	freq[50]=650	freq[51]=650	freq[52]=650	freq[53]=650	freq[54]=650	freq[55]=650	
freq[56]=650	freq[57]=650	freq[58]=650	freq[59]=650	freq[60]=650	freq[61]=650	freq[62]=650	

total valid nonce number:57456
total send work number:57456
require valid nonce number:57456
repeated_nonce_num:0
err_nonce_num:26597
last_nonce_num:35754
get nonces on chain[6]
require nonce number:912
require validnonce number:57456
asic[00]=912	asic[01]=912	asic[02]=912	asic[03]=912	asic[04]=912	asic[05]=912	asic[06]=912	asic[07]=912	
asic[08]=912	asic[09]=912	asic[10]=912	asic[11]=912	asic[12]=912	asic[13]=912	asic[14]=912	asic[15]=912	
asic[16]=912	asic[17]=912	asic[18]=912	asic[19]=912	asic[20]=912	asic[21]=912	asic[22]=912	asic[23]=912	
asic[24]=912	asic[25]=912	asic[26]=912	asic[27]=912	asic[28]=912	asic[29]=912	asic[30]=912	asic[31]=912	
asic[32]=912	asic[33]=912	asic[34]=912	asic[35]=912	asic[36]=912	asic[37]=912	asic[38]=912	asic[39]=912	
asic[40]=912	asic[41]=912	asic[42]=912	asic[43]=912	asic[44]=912	asic[45]=912	asic[46]=912	asic[47]=912	
asic[48]=912	asic[49]=912	asic[50]=912	asic[51]=912	asic[52]=912	asic[53]=912	asic[54]=912	asic[55]=912	
asic[56]=912	asic[57]=912	asic[58]=912	asic[59]=912	asic[60]=912	asic[61]=912	asic[62]=912	


Below ASIC's core didn't receive all the nonce, they should receive 8 nonce each!



freq[00]=656	freq[01]=656	freq[02]=656	freq[03]=656	freq[04]=656	freq[05]=656	freq[06]=656	freq[07]=656	
freq[08]=656	freq[09]=656	freq[10]=656	freq[11]=656	freq[12]=656	freq[13]=656	freq[14]=656	freq[15]=656	
freq[16]=656	freq[17]=656	freq[18]=656	freq[19]=656	freq[20]=656	freq[21]=656	freq[22]=656	freq[23]=656	
freq[24]=656	freq[25]=656	freq[26]=656	freq[27]=656	freq[28]=656	freq[29]=656	freq[30]=656	freq[31]=656	
freq[32]=656	freq[33]=656	freq[34]=656	freq[35]=656	freq[36]=656	freq[37]=656	freq[38]=656	freq[39]=656	
freq[40]=656	freq[41]=656	freq[42]=656	freq[43]=656	freq[44]=656	freq[45]=656	freq[46]=656	freq[47]=656	
freq[48]=656	freq[49]=656	freq[50]=656	freq[51]=656	freq[52]=656	freq[53]=656	freq[54]=656	freq[55]=656	
freq[56]=656	freq[57]=656	freq[58]=656	freq[59]=656	freq[60]=656	freq[61]=656	freq[62]=656	

total valid nonce number:57456
total send work number:57456
require valid nonce number:57456
repeated_nonce_num:0
err_nonce_num:26862
last_nonce_num:35752
get nonces on chain[7]
require nonce number:912
require validnonce number:57456
asic[00]=912	asic[01]=912	asic[02]=912	asic[03]=912	asic[04]=912	asic[05]=912	asic[06]=912	asic[07]=912	
asic[08]=912	asic[09]=912	asic[10]=912	asic[11]=912	asic[12]=912	asic[13]=912	asic[14]=912	asic[15]=912	
asic[16]=912	asic[17]=912	asic[18]=912	asic[19]=912	asic[20]=912	asic[21]=912	asic[22]=912	asic[23]=912	
asic[24]=912	asic[25]=912	asic[26]=912	asic[27]=912	asic[28]=912	asic[29]=912	asic[30]=912	asic[31]=912	
asic[32]=912	asic[33]=912	asic[34]=912	asic[35]=912	asic[36]=912	asic[37]=912	asic[38]=912	asic[39]=912	
asic[40]=912	asic[41]=912	asic[42]=912	asic[43]=912	asic[44]=912	asic[45]=912	asic[46]=912	asic[47]=912	
asic[48]=912	asic[49]=912	asic[50]=912	asic[51]=912	asic[52]=912	asic[53]=912	asic[54]=912	asic[55]=912	
asic[56]=912	asic[57]=912	asic[58]=912	asic[59]=912	asic[60]=912	asic[61]=912	asic[62]=912	


Below ASIC's core didn't receive all the nonce, they should receive 8 nonce each!



freq[00]=675	freq[01]=675	freq[02]=675	freq[03]=675	freq[04]=675	freq[05]=675	freq[06]=675	freq[07]=675	
freq[08]=675	freq[09]=675	freq[10]=675	freq[11]=675	freq[12]=675	freq[13]=675	freq[14]=675	freq[15]=675	
freq[16]=675	freq[17]=675	freq[18]=675	freq[19]=675	freq[20]=675	freq[21]=675	freq[22]=675	freq[23]=675	
freq[24]=675	freq[25]=675	freq[26]=675	freq[27]=675	freq[28]=675	freq[29]=675	freq[30]=675	freq[31]=675	
freq[32]=675	freq[33]=675	freq[34]=675	freq[35]=675	freq[36]=675	freq[37]=675	freq[38]=675	freq[39]=675	
freq[40]=675	freq[41]=675	freq[42]=675	freq[43]=675	freq[44]=675	freq[45]=675	freq[46]=675	freq[47]=675	
freq[48]=675	freq[49]=675	freq[50]=675	freq[51]=675	freq[52]=675	freq[53]=675	freq[54]=675	freq[55]=675	
freq[56]=675	freq[57]=675	freq[58]=675	freq[59]=675	freq[60]=675	freq[61]=675	freq[62]=675	

total valid nonce number:57456
total send work number:57456
require valid nonce number:57456
repeated_nonce_num:0
err_nonce_num:27237
last_nonce_num:21512
chain[5]: All chip cores are opened OK!
Test Patten on chain[5]: OK!
chain[6]: All chip cores are opened OK!
Test Patten on chain[6]: OK!
chain[7]: All chip cores are opened OK!
Test Patten on chain[7]: OK!
setStartTimePoint total_tv_start_sys=477 total_tv_end_sys=478
restartNum = 2 , auto-reinit enabled...
PCB temp>60 will set the voltage limited on chain[5], change voltage=870
PCB temp>60 now set pic voltage=125 on chain[5]
PCB temp>60 will set the voltage limited on chain[6], change voltage=870
PCB temp>60 now set pic voltage=125 on chain[6]
PCB temp>60 will set the voltage limited on chain[7], change voltage=870
PCB temp>60 now set pic voltage=125 on chain[7]
do read_temp_func once...
do check_asic_reg 0x08

get RT hashrate from Chain[5]: (asic index start from 1-63)
Asic[01]=76.1010 Asic[02]=75.0940 Asic[03]=80.8990 Asic[04]=73.1150 Asic[05]=74.8760 Asic[06]=79.3050 Asic[07]=72.8130 Asic[08]=73.4500 
Asic[09]=73.8860 Asic[10]=71.7890 Asic[11]=70.2290 Asic[12]=75.7990 Asic[13]=71.2360 Asic[14]=75.4970 Asic[15]=74.5070 Asic[16]=69.5580 
Asic[17]=67.9300 Asic[18]=77.1750 Asic[19]=75.7990 Asic[20]=74.3560 Asic[21]=72.8970 Asic[22]=71.7390 Asic[23]=76.1180 Asic[24]=74.0210 
Asic[25]=70.8660 Asic[26]=69.2730 Asic[27]=83.0300 Asic[28]=75.0440 Asic[29]=73.9530 Asic[30]=78.0470 Asic[31]=71.2860 Asic[32]=73.0640 
Asic[33]=76.1350 Asic[34]=76.2520 Asic[35]=72.9300 Asic[36]=68.6690 Asic[37]=72.0070 Asic[38]=73.0810 Asic[39]=74.2890 Asic[40]=75.5980 
Asic[41]=80.2950 Asic[42]=73.2490 Asic[43]=66.1190 Asic[44]=75.4470 Asic[45]=74.7590 Asic[46]=76.6040 Asic[47]=71.7890 Asic[48]=74.3730 
Asic[49]=73.9700 Asic[50]=76.0340 Asic[51]=76.0000 Asic[52]=73.6850 Asic[53]=70.5810 Asic[54]=75.5470 Asic[55]=72.7790 Asic[56]=71.3700 
Asic[57]=71.3530 Asic[58]=74.6250 Asic[59]=76.2350 Asic[60]=70.5310 Asic[61]=74.4400 Asic[62]=71.8060 Asic[63]=71.1350 

get RT hashrate from Chain[6]: (asic index start from 1-63)
Asic[01]=75.2290 Asic[02]=71.3530 Asic[03]=81.7380 Asic[04]=72.7620 Asic[05]=72.4600 Asic[06]=72.0580 Asic[07]=73.9200 Asic[08]=71.4370 
Asic[09]=76.0340 Asic[10]=80.4630 Asic[11]=74.8430 Asic[12]=75.9500 Asic[13]=74.5410 Asic[14]=76.9060 Asic[15]=80.9330 Asic[16]=69.9270 
Asic[17]=73.0810 Asic[18]=75.2120 Asic[19]=76.0000 Asic[20]=76.7550 Asic[21]=77.6280 Asic[22]=72.8460 Asic[23]=75.9840 Asic[24]=70.7150 
Asic[25]=70.7320 Asic[26]=78.1310 Asic[27]=74.8590 Asic[28]=73.8020 Asic[29]=73.5000 Asic[30]=77.9130 Asic[31]=77.8630 Asic[32]=75.8490 
Asic[33]=76.3360 Asic[34]=75.5810 Asic[35]=82.0900 Asic[36]=74.6080 Asic[37]=76.7220 Asic[38]=73.5680 Asic[39]=74.6750 Asic[40]=76.8890 
Asic[41]=74.1720 Asic[42]=73.0810 Asic[43]=75.7490 Asic[44]=74.0040 Asic[45]=75.6980 Asic[46]=75.2450 Asic[47]=66.4200 Asic[48]=72.8130 
Asic[49]=73.9870 Asic[50]=72.7620 Asic[51]=77.7280 Asic[52]=72.6280 Asic[53]=74.9100 Asic[54]=80.0770 Asic[55]=78.3320 Asic[56]=71.7560 
Asic[57]=77.4770 Asic[58]=77.0570 Asic[59]=73.3830 Asic[60]=77.6280 Asic[61]=73.8530 Asic[62]=74.0880 Asic[63]=75.8830 

get RT hashrate from Chain[7]: (asic index start from 1-63)
Asic[01]=71.2520 Asic[02]=75.6980 Asic[03]=75.4130 Asic[04]=77.1080 Asic[05]=39.5430 Asic[06]=76.0000 Asic[07]=82.5430 Asic[08]=75.0100 
Asic[09]=73.1310 Asic[10]=75.7490 Asic[11]=72.7620 Asic[12]=75.6980 Asic[13]=79.0870 Asic[14]=76.7380 Asic[15]=73.8360 Asic[16]=74.8930 
Asic[17]=72.9640 Asic[18]=70.5810 Asic[19]=82.4930 Asic[20]=77.0910 Asic[21]=74.4900 Asic[22]=73.3330 Asic[23]=74.0040 Asic[24]=74.4740 
Asic[25]=79.0030 Asic[26]=77.4600 Asic[27]=78.2150 Asic[28]=71.9740 Asic[29]=80.5640 Asic[30]=80.1610 Asic[31]=74.2390 Asic[32]=70.9500 
Asic[33]=77.9800 Asic[34]=76.7380 Asic[35]=75.5810 Asic[36]=72.1250 Asic[37]=73.6680 Asic[38]=74.4060 Asic[39]=76.0840 Asic[40]=75.6480 
Asic[41]=75.1780 Asic[42]=77.5440 Asic[43]=75.2120 Asic[44]=81.3190 Asic[45]=75.4970 Asic[46]=75.7990 Asic[47]=76.1010 Asic[48]=77.3590 
Asic[49]=75.4800 Asic[50]=75.9500 Asic[51]=80.7990 Asic[52]=82.7950 Asic[53]=46.2380 Asic[54]=76.9060 Asic[55]=75.6820 Asic[56]=75.5640 
Asic[57]=76.1180 Asic[58]=83.2980 Asic[59]=78.1810 Asic[60]=81.0330 Asic[61]=70.3800 Asic[62]=79.9930 Asic[63]=45.5500 
Check Chain[J6] ASIC RT error: (asic index start from 1-63)
Check Chain[J7] ASIC RT error: (asic index start from 1-63)
Check Chain[J8] ASIC RT error: (asic index start from 1-63)
Done check_asic_reg
do read temp on Chain[5]
Chain[5] Chip[62] TempTypeID=55 middle offset=25
Chain[5] Chip[62] local Temp=58
Chain[5] Chip[62] middle Temp=69
Special fix Chain[5] Chip[62] middle Temp = 73
Done read temp on Chain[5]
do read temp on Chain[6]
Chain[6] Chip[62] TempTypeID=55 middle offset=26
Chain[6] Chip[62] local Temp=51
Chain[6] Chip[62] middle Temp=61
Special fix Chain[6] Chip[62] middle Temp = 66
Done read temp on Chain[6]
do read temp on Chain[7]
Chain[7] Chip[62] TempTypeID=55 middle offset=26
Chain[7] Chip[62] local Temp=55
Chain[7] Chip[62] middle Temp=70
Special fix Chain[7] Chip[62] middle Temp = 70
Done read temp on Chain[7]
set FAN speed according to: temp_highest=58 temp_top1[PWM_T]=58 temp_top1[TEMP_POS_LOCAL]=58 temp_change=0 fix_fan_steps=0
FAN PWM: 66
read_temp_func Done!
CRC error counter=0

==== Miner Status

Miner Status
Summary
Elapsed	GH/S(RT)	GH/S(avg)	FoundBlocks	LocalWork	Utility	WU	BestShare
29m45s
14,036.49
14,185.79
0
92,735
5.85
211,477.51
1820551
Pools
Pool	URL	User	Status	Diff	GetWorks	Priority	Accepted	Diff1#	DiffA#	DiffR#	DiffS#	Rejected	Discarded	Stale	LSDiff	LSTime
0
stratum+tcp://ss.antpool.com:3333
cat9bit.2021.11
Alive
32.8K
71
0
174
0
6,291,456
0
0
0
968
0
32,768
0:00:00
1
stratum+tcp://ss.antpool.com:443
cat9bit.2021.11
Alive
2
1
0
0
0
0
0
0
0
0
0
Never
2
stratum+tcp://ss.antpool.com:25
cat9bit.2021.11
Dead
0
2
0
0
0
0
0
0
0
0
0
Never
total
73
174
0
6,291,456
0
0
0
968
0
HW
0
0
0.0000%
AntMiner
Chain#	ASIC#	Frequency(avg)	GH/S(ideal)	GH/S(RT)	HW	Temp(Chip1)	Temp(Chip2)	ASIC status
6
63
649.77
4,666.70
4,637.15
0
-
73
oooooooo oooooooo oooooooo oooooooo oooooooo oooooooo oooooooo ooooooo
7
63
650.00
4,667.00
4,686.48
0
-
66
oooooooo oooooooo oooooooo oooooooo oooooooo oooooooo oooooooo ooooooo
8
63
663.15
4,667.57
4,712.85
0
-
70
oooooooo oooooooo oooooooo oooooooo oooooooo oooooooo oooooooo ooooooo
Total
189
654.31
14,001.28
14,036.48
Fan#	Fan1	Fan2	Fan3	Fan4	Fan5	Fan6	Fan7	Fan8
Speed (r/min)	0	0	4,320	0	0	4,440	0	0
