System
Miner Type	Antminer S9
Hostname	crs-s9-w10
Model	GNU/Linux
Hardware Version	30.0.1.3
Kernel Version	Linux 3.14.0-xilinx-g16220c3 #83 SMP PREEMPT Thu Jul 12 11:42:53 CST 2018
File System Version	Wed Jul 31 16:18:27 CST 2019
Logic Version	V1.3.58
BMminer Version	2.0.0
Uptime	35
Load Average	0.32, 0.27, 0.18
Memory
Total Available	
35316 kB / 495592 kB (7%)
Free	
460276 kB / 495592 kB (93%)
Cached	
0 kB / 495592 kB (0%)
Buffered	
0 kB / 495592 kB (0%)
Network
IP Status	

eth0	Type: DHCP
Address: 192.168.128.205
Netmask: 255.255.255.0

====== Monitor

Mem: 35048K used, 460544K free, 0K shrd, 837600K buff, 837648K cached
CPU:  5.5% usr  0.0% sys  0.0% nic 94.4% idle  0.0% io  0.0% irq  0.0% sirq
Load average: 0.12 0.20 0.17 2/69 15193
PID  PPID USER     STAT   VSZ %VSZ CPU %CPU COMMAND
1834     1 root     S <   149m 30.8   0  2.7 /usr/bin/bmminer --version-file /usr/bin/compile_time --api-listen --default-config /config/bmminer.conf
15095 15090 root     R     2836  0.5   0  2.7 top -b -n 1
1500     1 root     S    64272 12.9   0  0.0 single-board-test
1795     1 root     S     3084  0.6   0  0.0 /usr/bin/ntpd -p /var/run/ntp.pid -g
1515     1 root     S     2840  0.5   1  0.0 /sbin/getty 115200 ttyPS0
1516     1 root     S     2840  0.5   1  0.0 /sbin/getty 38400 tty1
1517     1 root     S     2836  0.5   1  0.0 {monitorcg} /bin/sh /sbin/monitorcg
15090  1476 root     S     2836  0.5   1  0.0 /bin/sh /www/pages/cgi-bin/monitor.cgi
15096 15090 root     S     2836  0.5   1  0.0 /bin/sh /www/pages/cgi-bin/monitor.cgi
26876     1 root     S     2836  0.5   1  0.0 udhcpc -b -t 10 -A 10 -x hostname crs-s9-w10 -i eth0
1476     1 root     S     2776  0.5   1  0.0 /usr/sbin/lighttpd -f /etc/lighttpd.conf
15959  1517 root     S     2704  0.5   0  0.0 sleep 20m
27770     1 avahi    S     2612  0.5   1  0.0 avahi-daemon: running [crs-s9-w10.local]
27776 27770 avahi    S     2612  0.5   1  0.0 avahi-daemon: chroot helper
1     0 root     S     1688  0.3   1  0.0 init [5]
1114     1 root     S     1676  0.3   0  0.0 /usr/bin/monitor-ipsig
1504     1 root     S     1672  0.3   0  0.0 /usr/bin/monitor-recobtn /usr/bin/factory_config_reset.sh
7     2 root     SW       0  0.0   0  0.0 [rcu_preempt]
3     2 root     SW       0  0.0   0  0.0 [ksoftirqd/0]
14     2 root     SW       0  0.0   1  0.0 [ksoftirqd/1]
1527     2 root     SW       0  0.0   1  0.0 [kworker/1:2]
346     2 root     SW       0  0.0   0  0.0 [kworker/0:1]
1086     2 root     SW       0  0.0   0  0.0 [ubifs_bgt0_0]
19     2 root     SW       0  0.0   0  0.0 [kworker/u4:1]
10     2 root     SW       0  0.0   0  0.0 [migration/0]
13     2 root     SW       0  0.0   1  0.0 [migration/1]
18     2 root     SW       0  0.0   1  0.0 [kdevtmpfs]
11     2 root     SW       0  0.0   0  0.0 [watchdog/0]
12     2 root     SW       0  0.0   1  0.0 [watchdog/1]
1084     2 root     SW       0  0.0   0  0.0 [ubi_bgt0d]
2     0 root     SW       0  0.0   0  0.0 [kthreadd]
5     2 root     SW<      0  0.0   0  0.0 [kworker/0:0H]
8     2 root     SW       0  0.0   0  0.0 [rcu_sched]
9     2 root     SW       0  0.0   0  0.0 [rcu_bh]
16     2 root     SW<      0  0.0   1  0.0 [kworker/1:0H]
17     2 root     SW<      0  0.0   1  0.0 [khelper]
218     2 root     SW<      0  0.0   0  0.0 [writeback]
220     2 root     SW<      0  0.0   1  0.0 [bioset]
222     2 root     SW<      0  0.0   1  0.0 [kblockd]
238     2 root     SW       0  0.0   1  0.0 [khubd]
253     2 root     SW<      0  0.0   1  0.0 [edac-poller]
345     2 root     SW<      0  0.0   1  0.0 [rpciod]
356     2 root     SW       0  0.0   1  0.0 [khungtaskd]
361     2 root     SW       0  0.0   1  0.0 [kswapd0]
362     2 root     SW       0  0.0   0  0.0 [fsnotify_mark]
363     2 root     SW<      0  0.0   1  0.0 [nfsiod]
907     2 root     SW       0  0.0   1  0.0 [kworker/1:1]
1005     2 root     SW<      0  0.0   0  0.0 [xemacps]
1020     2 root     SW<      0  0.0   0  0.0 [kpsmoused]
1067     2 root     SW       0  0.0   0  0.0 [irq/39-f8007100]
1079     2 root     SW<      0  0.0   1  0.0 [deferwq]
1139     2 root     SW       0  0.0   0  0.0 [kworker/u4:2]
1429     2 root     SW       0  0.0   0  0.0 [kworker/0:2]
20199     2 root     SW       0  0.0   1  0.0 [kworker/u4:0]

==== Kernel Log

[    0.000000] Booting Linux on physical CPU 0x0
[    0.000000] Linux version 3.14.0-xilinx-g16220c3 (lzq@armdev2) (gcc version 4.8.3 20140320 (prerelease) (Sourcery CodeBench Lite 2014.05-23) ) #83 SMP PREEMPT Thu Jul 12 11:42:53 CST 2018
[    0.000000] CPU: ARMv7 Processor [413fc090] revision 0 (ARMv7), cr=18c5387d
[    0.000000] CPU: PIPT / VIPT nonaliasing data cache, VIPT aliasing instruction cache
[    0.000000] Machine model: Xilinx Zynq
[    0.000000] cma: CMA: reserved 128 MiB at 16800000
[    0.000000] Memory policy: Data cache writealloc
[    0.000000] On node 0 totalpages: 126976
[    0.000000] free_area_init_node: node 0, pgdat c074ac00, node_mem_map debd8000
[    0.000000]   Normal zone: 992 pages used for memmap
[    0.000000]   Normal zone: 0 pages reserved
[    0.000000]   Normal zone: 126976 pages, LIFO batch:31
[    0.000000] PERCPU: Embedded 8 pages/cpu @debc1000 s9088 r8192 d15488 u32768
[    0.000000] pcpu-alloc: s9088 r8192 d15488 u32768 alloc=8*4096
[    0.000000] pcpu-alloc: [0] 0 [0] 1 
[    0.000000] Built 1 zonelists in Zone order, mobility grouping on.  Total pages: 125984
[    0.000000] Kernel command line: noinitrd mem=496M console=ttyPS0,115200 root=ubi0:rootfs ubi.mtd=1 rootfstype=ubifs rw rootwait
[    0.000000] PID hash table entries: 2048 (order: 1, 8192 bytes)
[    0.000000] Dentry cache hash table entries: 65536 (order: 6, 262144 bytes)
[    0.000000] Inode-cache hash table entries: 32768 (order: 5, 131072 bytes)
[    0.000000] Memory: 364316K/507904K available (5057K kernel code, 284K rwdata, 1928K rodata, 204K init, 258K bss, 143588K reserved, 0K highmem)
[    0.000000] Virtual kernel memory layout:
[    0.000000]     vector  : 0xffff0000 - 0xffff1000   (   4 kB)
[    0.000000]     fixmap  : 0xfff00000 - 0xfffe0000   ( 896 kB)
[    0.000000]     vmalloc : 0xdf800000 - 0xff000000   ( 504 MB)
[    0.000000]     lowmem  : 0xc0000000 - 0xdf000000   ( 496 MB)
[    0.000000]     pkmap   : 0xbfe00000 - 0xc0000000   (   2 MB)
[    0.000000]     modules : 0xbf000000 - 0xbfe00000   (  14 MB)
[    0.000000]       .text : 0xc0008000 - 0xc06da8ac   (6987 kB)
[    0.000000]       .init : 0xc06db000 - 0xc070e380   ( 205 kB)
[    0.000000]       .data : 0xc0710000 - 0xc0757138   ( 285 kB)
[    0.000000]        .bss : 0xc0757144 - 0xc0797bfc   ( 259 kB)
[    0.000000] Preemptible hierarchical RCU implementation.
[    0.000000] 	Dump stacks of tasks blocking RCU-preempt GP.
[    0.000000] 	RCU restricting CPUs from NR_CPUS=4 to nr_cpu_ids=2.
[    0.000000] RCU: Adjusting geometry for rcu_fanout_leaf=16, nr_cpu_ids=2
[    0.000000] NR_IRQS:16 nr_irqs:16 16
[    0.000000] ps7-slcr mapped to df802000
[    0.000000] zynq_clock_init: clkc starts at df802100
[    0.000000] Zynq clock init
[    0.000015] sched_clock: 64 bits at 333MHz, resolution 3ns, wraps every 3298534883328ns
[    0.000289] ps7-ttc #0 at df804000, irq=43
[    0.000593] Console: colour dummy device 80x30
[    0.000622] Calibrating delay loop... 1325.46 BogoMIPS (lpj=6627328)
[    0.040192] pid_max: default: 32768 minimum: 301
[    0.040405] Mount-cache hash table entries: 1024 (order: 0, 4096 bytes)
[    0.040425] Mountpoint-cache hash table entries: 1024 (order: 0, 4096 bytes)
[    0.042583] CPU: Testing write buffer coherency: ok
[    0.042893] CPU0: thread -1, cpu 0, socket 0, mpidr 80000000
[    0.042951] Setting up static identity map for 0x4cb118 - 0x4cb170
[    0.043171] L310 cache controller enabled
[    0.043191] l2x0: 8 ways, CACHE_ID 0x410000c8, AUX_CTRL 0x72760000, Cache size: 512 kB
[    0.120982] CPU1: Booted secondary processor
[    0.210216] CPU1: thread -1, cpu 1, socket 0, mpidr 80000001
[    0.210346] Brought up 2 CPUs
[    0.210365] SMP: Total of 2 processors activated.
[    0.210373] CPU: All CPU(s) started in SVC mode.
[    0.211030] devtmpfs: initialized
[    0.213460] VFP support v0.3: implementor 41 architecture 3 part 30 variant 9 rev 4
[    0.214646] regulator-dummy: no parameters
[    0.221988] NET: Registered protocol family 16
[    0.224252] DMA: preallocated 256 KiB pool for atomic coherent allocations
[    0.226508] cpuidle: using governor ladder
[    0.226521] cpuidle: using governor menu
[    0.233853] syscon f8000000.ps7-slcr: regmap [mem 0xf8000000-0xf8000fff] registered
[    0.235357] hw-breakpoint: found 5 (+1 reserved) breakpoint and 1 watchpoint registers.
[    0.235371] hw-breakpoint: maximum watchpoint size is 4 bytes.
[    0.235482] zynq-ocm f800c000.ps7-ocmc: ZYNQ OCM pool: 256 KiB @ 0xdf880000
[    0.257236] bio: create slab <bio-0> at 0
[    0.258607] vgaarb: loaded
[    0.259305] SCSI subsystem initialized
[    0.260316] usbcore: registered new interface driver usbfs
[    0.260494] usbcore: registered new interface driver hub
[    0.260713] usbcore: registered new device driver usb
[    0.261258] media: Linux media interface: v0.10
[    0.261415] Linux video capture interface: v2.00
[    0.261661] pps_core: LinuxPPS API ver. 1 registered
[    0.261672] pps_core: Software ver. 5.3.6 - Copyright 2005-2007 Rodolfo Giometti <giometti@linux.it>
[    0.261793] PTP clock support registered
[    0.262153] EDAC MC: Ver: 3.0.0
[    0.263342] Advanced Linux Sound Architecture Driver Initialized.
[    0.265675] DMA-API: preallocated 4096 debug entries
[    0.265688] DMA-API: debugging enabled by kernel config
[    0.265759] Switched to clocksource arm_global_timer
[    0.286309] NET: Registered protocol family 2
[    0.286954] TCP established hash table entries: 4096 (order: 2, 16384 bytes)
[    0.287011] TCP bind hash table entries: 4096 (order: 3, 32768 bytes)
[    0.287097] TCP: Hash tables configured (established 4096 bind 4096)
[    0.287138] TCP: reno registered
[    0.287154] UDP hash table entries: 256 (order: 1, 8192 bytes)
[    0.287183] UDP-Lite hash table entries: 256 (order: 1, 8192 bytes)
[    0.287416] NET: Registered protocol family 1
[    0.287738] RPC: Registered named UNIX socket transport module.
[    0.287751] RPC: Registered udp transport module.
[    0.287759] RPC: Registered tcp transport module.
[    0.287767] RPC: Registered tcp NFSv4.1 backchannel transport module.
[    0.287779] PCI: CLS 0 bytes, default 64
[    0.288200] hw perfevents: enabled with ARMv7 Cortex-A9 PMU driver, 7 counters available
[    0.290171] futex hash table entries: 512 (order: 3, 32768 bytes)
[    0.292233] jffs2: version 2.2. (NAND) Â© 2001-2006 Red Hat, Inc.
[    0.292415] msgmni has been set to 967
[    0.293185] io scheduler noop registered
[    0.293197] io scheduler deadline registered
[    0.293235] io scheduler cfq registered (default)
[    0.305609] dma-pl330 f8003000.ps7-dma: Loaded driver for PL330 DMAC-2364208
[    0.305629] dma-pl330 f8003000.ps7-dma: 	DBUFF-128x8bytes Num_Chans-8 Num_Peri-4 Num_Events-16
[    0.431627] e0001000.serial: ttyPS0 at MMIO 0xe0001000 (irq = 82, base_baud = 3124999) is a xuartps
[    0.999037] console [ttyPS0] enabled
[    1.003275] xdevcfg f8007000.ps7-dev-cfg: ioremap 0xf8007000 to df866000
[    1.010896] [drm] Initialized drm 1.1.0 20060810
[    1.027936] brd: module loaded
[    1.037344] loop: module loaded
[    1.046935] e1000e: Intel(R) PRO/1000 Network Driver - 2.3.2-k
[    1.052680] e1000e: Copyright(c) 1999 - 2013 Intel Corporation.
[    1.060487] libphy: XEMACPS mii bus: probed
[    1.064858] ------------- phy_id = 0x3625e62
[    1.069737] xemacps e000b000.ps7-ethernet: pdev->id -1, baseaddr 0xe000b000, irq 54
[    1.078367] ehci_hcd: USB 2.0 'Enhanced' Host Controller (EHCI) Driver
[    1.084988] ehci-pci: EHCI PCI platform driver
[    1.092223] zynq-dr e0002000.ps7-usb: Unable to init USB phy, missing?
[    1.099091] usbcore: registered new interface driver usb-storage
[    1.105959] mousedev: PS/2 mouse device common for all mice
[    1.112052] i2c /dev entries driver
[    1.118994] zynq-edac f8006000.ps7-ddrc: ecc not enabled
[    1.124468] cpufreq_cpu0: failed to get cpu0 regulator: -19
[    1.130399] Xilinx Zynq CpuIdle Driver started
[    1.135242] sdhci: Secure Digital Host Controller Interface driver
[    1.141362] sdhci: Copyright(c) Pierre Ossman
[    1.145678] sdhci-pltfm: SDHCI platform and OF driver helper
[    1.152572] mmc0: no vqmmc regulator found
[    1.156609] mmc0: no vmmc regulator found
[    1.195818] mmc0: SDHCI controller on e0100000.ps7-sdio [e0100000.ps7-sdio] using ADMA
[    1.204520] usbcore: registered new interface driver usbhid
[    1.210027] usbhid: USB HID core driver
[    1.214740] nand: device found, Manufacturer ID: 0x2c, Chip ID: 0xda
[    1.221031] nand: Micron MT29F2G08ABAEAWP
[    1.225007] nand: 256MiB, SLC, page size: 2048, OOB size: 64
[    1.230950] Bad block table found at page 131008, version 0x01
[    1.237194] Bad block table found at page 130944, version 0x01
[    1.243242] 3 ofpart partitions found on MTD device pl353-nand
[    1.249010] Creating 3 MTD partitions on "pl353-nand":
[    1.254115] 0x000000000000-0x000002000000 : "BOOT.bin-env-dts-kernel"
[    1.262163] 0x000002000000-0x00000b000000 : "angstram-rootfs"
[    1.269475] 0x00000b000000-0x000010000000 : "upgrade-rootfs"
[    1.280205] TCP: cubic registered
[    1.283441] NET: Registered protocol family 17
[    1.288163] Registering SWP/SWPB emulation handler
[    1.294028] regulator-dummy: disabling
[    1.298340] UBI: attaching mtd1 to ubi0
[    1.824553] UBI: scanning is finished
[    1.836212] UBI: attached mtd1 (name "angstram-rootfs", size 144 MiB) to ubi0
[    1.843266] UBI: PEB size: 131072 bytes (128 KiB), LEB size: 126976 bytes
[    1.850052] UBI: min./max. I/O unit sizes: 2048/2048, sub-page size 2048
[    1.856738] UBI: VID header offset: 2048 (aligned 2048), data offset: 4096
[    1.863576] UBI: good PEBs: 1152, bad PEBs: 0, corrupted PEBs: 0
[    1.869586] UBI: user volume: 1, internal volumes: 1, max. volumes count: 128
[    1.876697] UBI: max/mean erase counter: 2/0, WL threshold: 4096, image sequence number: 1113221046
[    1.885711] UBI: available PEBs: 0, total reserved PEBs: 1152, PEBs reserved for bad PEB handling: 40
[    1.894940] drivers/rtc/hctosys.c: unable to open rtc device (rtc0)
[    1.894946] UBI: background thread "ubi_bgt0d" started, PID 1084
[    1.911058] ALSA device list:
[    1.913944]   No soundcards found.
[    1.919142] UBIFS: background thread "ubifs_bgt0_0" started, PID 1086
[    1.948102] UBIFS: recovery needed
[    2.021461] UBIFS: recovery completed
[    2.025120] UBIFS: mounted UBI device 0, volume 0, name "rootfs"
[    2.031069] UBIFS: LEB size: 126976 bytes (124 KiB), min./max. I/O unit sizes: 2048 bytes/2048 bytes
[    2.040182] UBIFS: FS size: 128626688 bytes (122 MiB, 1013 LEBs), journal size 9023488 bytes (8 MiB, 72 LEBs)
[    2.050065] UBIFS: reserved for root: 0 bytes (0 KiB)
[    2.055094] UBIFS: media format: w4/r0 (latest is w4/r0), UUID E8A4479F-B15D-4C7A-964D-0F246E2BB6ED, small LPT model
[    2.066402] VFS: Mounted root (ubifs filesystem) on device 0:11.
[    2.073574] devtmpfs: mounted
[    2.076702] Freeing unused kernel memory: 204K (c06db000 - c070e000)
[    2.908376] random: dd urandom read with 1 bits of entropy available
[    3.295802] 
[    3.295802] bcm54xx_config_init
[    4.355774] 
[    4.355774] bcm54xx_config_init
[    8.356619] xemacps e000b000.ps7-ethernet: Set clk to 124999998 Hz
[    8.362728] xemacps e000b000.ps7-ethernet: link up (1000/FULL)
[   22.886663] In axi fpga driver!
[   22.889732] request_mem_region OK!
[   22.893123] AXI fpga dev virtual address is 0xdf9fe000
[   22.898262] *base_vir_addr = 0xc51e
[   22.912876] In fpga mem driver!
[   22.916264] request_mem_region OK!
[   22.919769] fpga mem virtual address is 0xe2000000
[   23.715808] 
[   23.715808] bcm54xx_config_init
[   24.815814] 
[   24.815814] bcm54xx_config_init
[   28.816606] xemacps e000b000.ps7-ethernet: Set clk to 124999998 Hz
[   28.822709] xemacps e000b000.ps7-ethernet: link up (1000/FULL)
[ 1118.482652] random: nonblocking pool is initialized
[ 2010.591017] 
[ 2010.591017] bcm54xx_config_init
[ 2014.590471] xemacps e000b000.ps7-ethernet: Set clk to 124999998 Hz
[ 2014.596574] xemacps e000b000.ps7-ethernet: link up (1000/FULL)
main.c:13992: log_level = 4
main.c:14019: This is XILINX board. Totalram:       507486208
main.c:14031: Detect 512MB control board of XILINX
driver-bitmain.c:1776: mmap axi_fpga_addr = 0xb6f19000
driver-bitmain.c:1781: axi_fpga_addr data = 0xc51e
driver-bitmain.c:1797: mmap fpga_mem_addr = 0xb5d12000
driver-bitmain.c:994: forceFreq=-1 forceFlag=0
driver-bitmain.c:1696: min work minertest[0]:912


main.c:8570: DETECT HW version=0000c51e
main.c:14064: miner ID : 81048d0e7680881c
main.c:14089: Miner Type = S9
main.c:14101: AsicType = 1387
main.c:14104: real AsicNum = 63
main.c:14197: use critical mode to search freq...
driver-bitmain.c:1876: get PLUG ON=0x000000e0
driver-bitmain.c:1946: Find hashboard on Chain[5]
driver-bitmain.c:1946: Find hashboard on Chain[6]
driver-bitmain.c:1946: Find hashboard on Chain[7]
main.c:2282: Check chain[5] PIC fw version=0x03
main.c:2282: Check chain[6] PIC fw version=0x03
main.c:2282: Check chain[7] PIC fw version=0x03
main.c:8940: read pic freq and badcore num...
main.c:8961: chain[5]: [63:255] [63:255] [63:255] [63:255] [63:255] [63:255] [63:255] [63:255]
main.c:9003: has freq in PIC, will disable freq setting.
main.c:9099: chain[5] has freq in PIC and will jump over...
main.c:9103: Chain[5] has core num in PIC
main.c:9113: Chain[5] ASIC[4] has core num=1
main.c:9113: Chain[5] ASIC[32] has core num=9
main.c:9113: Chain[5] ASIC[44] has core num=1
main.c:9113: Chain[5] ASIC[47] has core num=15
main.c:9113: Chain[5] ASIC[56] has core num=1
main.c:2282: Check chain[5] PIC fw version=0x03
main.c:8940: read pic freq and badcore num...
main.c:8961: chain[6]: [63:255] [63:255] [63:255] [63:255] [63:255] [63:255] [63:255] [63:255]
main.c:9003: has freq in PIC, will disable freq setting.
main.c:9099: chain[6] has freq in PIC and will jump over...
main.c:9103: Chain[6] has core num in PIC
main.c:9113: Chain[6] ASIC[45] has core num=5
main.c:9113: Chain[6] ASIC[50] has core num=4
main.c:2282: Check chain[6] PIC fw version=0x03
main.c:8940: read pic freq and badcore num...
main.c:8961: chain[7]: [63:255] [63:255] [63:255] [63:255] [63:255] [63:255] [63:255] [63:255]
main.c:9003: has freq in PIC, will disable freq setting.
main.c:9099: chain[7] has freq in PIC and will jump over...
main.c:9103: Chain[7] has core num in PIC
main.c:9113: Chain[7] ASIC[9] has core num=1
main.c:9113: Chain[7] ASIC[32] has core num=12
main.c:9113: Chain[7] ASIC[39] has core num=1
main.c:9113: Chain[7] ASIC[41] has core num=15
main.c:9113: Chain[7] ASIC[45] has core num=11
main.c:9113: Chain[7] ASIC[47] has core num=2
main.c:9113: Chain[7] ASIC[51] has core num=4
main.c:9113: Chain[7] ASIC[54] has core num=1
main.c:2282: Check chain[7] PIC fw version=0x03
main.c:9183: get PIC voltage=6 on chain[5], value=940
main.c:9183: get PIC voltage=6 on chain[6], value=940
main.c:9183: get PIC voltage=6 on chain[7], value=940
main.c:9349: chain[5] temp offset record: 62,0,0,0,0,0,41,28
main.c:9366: chain[5] temp chip I2C addr=0x9a
main.c:9349: chain[6] temp offset record: 62,0,0,0,0,0,41,28
main.c:9366: chain[6] temp chip I2C addr=0x9a
main.c:9349: chain[7] temp offset record: 62,0,0,0,0,0,41,28
main.c:9366: chain[7] temp chip I2C addr=0x9a
main.c:13956: total_exist_chain_num = 3
main.c:9562: CRC error counter=0
main.c:9577: set command mode to VIL
main.c:9649: 
--- check asic number
main.c:9745: After Get ASIC NUM CRC error counter=0
main.c:9768: set_baud=0
main.c:10693: The min freq=700
main.c:10695: set real timeout 52, need sleep=379392
main.c:12825: After TEST CRC error counter=0
main.c:14236: search freq for 1 times, completed chain = 3, total chain num = 3 
board_frq_tuning.c:628: single_board_frq_tuning enter
board_frq_tuning.c:629: min_rate, des_rate, fix_volt:13800, 14000, 880
board_frq_tuning.c:254: force_freq not set, don't need tuning
main.c:14645: restart Miner chance num=2
main.c:14685: waiting for receive_func to exit!
main.c:14699: waiting for pic heart to exit!
main.c:13927: bmminer not found= 1830 root       0:00 grep bmminer

main.c:14758: bmminer not found, restart bmminer ...
driver-btm-c5.c:12243:bitmain_c5_init: This is user mode for mining
driver-btm-c5.c:12292:bitmain_c5_init: Detect 512MB control board of XILINX
driver-btm-c5.c:12313:bitmain_c5_init: Miner Type = S9
driver-btm-c5.c:12324:bitmain_c5_init: Miner compile time: Wed Jul 31 16:18:27 CST 2019 type: Antminer S9
driver-btm-c5.c:12414:bitmain_c5_init: miner ID : 81048d0e7680881c
driver-btm-c5.c:12571:bitmain_c5_init: Checking fans...
driver-btm-c5.c:3006:check_fan_beforeInit: get fan[4] speed=4200
driver-btm-c5.c:3006:check_fan_beforeInit: get fan[4] speed=4200
driver-btm-c5.c:3006:check_fan_beforeInit: get fan[5] speed=5880
driver-btm-c5.c:3006:check_fan_beforeInit: get fan[4] speed=4200
driver-btm-c5.c:3006:check_fan_beforeInit: get fan[5] speed=5880
driver-btm-c5.c:3006:check_fan_beforeInit: get fan[4] speed=4200
driver-btm-c5.c:3006:check_fan_beforeInit: get fan[5] speed=5880
driver-btm-c5.c:13108:bitmain_c5_init: chain[5]: [63:255] [63:255] [63:255] [63:255] [63:255] [63:255] [63:255] [63:255]
driver-btm-c5.c:13122:bitmain_c5_init: last_freq: 0x00 0x7d 0x00 0x4c 0x00 0x4c 0x04 0x4c 0x0c 0x4c 0x00 0x4c 0x03 0x4c 0x03 0x4c 0x03 0x4c 0x03 0x4c 0x03 0x4c 0x03 0x4c 0x01 0x4c 0x01 0x4c 0x0f 0x4c 0x0f 0x4c 0x0f 0x4c 0x0f 0x4c 0x05 0x4c 0x07 0x4c 0x23 0x4c 0x00 0x4c 0x00 0x4c 0x00 0x4c 0x00 0x4c 0x00 0x4c 0x00 0x4c 0x00 0x4c 0x00 0x4c 0x00 0x4c 0x00 0x4c 0x00 0x4c 0x00 0x4c 0x00 0x4c 0x00 0x4c 0x00 0x4c 0x00 0x4c 0x00 0x4c 0x00 0x4c 0x00 0x4c 0x00 0x4c 0x00 0x4c 0x00 0x4c 0x00 0x4c 0x00 0x4c 0x00 0x4c 0x00 0x4c 0x00 0x4c 0x00 0x4c 0x00 0x4c 0x00 0x4c 0x00 0x4c 0x00 0x4c 0x00 0x4c 0x00 0x4c 0x00 0x4c 0x00 0x4c 0x00 0x4c 0x00 0x4c 0x00 0x4c 0x00 0x4c 0x00 0x4c 0x00 0x4c 0x00 0x4c 
driver-btm-c5.c:13149:bitmain_c5_init: Detect: use voltage limit rules on single board!
driver-btm-c5.c:13155:bitmain_c5_init: Detect: S9_63 use voltage level=1 : 1
driver-btm-c5.c:13171:bitmain_c5_init: Chain[J6] has backup chain_voltage=870
driver-btm-c5.c:13188:bitmain_c5_init: No scan based on domain
driver-btm-c5.c:1899:jump_to_app_CheckAndRestorePIC: Check chain[5] PIC fw version=0x03
driver-btm-c5.c:13108:bitmain_c5_init: chain[6]: [63:255] [63:255] [63:255] [63:255] [63:255] [63:255] [63:255] [63:255]
driver-btm-c5.c:13122:bitmain_c5_init: last_freq: 0x00 0x7d 0x00 0x47 0x00 0x47 0x04 0x47 0x07 0x47 0x00 0x47 0x03 0x47 0x03 0x47 0x03 0x47 0x03 0x47 0x03 0x47 0x03 0x47 0x01 0x47 0x01 0x47 0x0f 0x47 0x0f 0x47 0x0f 0x47 0x0f 0x47 0x05 0x47 0x09 0x47 0x23 0x47 0x00 0x47 0x00 0x47 0x00 0x47 0x00 0x47 0x00 0x47 0x00 0x47 0x00 0x47 0x00 0x47 0x00 0x47 0x00 0x47 0x00 0x47 0x00 0x47 0x00 0x47 0x00 0x47 0x00 0x47 0x00 0x47 0x00 0x47 0x00 0x47 0x00 0x47 0x00 0x47 0x00 0x47 0x00 0x47 0x00 0x47 0x00 0x47 0x00 0x47 0x00 0x47 0x00 0x47 0x00 0x47 0x00 0x47 0x00 0x47 0x00 0x47 0x00 0x47 0x00 0x47 0x00 0x47 0x00 0x47 0x00 0x47 0x00 0x47 0x00 0x47 0x00 0x47 0x00 0x47 0x00 0x47 0x00 0x47 0x00 0x47 
driver-btm-c5.c:13149:bitmain_c5_init: Detect: use voltage limit rules on single board!
driver-btm-c5.c:13155:bitmain_c5_init: Detect: S9_63 use voltage level=1 : 1
driver-btm-c5.c:13171:bitmain_c5_init: Chain[J7] has backup chain_voltage=890
driver-btm-c5.c:13188:bitmain_c5_init: No scan based on domain
driver-btm-c5.c:1899:jump_to_app_CheckAndRestorePIC: Check chain[6] PIC fw version=0x03
driver-btm-c5.c:13108:bitmain_c5_init: chain[7]: [63:255] [63:255] [63:255] [63:255] [63:255] [63:255] [63:255] [63:255]
driver-btm-c5.c:13122:bitmain_c5_init: last_freq: 0x00 0x7d 0x00 0x4d 0x00 0x4d 0x04 0x4d 0x0d 0x4d 0x00 0x4d 0x03 0x4d 0x03 0x4d 0x03 0x4d 0x03 0x4d 0x03 0x4d 0x03 0x4d 0x01 0x4d 0x01 0x4d 0x0f 0x4d 0x0f 0x4d 0x0f 0x4d 0x0f 0x4d 0x05 0x4d 0x07 0x4d 0x23 0x4d 0x00 0x4d 0x00 0x4d 0x00 0x4d 0x00 0x4d 0x00 0x4d 0x00 0x4d 0x00 0x4d 0x00 0x4d 0x00 0x4d 0x00 0x4d 0x00 0x4d 0x00 0x4d 0x00 0x4d 0x00 0x4d 0x00 0x4d 0x00 0x4d 0x00 0x4d 0x00 0x4d 0x00 0x4d 0x00 0x4d 0x00 0x4d 0x00 0x4d 0x00 0x4d 0x00 0x4d 0x00 0x4d 0x00 0x4d 0x00 0x4d 0x00 0x4d 0x00 0x4d 0x00 0x4d 0x00 0x4d 0x00 0x4d 0x00 0x4d 0x00 0x4d 0x00 0x4d 0x00 0x4d 0x00 0x4d 0x00 0x4d 0x00 0x4d 0x00 0x4d 0x00 0x4d 0x00 0x4d 0x00 0x4d 
driver-btm-c5.c:13149:bitmain_c5_init: Detect: use voltage limit rules on single board!
driver-btm-c5.c:13155:bitmain_c5_init: Detect: S9_63 use voltage level=1 : 1
driver-btm-c5.c:13171:bitmain_c5_init: Chain[J8] has backup chain_voltage=870
driver-btm-c5.c:13188:bitmain_c5_init: No scan based on domain
driver-btm-c5.c:1899:jump_to_app_CheckAndRestorePIC: Check chain[7] PIC fw version=0x03
driver-btm-c5.c:12195:init_exist_chain_table: total_exist_chain_num = 3
driver-btm-c5.c:13303:bitmain_c5_init: Chain[J6] orignal chain_voltage_pic=6 value=940
driver-btm-c5.c:13320:bitmain_c5_init: Chain[J6] will use backup chain_voltage_pic=870 [125]
driver-btm-c5.c:13330:bitmain_c5_init: Chain[J6] get working chain_voltage_pic=125
driver-btm-c5.c:13303:bitmain_c5_init: Chain[J7] orignal chain_voltage_pic=6 value=940
driver-btm-c5.c:13320:bitmain_c5_init: Chain[J7] will use backup chain_voltage_pic=890 [91]
driver-btm-c5.c:13330:bitmain_c5_init: Chain[J7] get working chain_voltage_pic=91
driver-btm-c5.c:13303:bitmain_c5_init: Chain[J8] orignal chain_voltage_pic=6 value=940
driver-btm-c5.c:13320:bitmain_c5_init: Chain[J8] will use backup chain_voltage_pic=870 [125]
driver-btm-c5.c:13330:bitmain_c5_init: Chain[J8] get working chain_voltage_pic=125
driver-btm-c5.c:13421:bitmain_c5_init: Chain[J6] has 0 asic
driver-btm-c5.c:13449:bitmain_c5_init: retry Chain[J6] has 0 asic
driver-btm-c5.c:13449:bitmain_c5_init: retry Chain[J6] has 0 asic
driver-btm-c5.c:13449:bitmain_c5_init: retry Chain[J6] has 0 asic
driver-btm-c5.c:13449:bitmain_c5_init: retry Chain[J6] has 0 asic
driver-btm-c5.c:13449:bitmain_c5_init: retry Chain[J6] has 0 asic
driver-btm-c5.c:13449:bitmain_c5_init: retry Chain[J6] has 0 asic
driver-btm-c5.c:13421:bitmain_c5_init: Chain[J7] has 63 asic
driver-btm-c5.c:13421:bitmain_c5_init: Chain[J8] has 63 asic
driver-btm-c5.c:4531:set_frequency: Chain[J7] has core num in PIC
driver-btm-c5.c:4541:set_frequency: Chain[J7] ASIC[45] has core num=5
driver-btm-c5.c:4541:set_frequency: Chain[J7] ASIC[50] has core num=4
driver-btm-c5.c:4531:set_frequency: Chain[J8] has core num in PIC
driver-btm-c5.c:4541:set_frequency: Chain[J8] ASIC[9] has core num=1
driver-btm-c5.c:4541:set_frequency: Chain[J8] ASIC[32] has core num=12
driver-btm-c5.c:4541:set_frequency: Chain[J8] ASIC[39] has core num=1
driver-btm-c5.c:4541:set_frequency: Chain[J8] ASIC[41] has core num=15
driver-btm-c5.c:4541:set_frequency: Chain[J8] ASIC[45] has core num=11
driver-btm-c5.c:4541:set_frequency: Chain[J8] ASIC[47] has core num=2
driver-btm-c5.c:4541:set_frequency: Chain[J8] ASIC[51] has core num=4
driver-btm-c5.c:4541:set_frequency: Chain[J8] ASIC[54] has core num=1
driver-btm-c5.c:4571:set_frequency: miner total rate=9226GH/s ideal_total_hash_rate = 9000GH/s
driver-btm-c5.c:4596:set_frequency: read PIC voltage=940 on chain[6]
driver-btm-c5.c:4598:set_frequency: Chain:6 chipnum=63
driver-btm-c5.c:4618:set_frequency: Chain[J7] voltage added=0.0V
driver-btm-c5.c:4768:set_frequency: Chain:6 temp offset=0
driver-btm-c5.c:4773:set_frequency: Chain:6 base freq=631
Asic[ 0]:631 Asic[ 1]:631 Asic[ 2]:631 Asic[ 3]:631 Asic[ 4]:631 Asic[ 5]:631 Asic[ 6]:631 Asic[ 7]:631 
Asic[ 8]:631 Asic[ 9]:631 Asic[10]:631 Asic[11]:631 Asic[12]:631 Asic[13]:631 Asic[14]:631 Asic[15]:631 
Asic[16]:631 Asic[17]:631 Asic[18]:631 Asic[19]:631 Asic[20]:631 Asic[21]:631 Asic[22]:631 Asic[23]:631 
Asic[24]:631 Asic[25]:631 Asic[26]:631 Asic[27]:631 Asic[28]:631 Asic[29]:631 Asic[30]:631 Asic[31]:631 
Asic[32]:631 Asic[33]:631 Asic[34]:631 Asic[35]:631 Asic[36]:631 Asic[37]:631 Asic[38]:631 Asic[39]:631 
Asic[40]:631 Asic[41]:631 Asic[42]:631 Asic[43]:631 Asic[44]:631 Asic[45]:631 Asic[46]:631 Asic[47]:631 
Asic[48]:631 Asic[49]:631 Asic[50]:631 Asic[51]:631 Asic[52]:631 Asic[53]:631 Asic[54]:631 Asic[55]:631 
Asic[56]:631 Asic[57]:631 Asic[58]:631 Asic[59]:631 Asic[60]:631 Asic[61]:631 Asic[62]:631 
driver-btm-c5.c:4809:set_frequency: Chain:6 max freq=631
driver-btm-c5.c:4810:set_frequency: Chain:6 min freq=631

driver-btm-c5.c:4596:set_frequency: read PIC voltage=940 on chain[7]
driver-btm-c5.c:4598:set_frequency: Chain:7 chipnum=63
driver-btm-c5.c:4618:set_frequency: Chain[J8] voltage added=0.0V
driver-btm-c5.c:4768:set_frequency: Chain:7 temp offset=0
driver-btm-c5.c:4773:set_frequency: Chain:7 base freq=668
Asic[ 0]:668 Asic[ 1]:668 Asic[ 2]:668 Asic[ 3]:668 Asic[ 4]:668 Asic[ 5]:668 Asic[ 6]:668 Asic[ 7]:668 
Asic[ 8]:668 Asic[ 9]:668 Asic[10]:668 Asic[11]:668 Asic[12]:668 Asic[13]:668 Asic[14]:668 Asic[15]:668 
Asic[16]:668 Asic[17]:668 Asic[18]:668 Asic[19]:668 Asic[20]:668 Asic[21]:668 Asic[22]:668 Asic[23]:668 
Asic[24]:668 Asic[25]:668 Asic[26]:668 Asic[27]:668 Asic[28]:668 Asic[29]:668 Asic[30]:668 Asic[31]:668 
Asic[32]:668 Asic[33]:668 Asic[34]:668 Asic[35]:668 Asic[36]:668 Asic[37]:668 Asic[38]:668 Asic[39]:668 
Asic[40]:668 Asic[41]:668 Asic[42]:668 Asic[43]:668 Asic[44]:668 Asic[45]:668 Asic[46]:668 Asic[47]:668 
Asic[48]:668 Asic[49]:668 Asic[50]:668 Asic[51]:668 Asic[52]:668 Asic[53]:668 Asic[54]:668 Asic[55]:668 
Asic[56]:668 Asic[57]:668 Asic[58]:668 Asic[59]:668 Asic[60]:668 Asic[61]:668 Asic[62]:668 
driver-btm-c5.c:4809:set_frequency: Chain:7 max freq=668
driver-btm-c5.c:4810:set_frequency: Chain:7 min freq=668


driver-btm-c5.c:4819:set_frequency: Miner fix freq ...
driver-btm-c5.c:4854:set_frequency: read PIC voltage=940 on chain[6]
driver-btm-c5.c:4855:set_frequency: Chain:6 chipnum=63
driver-btm-c5.c:4874:set_frequency: Chain[J7] voltage added=0.0V
driver-btm-c5.c:5058:set_frequency: Chain:6 temp offset=0
driver-btm-c5.c:5063:set_frequency: Chain:6 base freq=631
Asic[ 0]:631 Asic[ 1]:631 Asic[ 2]:631 Asic[ 3]:631 Asic[ 4]:631 Asic[ 5]:631 Asic[ 6]:631 Asic[ 7]:631 
Asic[ 8]:631 Asic[ 9]:631 Asic[10]:631 Asic[11]:631 Asic[12]:631 Asic[13]:631 Asic[14]:631 Asic[15]:631 
Asic[16]:631 Asic[17]:631 Asic[18]:631 Asic[19]:631 Asic[20]:631 Asic[21]:631 Asic[22]:631 Asic[23]:631 
Asic[24]:631 Asic[25]:631 Asic[26]:631 Asic[27]:631 Asic[28]:631 Asic[29]:631 Asic[30]:631 Asic[31]:631 
Asic[32]:631 Asic[33]:631 Asic[34]:631 Asic[35]:631 Asic[36]:631 Asic[37]:631 Asic[38]:631 Asic[39]:631 
Asic[40]:631 Asic[41]:631 Asic[42]:631 Asic[43]:631 Asic[44]:631 Asic[45]:631 Asic[46]:631 Asic[47]:631 
Asic[48]:631 Asic[49]:631 Asic[50]:631 Asic[51]:631 Asic[52]:631 Asic[53]:631 Asic[54]:631 Asic[55]:631 
Asic[56]:631 Asic[57]:631 Asic[58]:631 Asic[59]:631 Asic[60]:631 Asic[61]:631 Asic[62]:631 
driver-btm-c5.c:5110:set_frequency: Chain:6 max freq=631
driver-btm-c5.c:5111:set_frequency: Chain:6 min freq=631

driver-btm-c5.c:4854:set_frequency: read PIC voltage=940 on chain[7]
driver-btm-c5.c:4855:set_frequency: Chain:7 chipnum=63
driver-btm-c5.c:4874:set_frequency: Chain[J8] voltage added=0.0V
driver-btm-c5.c:5058:set_frequency: Chain:7 temp offset=0
driver-btm-c5.c:5063:set_frequency: Chain:7 base freq=668
Asic[ 0]:668 Asic[ 1]:668 Asic[ 2]:668 Asic[ 3]:668 Asic[ 4]:668 Asic[ 5]:668 Asic[ 6]:668 Asic[ 7]:668 
Asic[ 8]:668 Asic[ 9]:668 Asic[10]:668 Asic[11]:668 Asic[12]:668 Asic[13]:668 Asic[14]:668 Asic[15]:668 
Asic[16]:668 Asic[17]:668 Asic[18]:668 Asic[19]:668 Asic[20]:668 Asic[21]:668 Asic[22]:668 Asic[23]:668 
Asic[24]:668 Asic[25]:668 Asic[26]:668 Asic[27]:668 Asic[28]:668 Asic[29]:668 Asic[30]:668 Asic[31]:668 
Asic[32]:668 Asic[33]:668 Asic[34]:668 Asic[35]:668 Asic[36]:668 Asic[37]:668 Asic[38]:668 Asic[39]:668 
Asic[40]:668 Asic[41]:668 Asic[42]:668 Asic[43]:668 Asic[44]:668 Asic[45]:668 Asic[46]:668 Asic[47]:668 
Asic[48]:668 Asic[49]:668 Asic[50]:668 Asic[51]:668 Asic[52]:668 Asic[53]:668 Asic[54]:668 Asic[55]:668 
Asic[56]:668 Asic[57]:668 Asic[58]:668 Asic[59]:668 Asic[60]:668 Asic[61]:668 Asic[62]:668 
driver-btm-c5.c:5110:set_frequency: Chain:7 max freq=668
driver-btm-c5.c:5111:set_frequency: Chain:7 min freq=668

driver-btm-c5.c:5119:set_frequency: max freq = 668
driver-btm-c5.c:4162:ProcessFixFreq: totalRate = 9226, fixed_totalRate = 9000
driver-btm-c5.c:9604:init_uart_baud: set baud=1
driver-btm-c5.c:6593:calibration_sensor_offset: Chain[J7] PIC temp offset: 62,0,0,0,0,0,41,28,0,0,0,0,0,0,0,0,0,0,
driver-btm-c5.c:6627:calibration_sensor_offset: chain[7] temp chip I2C addr=0x9a
driver-btm-c5.c:6635:calibration_sensor_offset: chain[7] has no middle temp, use special fix mode.
driver-btm-c5.c:6660:calibration_sensor_offset: Chain[J7] chip[244] use PIC middle temp offset=0 typeID=55
driver-btm-c5.c:6384:do_calibration_sensor_offset: New offset Chain[7] chip[244] local:17 remote:14 offset:32 
driver-btm-c5.c:6753:calibration_sensor_offset: Chain[J7] chip[244] get middle temp offset=32 typeID=55
driver-btm-c5.c:6593:calibration_sensor_offset: Chain[J8] PIC temp offset: 62,0,0,0,0,0,41,28,0,0,0,0,0,0,0,0,0,0,
driver-btm-c5.c:6627:calibration_sensor_offset: chain[8] temp chip I2C addr=0x9a
driver-btm-c5.c:6635:calibration_sensor_offset: chain[8] has no middle temp, use special fix mode.
driver-btm-c5.c:6660:calibration_sensor_offset: Chain[J8] chip[244] use PIC middle temp offset=0 typeID=55
driver-btm-c5.c:6384:do_calibration_sensor_offset: New offset Chain[8] chip[244] local:17 remote:15 offset:31 
driver-btm-c5.c:6753:calibration_sensor_offset: Chain[J8] chip[244] get middle temp offset=31 typeID=55
driver-btm-c5.c:12103:set_working_voltage: setting to working voltage...
driver-btm-c5.c:12083:slowly_downgrade_voltage_all_chain: chain[6] set voltage to 930
driver-btm-c5.c:12083:slowly_downgrade_voltage_all_chain: chain[7] set voltage to 930
driver-btm-c5.c:12083:slowly_downgrade_voltage_all_chain: chain[6] set voltage to 920
driver-btm-c5.c:12083:slowly_downgrade_voltage_all_chain: chain[7] set voltage to 920
driver-btm-c5.c:12083:slowly_downgrade_voltage_all_chain: chain[6] set voltage to 910
driver-btm-c5.c:12083:slowly_downgrade_voltage_all_chain: chain[7] set voltage to 910
driver-btm-c5.c:12083:slowly_downgrade_voltage_all_chain: chain[6] set voltage to 900
driver-btm-c5.c:12083:slowly_downgrade_voltage_all_chain: chain[7] set voltage to 900
driver-btm-c5.c:12083:slowly_downgrade_voltage_all_chain: chain[6] set voltage to 890
driver-btm-c5.c:12083:slowly_downgrade_voltage_all_chain: chain[7] set voltage to 890
driver-btm-c5.c:12083:slowly_downgrade_voltage_all_chain: chain[7] set voltage to 880
driver-btm-c5.c:12083:slowly_downgrade_voltage_all_chain: chain[7] set voltage to 870
driver-btm-c5.c:13954:bitmain_c5_init: start thread for read temp
setStartTimePoint total_tv_start_sys=170 total_tv_end_sys=171
driver-btm-c5.c:10320:check_system_work: restartNum = 2 , auto-reinit enabled...
driver-btm-c5.c:8727:read_temp_func: bring_up_pcb_temp = 33
driver-btm-c5.c:9887:if_avg_hash_ok: avg hash rate = 9006.830283, ideal hash rate = 9000
driver-btm-c5.c:10382:check_system_work: hash rate is ok now
driver-btm-c5.c:10200:check_avg_rate: avg_rate = 9144, ideal_total_hash_rate = 9000
driver-btm-c5.c:10205:check_avg_rate: avg hash rate is OK
driver-btm-c5.c:10200:check_avg_rate: avg_rate = 9108, ideal_total_hash_rate = 9000
driver-btm-c5.c:10205:check_avg_rate: avg hash rate is OK
do read_temp_func once...

get RT hashrate from Chain[6]: (asic index start from 1-63)
Asic[01]=72.9970 Asic[02]=63.1320 Asic[03]=75.2120 Asic[04]=72.2760 Asic[05]=67.6960 Asic[06]=71.5880 Asic[07]=76.9570 Asic[08]=69.7590 
Asic[09]=69.3570 Asic[10]=72.3760 Asic[11]=67.7790 Asic[12]=73.6010 Asic[13]=66.9070 Asic[14]=71.3530 Asic[15]=76.3190 Asic[16]=72.0740 
Asic[17]=73.4330 Asic[18]=67.0240 Asic[19]=72.3930 Asic[20]=71.4370 Asic[21]=73.9530 Asic[22]=73.5680 Asic[23]=67.5450 Asic[24]=70.9500 
Asic[25]=75.8330 Asic[26]=72.4270 Asic[27]=75.9500 Asic[28]=68.1820 Asic[29]=70.0610 Asic[30]=76.6880 Asic[31]=70.1450 Asic[32]=72.5270 
Asic[33]=69.4400 Asic[34]=71.6720 Asic[35]=74.6750 Asic[36]=69.4570 Asic[37]=74.6250 Asic[38]=69.1890 Asic[39]=76.3020 Asic[40]=74.1550 
Asic[41]=70.0280 Asic[42]=72.4440 Asic[43]=68.2830 Asic[44]=69.5080 Asic[45]=73.0640 Asic[46]=65.4980 Asic[47]=71.1350 Asic[48]=67.9640 
Asic[49]=70.6820 Asic[50]=74.3060 Asic[51]=67.0580 Asic[52]=75.1450 Asic[53]=69.3730 Asic[54]=73.4840 Asic[55]=74.6410 Asic[56]=71.1010 
Asic[57]=73.1650 Asic[58]=72.0910 Asic[59]=70.2460 Asic[60]=71.3190 Asic[61]=69.6920 Asic[62]=69.7760 Asic[63]=65.4810 

get RT hashrate from Chain[7]: (asic index start from 1-63)
Asic[01]=79.0370 Asic[02]=76.1680 Asic[03]=75.5980 Asic[04]=80.9660 Asic[05]=77.7120 Asic[06]=83.0800 Asic[07]=80.8320 Asic[08]=76.4030 
Asic[09]=77.7450 Asic[10]=68.9540 Asic[11]=77.0240 Asic[12]=76.1680 Asic[13]=79.0710 Asic[14]=81.2520 Asic[15]=74.2550 Asic[16]=82.2920 
Asic[17]=78.7180 Asic[18]=76.1180 Asic[19]=72.1580 Asic[20]=76.1680 Asic[21]=77.7120 Asic[22]=74.3900 Asic[23]=79.0370 Asic[24]=76.3190 
Asic[25]=73.4500 Asic[26]=80.2110 Asic[27]=78.1480 Asic[28]=78.1650 Asic[29]=76.3860 Asic[30]=78.5340 Asic[31]=77.5100 Asic[32]=73.4170 
Asic[33]=55.2800 Asic[34]=74.7420 Asic[35]=78.5840 Asic[36]=75.1280 Asic[37]=79.5570 Asic[38]=76.0170 Asic[39]=77.6950 Asic[40]=68.2490 
Asic[41]=72.2420 Asic[42]=26.3230 Asic[43]=77.3930 Asic[44]=78.9530 Asic[45]=74.7590 Asic[46]=74.6920 Asic[47]=74.3560 Asic[48]=74.4060 
Asic[49]=77.8960 Asic[50]=78.8690 Asic[51]=78.9530 Asic[52]=74.1380 Asic[53]=72.3430 Asic[54]=82.0400 Asic[55]=73.8360 Asic[56]=74.3560 
Asic[57]=71.1350 Asic[58]=72.8290 Asic[59]=77.1410 Asic[60]=72.4770 Asic[61]=75.2960 Asic[62]=75.0940 Asic[63]=77.2080 
Check Chain[J7] ASIC RT error: (asic index start from 1-63)
Check Chain[J8] ASIC RT error: (asic index start from 1-63)
Done check_asic_reg
Chain[6] Chip[244] pcb temperature=45
Chain[6] Chip[62] junction temperature=29
Special fix Chain[6] Chip[62] middle Temp = 60
Done read temp on Chain[6]
Chain[7] Chip[244] pcb temperature=48
read failed on Chain[7] Chip[62] middle Temp old value:63
Special fix Chain[7] Chip[62] middle Temp = 63
Done read temp on Chain[7]
Max pcb temp : 48
set FAN speed according to: temp_highest=48 temp_top1[PWM_T]=48 temp_top1[TEMP_POS_LOCAL]=48 temp_change=0 fix_fan_steps=0
FAN PWM: 46
read_temp_func Done!
CRC error counter=0

==== Miner Status
Miner Status
Summary
Elapsed	GH/S(RT)	GH/S(avg)	FoundBlocks	LocalWork	Utility	WU	BestShare
37m11s
9,270.653
9,124.81
0
76,455
6.56
119,850.69
3186071
Pools
Pool	URL	User	Status	Diff	GetWorks	Priority	Accepted	Diff1#	DiffA#	DiffR#	DiffS#	Rejected	Discarded	Stale	LSDiff	LSTime
0
stratum+tcp://ss.antpool.com:3333
cat9bit.2021.10
Alive
16.4K
86
0
244
0
4,423,680
32,768
0
1
1,204
0
16,384
0:00:20
1
stratum+tcp://ss.antpool.com:443
cat9bit.2021.10
Alive
2
1
0
0
0
0
0
0
0
0
0
Never
2
stratum+tcp://ss.antpool.com:25
cat9bit.2021.10
Dead
0
2
0
0
0
0
0
0
0
0
0
Never
total
88
244
0
4,423,680
32,768
0
1
1,204
0
HW
1
0
0.0000%
AntMiner
Chain#	ASIC#	Frequency(avg)	GH/S(ideal)	GH/S(RT)	HW	Temp(Chip1)	Temp(Chip2)	ASIC status
7
63
627.38
4,500.17
4,567.26
0
-
59
oooooooo oooooooo oooooooo oooooooo oooooooo oooooooo oooooooo ooooooo
8
63
635.90
4,500.97
4,703.39
1
-
62
oooooooo oooooooo oooooooo oooooooo oooooooo oooooooo oooooooo ooooooo
Total
126
631.64
9,001.14
9,270.65
Fan#	Fan1	Fan2	Fan3	Fan4	Fan5	Fan6	Fan7	Fan8
Speed (r/min)	0	0	0	0	3,960	4,080	0	0
