
Antminer S9
Hostname	crs-s9-w5
Model	GNU/Linux
Hardware Version	30.0.1.3
Kernel Version	Linux 3.14.0-xilinx-g16220c3 #83 SMP PREEMPT Thu Jul 12 11:42:53 CST 2018
File System Version	Wed Jul 31 16:18:27 CST 2019
Logic Version	V1.3.58
BMminer Version	2.0.0
Uptime	12
Load Average	0.14, 0.22, 0.12
Memory
Total Available	
35844 kB / 1015384 kB (4%)
Free	
979540 kB / 1015384 kB (96%)
Cached	
0 kB / 1015384 kB (0%)
Buffered	
0 kB / 1015384 kB (0%)
Network
IP Status	

eth0	Type: DHCP
Address: 192.168.128.237
Netmask: 255.255.255.0

==== Monitor

Mem: 35800K used, 979584K free, 0K shrd, 837544K buff, 837592K cached
CPU:  0.0% usr  5.2% sys  0.0% nic 94.7% idle  0.0% io  0.0% irq  0.0% sirq
Load average: 0.12 0.21 0.12 1/68 24881
PID  PPID USER     STAT   VSZ %VSZ CPU %CPU COMMAND
1833     1 root     S <   149m 15.0   0  2.6 /usr/bin/bmminer --version-file /usr/bin/compile_time --api-listen --default-config /config/bmminer.conf
24783 24778 root     R     2836  0.2   1  2.6 top -b -n 1
1499     1 root     S    64272  6.3   1  0.0 single-board-test
1794     1 root     S     3084  0.3   0  0.0 /usr/bin/ntpd -p /var/run/ntp.pid -g
1514     1 root     S     2840  0.2   1  0.0 /sbin/getty 115200 ttyPS0
1515     1 root     S     2840  0.2   0  0.0 /sbin/getty 38400 tty1
1516     1 root     S     2836  0.2   1  0.0 {monitorcg} /bin/sh /sbin/monitorcg
1785     1 root     S     2836  0.2   1  0.0 udhcpc -b -t 10 -A 10 -x hostname crs-s9-w5 -i eth0
24778  1475 root     S     2836  0.2   1  0.0 /bin/sh /www/pages/cgi-bin/monitor.cgi
24785 24778 root     S     2836  0.2   0  0.0 /bin/sh /www/pages/cgi-bin/monitor.cgi
1475     1 root     S     2776  0.2   1  0.0 /usr/sbin/lighttpd -f /etc/lighttpd.conf
1849  1516 root     S     2704  0.2   1  0.0 sleep 20m
1467     1 avahi    S     2612  0.2   0  0.0 avahi-daemon: running [crs-s9-w5.local]
1468  1467 avahi    S     2612  0.2   1  0.0 avahi-daemon: chroot helper
1     0 root     S     1688  0.1   0  0.0 init [5]
1114     1 root     S     1676  0.1   1  0.0 /usr/bin/monitor-ipsig
1503     1 root     S     1672  0.1   0  0.0 /usr/bin/monitor-recobtn /usr/bin/factory_config_reset.sh
7     2 root     RW       0  0.0   0  0.0 [rcu_preempt]
3     2 root     SW       0  0.0   0  0.0 [ksoftirqd/0]
14     2 root     SW       0  0.0   1  0.0 [ksoftirqd/1]
1005     2 root     SW       0  0.0   0  0.0 [kworker/0:1]
346     2 root     SW       0  0.0   1  0.0 [kworker/1:1]
1086     2 root     SW       0  0.0   0  0.0 [ubifs_bgt0_0]
19     2 root     SW       0  0.0   0  0.0 [kworker/u4:1]
1084     2 root     SW       0  0.0   0  0.0 [ubi_bgt0d]
10     2 root     SW       0  0.0   0  0.0 [migration/0]
13     2 root     SW       0  0.0   1  0.0 [migration/1]
18     2 root     SW       0  0.0   1  0.0 [kdevtmpfs]
2     0 root     SW       0  0.0   0  0.0 [kthreadd]
4     2 root     SW       0  0.0   0  0.0 [kworker/0:0]
5     2 root     SW<      0  0.0   0  0.0 [kworker/0:0H]
8     2 root     SW       0  0.0   0  0.0 [rcu_sched]
9     2 root     SW       0  0.0   0  0.0 [rcu_bh]
11     2 root     SW       0  0.0   0  0.0 [watchdog/0]
12     2 root     SW       0  0.0   1  0.0 [watchdog/1]
16     2 root     SW<      0  0.0   1  0.0 [kworker/1:0H]
17     2 root     SW<      0  0.0   1  0.0 [khelper]
218     2 root     SW<      0  0.0   0  0.0 [writeback]
220     2 root     SW<      0  0.0   1  0.0 [bioset]
222     2 root     SW<      0  0.0   1  0.0 [kblockd]
238     2 root     SW       0  0.0   0  0.0 [khubd]
253     2 root     SW<      0  0.0   0  0.0 [edac-poller]
345     2 root     SW<      0  0.0   0  0.0 [rpciod]
356     2 root     SW       0  0.0   0  0.0 [khungtaskd]
361     2 root     SW       0  0.0   1  0.0 [kswapd0]
362     2 root     SW       0  0.0   1  0.0 [fsnotify_mark]
363     2 root     SW<      0  0.0   1  0.0 [nfsiod]
1004     2 root     SW<      0  0.0   1  0.0 [xemacps]
1020     2 root     SW<      0  0.0   0  0.0 [kpsmoused]
1067     2 root     SW       0  0.0   1  0.0 [irq/39-f8007100]
1079     2 root     SW<      0  0.0   1  0.0 [deferwq]
1428     2 root     SW       0  0.0   1  0.0 [kworker/1:2]
1787     2 root     SW       0  0.0   1  0.0 [kworker/u4:2]

==== Kernel Log

[    0.000000] Booting Linux on physical CPU 0x0
[    0.000000] Linux version 3.14.0-xilinx-g16220c3 (lzq@armdev2) (gcc version 4.8.3 20140320 (prerelease) (Sourcery CodeBench Lite 2014.05-23) ) #83 SMP PREEMPT Thu Jul 12 11:42:53 CST 2018
[    0.000000] CPU: ARMv7 Processor [413fc090] revision 0 (ARMv7), cr=18c5387d
[    0.000000] CPU: PIPT / VIPT nonaliasing data cache, VIPT aliasing instruction cache
[    0.000000] Machine model: Xilinx Zynq
[    0.000000] cma: CMA: reserved 128 MiB at 27800000
[    0.000000] Memory policy: Data cache writealloc
[    0.000000] On node 0 totalpages: 258048
[    0.000000] free_area_init_node: node 0, pgdat c074ac00, node_mem_map e6fd8000
[    0.000000]   Normal zone: 1520 pages used for memmap
[    0.000000]   Normal zone: 0 pages reserved
[    0.000000]   Normal zone: 194560 pages, LIFO batch:31
[    0.000000]   HighMem zone: 496 pages used for memmap
[    0.000000]   HighMem zone: 63488 pages, LIFO batch:15
[    0.000000] PERCPU: Embedded 8 pages/cpu @e6fc0000 s9088 r8192 d15488 u32768
[    0.000000] pcpu-alloc: s9088 r8192 d15488 u32768 alloc=8*4096
[    0.000000] pcpu-alloc: [0] 0 [0] 1 
[    0.000000] Built 1 zonelists in Zone order, mobility grouping on.  Total pages: 256528
[    0.000000] Kernel command line: noinitrd mem=1008M console=ttyPS0,115200 root=ubi0:rootfs ubi.mtd=1 rootfstype=ubifs rw rootwait
[    0.000000] PID hash table entries: 4096 (order: 2, 16384 bytes)
[    0.000000] Dentry cache hash table entries: 131072 (order: 7, 524288 bytes)
[    0.000000] Inode-cache hash table entries: 65536 (order: 6, 262144 bytes)
[    0.000000] Memory: 884108K/1032192K available (5057K kernel code, 284K rwdata, 1928K rodata, 204K init, 258K bss, 148084K reserved, 253952K highmem)
[    0.000000] Virtual kernel memory layout:
[    0.000000]     vector  : 0xffff0000 - 0xffff1000   (   4 kB)
[    0.000000]     fixmap  : 0xfff00000 - 0xfffe0000   ( 896 kB)
[    0.000000]     vmalloc : 0xf0000000 - 0xff000000   ( 240 MB)
[    0.000000]     lowmem  : 0xc0000000 - 0xef800000   ( 760 MB)
[    0.000000]     pkmap   : 0xbfe00000 - 0xc0000000   (   2 MB)
[    0.000000]     modules : 0xbf000000 - 0xbfe00000   (  14 MB)
[    0.000000]       .text : 0xc0008000 - 0xc06da8ac   (6987 kB)
[    0.000000]       .init : 0xc06db000 - 0xc070e380   ( 205 kB)
[    0.000000]       .data : 0xc0710000 - 0xc0757138   ( 285 kB)
[    0.000000]        .bss : 0xc0757144 - 0xc0797bfc   ( 259 kB)
[    0.000000] Preemptible hierarchical RCU implementation.
[    0.000000] 	Dump stacks of tasks blocking RCU-preempt GP.
[    0.000000] 	RCU restricting CPUs from NR_CPUS=4 to nr_cpu_ids=2.
[    0.000000] RCU: Adjusting geometry for rcu_fanout_leaf=16, nr_cpu_ids=2
[    0.000000] NR_IRQS:16 nr_irqs:16 16
[    0.000000] ps7-slcr mapped to f0004000
[    0.000000] zynq_clock_init: clkc starts at f0004100
[    0.000000] Zynq clock init
[    0.000015] sched_clock: 64 bits at 333MHz, resolution 3ns, wraps every 3298534883328ns
[    0.000291] ps7-ttc #0 at f0006000, irq=43
[    0.000590] Console: colour dummy device 80x30
[    0.000625] Calibrating delay loop... 1332.01 BogoMIPS (lpj=6660096)
[    0.090242] pid_max: default: 32768 minimum: 301
[    0.090453] Mount-cache hash table entries: 2048 (order: 1, 8192 bytes)
[    0.090474] Mountpoint-cache hash table entries: 2048 (order: 1, 8192 bytes)
[    0.092629] CPU: Testing write buffer coherency: ok
[    0.092947] CPU0: thread -1, cpu 0, socket 0, mpidr 80000000
[    0.093004] Setting up static identity map for 0x4cb118 - 0x4cb170
[    0.093222] L310 cache controller enabled
[    0.093242] l2x0: 8 ways, CACHE_ID 0x410000c8, AUX_CTRL 0x72760000, Cache size: 512 kB
[    0.170989] CPU1: Booted secondary processor
[    0.260218] CPU1: thread -1, cpu 1, socket 0, mpidr 80000001
[    0.260346] Brought up 2 CPUs
[    0.260365] SMP: Total of 2 processors activated.
[    0.260374] CPU: All CPU(s) started in SVC mode.
[    0.261036] devtmpfs: initialized
[    0.263458] VFP support v0.3: implementor 41 architecture 3 part 30 variant 9 rev 4
[    0.264643] regulator-dummy: no parameters
[    0.271995] NET: Registered protocol family 16
[    0.274208] DMA: preallocated 256 KiB pool for atomic coherent allocations
[    0.276465] cpuidle: using governor ladder
[    0.276478] cpuidle: using governor menu
[    0.283816] syscon f8000000.ps7-slcr: regmap [mem 0xf8000000-0xf8000fff] registered
[    0.285316] hw-breakpoint: found 5 (+1 reserved) breakpoint and 1 watchpoint registers.
[    0.285330] hw-breakpoint: maximum watchpoint size is 4 bytes.
[    0.285438] zynq-ocm f800c000.ps7-ocmc: ZYNQ OCM pool: 256 KiB @ 0xf0080000
[    0.306890] bio: create slab <bio-0> at 0
[    0.308245] vgaarb: loaded
[    0.308941] SCSI subsystem initialized
[    0.309792] usbcore: registered new interface driver usbfs
[    0.309967] usbcore: registered new interface driver hub
[    0.310481] usbcore: registered new device driver usb
[    0.311160] media: Linux media interface: v0.10
[    0.312005] Linux video capture interface: v2.00
[    0.312280] pps_core: LinuxPPS API ver. 1 registered
[    0.312292] pps_core: Software ver. 5.3.6 - Copyright 2005-2007 Rodolfo Giometti <giometti@linux.it>
[    0.312416] PTP clock support registered
[    0.312771] EDAC MC: Ver: 3.0.0
[    0.313963] Advanced Linux Sound Architecture Driver Initialized.
[    0.316671] DMA-API: preallocated 4096 debug entries
[    0.316685] DMA-API: debugging enabled by kernel config
[    0.316751] Switched to clocksource arm_global_timer
[    0.336304] NET: Registered protocol family 2
[    0.337031] TCP established hash table entries: 8192 (order: 3, 32768 bytes)
[    0.337127] TCP bind hash table entries: 8192 (order: 4, 65536 bytes)
[    0.337287] TCP: Hash tables configured (established 8192 bind 8192)
[    0.337353] TCP: reno registered
[    0.337369] UDP hash table entries: 512 (order: 2, 16384 bytes)
[    0.337419] UDP-Lite hash table entries: 512 (order: 2, 16384 bytes)
[    0.337672] NET: Registered protocol family 1
[    0.338016] RPC: Registered named UNIX socket transport module.
[    0.338029] RPC: Registered udp transport module.
[    0.338037] RPC: Registered tcp transport module.
[    0.338045] RPC: Registered tcp NFSv4.1 backchannel transport module.
[    0.338057] PCI: CLS 0 bytes, default 64
[    0.338479] hw perfevents: enabled with ARMv7 Cortex-A9 PMU driver, 7 counters available
[    0.340461] futex hash table entries: 512 (order: 3, 32768 bytes)
[    0.341804] bounce pool size: 64 pages
[    0.342672] jffs2: version 2.2. (NAND) Â© 2001-2006 Red Hat, Inc.
[    0.342870] msgmni has been set to 1486
[    0.343619] io scheduler noop registered
[    0.343632] io scheduler deadline registered
[    0.343674] io scheduler cfq registered (default)
[    0.354111] dma-pl330 f8003000.ps7-dma: Loaded driver for PL330 DMAC-2364208
[    0.354130] dma-pl330 f8003000.ps7-dma: 	DBUFF-128x8bytes Num_Chans-8 Num_Peri-4 Num_Events-16
[    0.477634] e0001000.serial: ttyPS0 at MMIO 0xe0001000 (irq = 82, base_baud = 3124999) is a xuartps
[    1.049948] console [ttyPS0] enabled
[    1.054208] xdevcfg f8007000.ps7-dev-cfg: ioremap 0xf8007000 to f0068000
[    1.061848] [drm] Initialized drm 1.1.0 20060810
[    1.078782] brd: module loaded
[    1.088150] loop: module loaded
[    1.097542] e1000e: Intel(R) PRO/1000 Network Driver - 2.3.2-k
[    1.103287] e1000e: Copyright(c) 1999 - 2013 Intel Corporation.
[    1.111245] libphy: XEMACPS mii bus: probed
[    1.115614] ------------- phy_id = 0x3625e62
[    1.120646] xemacps e000b000.ps7-ethernet: pdev->id -1, baseaddr 0xe000b000, irq 54
[    1.129459] ehci_hcd: USB 2.0 'Enhanced' Host Controller (EHCI) Driver
[    1.136072] ehci-pci: EHCI PCI platform driver
[    1.143310] zynq-dr e0002000.ps7-usb: Unable to init USB phy, missing?
[    1.150154] usbcore: registered new interface driver usb-storage
[    1.157018] mousedev: PS/2 mouse device common for all mice
[    1.163101] i2c /dev entries driver
[    1.169997] zynq-edac f8006000.ps7-ddrc: ecc not enabled
[    1.175479] cpufreq_cpu0: failed to get cpu0 regulator: -19
[    1.181394] Xilinx Zynq CpuIdle Driver started
[    1.186226] sdhci: Secure Digital Host Controller Interface driver
[    1.192420] sdhci: Copyright(c) Pierre Ossman
[    1.196693] sdhci-pltfm: SDHCI platform and OF driver helper
[    1.203518] mmc0: no vqmmc regulator found
[    1.207556] mmc0: no vmmc regulator found
[    1.246782] mmc0: SDHCI controller on e0100000.ps7-sdio [e0100000.ps7-sdio] using ADMA
[    1.255456] usbcore: registered new interface driver usbhid
[    1.260967] usbhid: USB HID core driver
[    1.265661] nand: device found, Manufacturer ID: 0x2c, Chip ID: 0xda
[    1.271951] nand: Micron MT29F2G08ABAEAWP
[    1.275927] nand: 256MiB, SLC, page size: 2048, OOB size: 64
[    1.281877] Bad block table found at page 131008, version 0x01
[    1.288123] Bad block table found at page 130944, version 0x01
[    1.294168] 3 ofpart partitions found on MTD device pl353-nand
[    1.299944] Creating 3 MTD partitions on "pl353-nand":
[    1.305044] 0x000000000000-0x000002000000 : "BOOT.bin-env-dts-kernel"
[    1.313081] 0x000002000000-0x00000b000000 : "angstram-rootfs"
[    1.320410] 0x00000b000000-0x000010000000 : "upgrade-rootfs"
[    1.331126] TCP: cubic registered
[    1.334361] NET: Registered protocol family 17
[    1.339059] Registering SWP/SWPB emulation handler
[    1.344961] regulator-dummy: disabling
[    1.349272] UBI: attaching mtd1 to ubi0
[    1.875652] UBI: scanning is finished
[    1.887263] UBI: attached mtd1 (name "angstram-rootfs", size 144 MiB) to ubi0
[    1.894316] UBI: PEB size: 131072 bytes (128 KiB), LEB size: 126976 bytes
[    1.901118] UBI: min./max. I/O unit sizes: 2048/2048, sub-page size 2048
[    1.907782] UBI: VID header offset: 2048 (aligned 2048), data offset: 4096
[    1.914626] UBI: good PEBs: 1152, bad PEBs: 0, corrupted PEBs: 0
[    1.920632] UBI: user volume: 1, internal volumes: 1, max. volumes count: 128
[    1.927753] UBI: max/mean erase counter: 2/0, WL threshold: 4096, image sequence number: 1113221046
[    1.936774] UBI: available PEBs: 0, total reserved PEBs: 1152, PEBs reserved for bad PEB handling: 40
[    1.945976] UBI: background thread "ubi_bgt0d" started, PID 1084
[    1.945981] drivers/rtc/hctosys.c: unable to open rtc device (rtc0)
[    1.949900] ALSA device list:
[    1.949903]   No soundcards found.
[    1.966256] UBIFS: background thread "ubifs_bgt0_0" started, PID 1086
[    1.995314] UBIFS: recovery needed
[    2.043908] UBIFS: recovery completed
[    2.047594] UBIFS: mounted UBI device 0, volume 0, name "rootfs"
[    2.053518] UBIFS: LEB size: 126976 bytes (124 KiB), min./max. I/O unit sizes: 2048 bytes/2048 bytes
[    2.062651] UBIFS: FS size: 128626688 bytes (122 MiB, 1013 LEBs), journal size 9023488 bytes (8 MiB, 72 LEBs)
[    2.072537] UBIFS: reserved for root: 0 bytes (0 KiB)
[    2.077576] UBIFS: media format: w4/r0 (latest is w4/r0), UUID E8A4479F-B15D-4C7A-964D-0F246E2BB6ED, small LPT model
[    2.089083] VFS: Mounted root (ubifs filesystem) on device 0:11.
[    2.096259] devtmpfs: mounted
[    2.099398] Freeing unused kernel memory: 204K (c06db000 - c070e000)
[    2.941079] random: dd urandom read with 1 bits of entropy available
[    3.326789] 
[    3.326789] bcm54xx_config_init
[    4.426790] 
[    4.426790] bcm54xx_config_init
[    8.427611] xemacps e000b000.ps7-ethernet: Set clk to 124999998 Hz
[    8.433713] xemacps e000b000.ps7-ethernet: link up (1000/FULL)
[   23.001705] In axi fpga driver!
[   23.004777] request_mem_region OK!
[   23.008208] AXI fpga dev virtual address is 0xf0200000
[   23.013277] *base_vir_addr = 0xc51e
[   23.028037] In fpga mem driver!
[   23.031245] request_mem_region OK!
[   23.034808] fpga mem virtual address is 0xf3000000
[   23.816765] 
[   23.816765] bcm54xx_config_init
[   24.906794] 
[   24.906794] bcm54xx_config_init
[   28.907627] xemacps e000b000.ps7-ethernet: Set clk to 124999998 Hz
[   28.913734] xemacps e000b000.ps7-ethernet: link up (1000/FULL)
main.c:13992: log_level = 4
main.c:14019: This is XILINX board. Totalram:       1039753216
main.c:14025: Detect 1GB control board of XILINX
driver-bitmain.c:1776: mmap axi_fpga_addr = 0xb6f29000
driver-bitmain.c:1781: axi_fpga_addr data = 0xc51e
driver-bitmain.c:1797: mmap fpga_mem_addr = 0xb5d22000
driver-bitmain.c:994: forceFreq=-1 forceFlag=0
driver-bitmain.c:1696: min work minertest[0]:912


main.c:8570: DETECT HW version=0000c51e
main.c:14064: miner ID : 802c144162bb885c
main.c:14089: Miner Type = S9
main.c:14101: AsicType = 1387
main.c:14104: real AsicNum = 63
main.c:14197: use critical mode to search freq...
driver-bitmain.c:1876: get PLUG ON=0x000000e0
driver-bitmain.c:1946: Find hashboard on Chain[5]
driver-bitmain.c:1946: Find hashboard on Chain[6]
driver-bitmain.c:1946: Find hashboard on Chain[7]
main.c:2282: Check chain[5] PIC fw version=0x03
main.c:2282: Check chain[6] PIC fw version=0x03
main.c:2282: Check chain[7] PIC fw version=0x03
main.c:8940: read pic freq and badcore num...
main.c:8961: chain[5]: [63:255] [63:255] [63:255] [63:255] [63:255] [63:255] [63:255] [63:255]
main.c:9003: has freq in PIC, will disable freq setting.
main.c:9099: chain[5] has freq in PIC and will jump over...
main.c:9103: Chain[5] has core num in PIC
main.c:9113: Chain[5] ASIC[31] has core num=1
main.c:9113: Chain[5] ASIC[35] has core num=2
main.c:9113: Chain[5] ASIC[39] has core num=5
main.c:9113: Chain[5] ASIC[41] has core num=1
main.c:9113: Chain[5] ASIC[43] has core num=15
main.c:9113: Chain[5] ASIC[44] has core num=2
main.c:9113: Chain[5] ASIC[61] has core num=2
main.c:2282: Check chain[5] PIC fw version=0x03
main.c:8940: read pic freq and badcore num...
main.c:8961: chain[6]: [63:255] [63:255] [63:255] [63:255] [63:255] [63:255] [63:255] [63:255]
main.c:9003: has freq in PIC, will disable freq setting.
main.c:9099: chain[6] has freq in PIC and will jump over...
main.c:9103: Chain[6] has core num in PIC
main.c:9113: Chain[6] ASIC[32] has core num=1
main.c:9113: Chain[6] ASIC[38] has core num=1
main.c:9113: Chain[6] ASIC[48] has core num=15
main.c:2282: Check chain[6] PIC fw version=0x03
main.c:8940: read pic freq and badcore num...
main.c:8961: chain[7]: [63:255] [63:255] [63:255] [63:255] [63:255] [63:255] [63:255] [63:255]
main.c:9003: has freq in PIC, will disable freq setting.
main.c:9099: chain[7] has freq in PIC and will jump over...
main.c:9103: Chain[7] has core num in PIC
main.c:9113: Chain[7] ASIC[1] has core num=15
main.c:9113: Chain[7] ASIC[11] has core num=1
main.c:9113: Chain[7] ASIC[12] has core num=15
main.c:9113: Chain[7] ASIC[15] has core num=15
main.c:9113: Chain[7] ASIC[17] has core num=4
main.c:9113: Chain[7] ASIC[19] has core num=10
main.c:9113: Chain[7] ASIC[32] has core num=8
main.c:9113: Chain[7] ASIC[38] has core num=1
main.c:2282: Check chain[7] PIC fw version=0x03
main.c:9183: get PIC voltage=6 on chain[5], value=940
main.c:9183: get PIC voltage=6 on chain[6], value=940
main.c:9183: get PIC voltage=6 on chain[7], value=940
main.c:9349: chain[5] temp offset record: 62,-4,0,0,0,0,33,0
main.c:9366: chain[5] temp chip I2C addr=0x98
main.c:9349: chain[6] temp offset record: 62,-4,0,0,0,0,33,0
main.c:9366: chain[6] temp chip I2C addr=0x98
main.c:9349: chain[7] temp offset record: 62,-5,0,0,0,0,33,0
main.c:9366: chain[7] temp chip I2C addr=0x98
main.c:13956: total_exist_chain_num = 3
main.c:9562: CRC error counter=0
main.c:9577: set command mode to VIL
main.c:9649: 
--- check asic number
main.c:9745: After Get ASIC NUM CRC error counter=0
main.c:9768: set_baud=0
main.c:10693: The min freq=700
main.c:10695: set real timeout 52, need sleep=379392
main.c:12825: After TEST CRC error counter=0
main.c:14236: search freq for 1 times, completed chain = 3, total chain num = 3 
board_frq_tuning.c:628: single_board_frq_tuning enter
board_frq_tuning.c:629: min_rate, des_rate, fix_volt:13800, 14000, 880
board_frq_tuning.c:254: force_freq not set, don't need tuning
main.c:14645: restart Miner chance num=2
main.c:14685: waiting for receive_func to exit!
main.c:14699: waiting for pic heart to exit!
main.c:13927: bmminer not found= 1829 root       0:00 grep bmminer

main.c:14758: bmminer not found, restart bmminer ...
driver-btm-c5.c:12243:bitmain_c5_init: This is user mode for mining
driver-btm-c5.c:12286:bitmain_c5_init: Detect 1GB control board of XILINX
driver-btm-c5.c:12313:bitmain_c5_init: Miner Type = S9
driver-btm-c5.c:12324:bitmain_c5_init: Miner compile time: Wed Jul 31 16:18:27 CST 2019 type: Antminer S9
driver-btm-c5.c:12414:bitmain_c5_init: miner ID : 802c144162bb885c
driver-btm-c5.c:12571:bitmain_c5_init: Checking fans...
driver-btm-c5.c:3006:check_fan_beforeInit: get fan[4] speed=4200
driver-btm-c5.c:3006:check_fan_beforeInit: get fan[4] speed=4200
driver-btm-c5.c:3006:check_fan_beforeInit: get fan[5] speed=5760
driver-btm-c5.c:3006:check_fan_beforeInit: get fan[4] speed=4200
driver-btm-c5.c:3006:check_fan_beforeInit: get fan[5] speed=5760
driver-btm-c5.c:3006:check_fan_beforeInit: get fan[4] speed=4200
driver-btm-c5.c:3006:check_fan_beforeInit: get fan[5] speed=5760
driver-btm-c5.c:13108:bitmain_c5_init: chain[5]: [63:255] [63:255] [63:255] [63:255] [63:255] [63:255] [63:255] [63:255]
driver-btm-c5.c:13122:bitmain_c5_init: last_freq: 0x00 0x7d 0x0f 0x4c 0x0c 0x4c 0x04 0x4c 0x0c 0x4c 0x00 0x4c 0x03 0x4c 0x03 0x4c 0x03 0x4c 0x03 0x4c 0x03 0x4c 0x03 0x4c 0x01 0x4c 0x02 0x4c 0x0f 0x4c 0x0f 0x4c 0x0f 0x4c 0x0f 0x4c 0x05 0x4c 0x06 0x4c 0x23 0x4c 0x00 0x4c 0x00 0x4c 0x00 0x4c 0x00 0x4c 0x00 0x4c 0x00 0x4c 0x00 0x4c 0x00 0x4c 0x00 0x4c 0x00 0x4c 0x00 0x4c 0x00 0x4c 0x00 0x4c 0x00 0x4c 0x00 0x4c 0x00 0x4c 0x00 0x4c 0x00 0x4c 0x00 0x4c 0x00 0x4c 0x00 0x4c 0x00 0x4c 0x00 0x4c 0x00 0x4c 0x00 0x4c 0x00 0x4c 0x00 0x4c 0x00 0x4c 0x00 0x4c 0x00 0x4c 0x00 0x4c 0x00 0x4c 0x00 0x4c 0x00 0x4c 0x00 0x4c 0x00 0x4c 0x00 0x4c 0x00 0x4c 0x00 0x4c 0x00 0x4c 0x00 0x4c 0x00 0x4c 0x00 0x4c 
driver-btm-c5.c:13149:bitmain_c5_init: Detect: use voltage limit rules on single board!
driver-btm-c5.c:13155:bitmain_c5_init: Detect: S9_63 use voltage level=2 : 2
driver-btm-c5.c:13171:bitmain_c5_init: Chain[J6] has backup chain_voltage=860
driver-btm-c5.c:13188:bitmain_c5_init: No scan based on domain
driver-btm-c5.c:1899:jump_to_app_CheckAndRestorePIC: Check chain[5] PIC fw version=0x03
driver-btm-c5.c:13108:bitmain_c5_init: chain[6]: [63:255] [63:255] [63:255] [63:255] [63:255] [63:255] [63:255] [63:255]
driver-btm-c5.c:13122:bitmain_c5_init: last_freq: 0x00 0x7d 0x0f 0x4c 0x0c 0x4c 0x04 0x4c 0x0c 0x4c 0x00 0x4c 0x03 0x4c 0x03 0x4c 0x03 0x4c 0x03 0x4c 0x03 0x4c 0x03 0x4c 0x01 0x4c 0x02 0x4c 0x0f 0x4c 0x0f 0x4c 0x0f 0x4c 0x0f 0x4c 0x05 0x4c 0x06 0x4c 0x23 0x4c 0x00 0x4c 0x00 0x4c 0x00 0x4c 0x00 0x4c 0x00 0x4c 0x00 0x4c 0x00 0x4c 0x00 0x4c 0x00 0x4c 0x00 0x4c 0x00 0x4c 0x00 0x4c 0x00 0x4c 0x00 0x4c 0x00 0x4c 0x00 0x4c 0x00 0x4c 0x00 0x4c 0x00 0x4c 0x00 0x4c 0x00 0x4c 0x00 0x4c 0x00 0x4c 0x00 0x4c 0x00 0x4c 0x00 0x4c 0x00 0x4c 0x00 0x4c 0x00 0x4c 0x00 0x4c 0x00 0x4c 0x00 0x4c 0x00 0x4c 0x00 0x4c 0x00 0x4c 0x00 0x4c 0x00 0x4c 0x00 0x4c 0x00 0x4c 0x00 0x4c 0x00 0x4c 0x00 0x4c 0x00 0x4c 
driver-btm-c5.c:13149:bitmain_c5_init: Detect: use voltage limit rules on single board!
driver-btm-c5.c:13155:bitmain_c5_init: Detect: S9_63 use voltage level=2 : 2
driver-btm-c5.c:13171:bitmain_c5_init: Chain[J7] has backup chain_voltage=860
driver-btm-c5.c:13188:bitmain_c5_init: No scan based on domain
driver-btm-c5.c:1899:jump_to_app_CheckAndRestorePIC: Check chain[6] PIC fw version=0x03
driver-btm-c5.c:13108:bitmain_c5_init: chain[7]: [63:255] [63:255] [63:255] [63:255] [63:255] [63:255] [63:255] [63:255]
driver-btm-c5.c:13122:bitmain_c5_init: last_freq: 0x00 0x7d 0x0f 0x50 0x0b 0x50 0x05 0x50 0x00 0x50 0x00 0x50 0x03 0x50 0x03 0x50 0x03 0x50 0x03 0x50 0x03 0x50 0x03 0x50 0x01 0x50 0x02 0x50 0x0f 0x50 0x0f 0x50 0x0f 0x50 0x0f 0x50 0x05 0x50 0x06 0x50 0x23 0x50 0x00 0x50 0x00 0x50 0x00 0x50 0x00 0x50 0x00 0x50 0x00 0x50 0x00 0x50 0x00 0x50 0x00 0x50 0x00 0x50 0x00 0x50 0x00 0x50 0x00 0x50 0x00 0x50 0x00 0x50 0x00 0x50 0x00 0x50 0x00 0x50 0x00 0x50 0x00 0x50 0x00 0x50 0x00 0x50 0x00 0x50 0x00 0x50 0x00 0x50 0x00 0x50 0x00 0x50 0x00 0x50 0x00 0x50 0x00 0x50 0x00 0x50 0x00 0x50 0x00 0x50 0x00 0x50 0x00 0x50 0x00 0x50 0x00 0x50 0x00 0x50 0x00 0x50 0x00 0x50 0x00 0x50 0x00 0x50 0x00 0x50 
driver-btm-c5.c:13149:bitmain_c5_init: Detect: use voltage limit rules on single board!
driver-btm-c5.c:13155:bitmain_c5_init: Detect: S9_63 use voltage level=2 : 2
driver-btm-c5.c:13171:bitmain_c5_init: Chain[J8] has backup chain_voltage=860
driver-btm-c5.c:13188:bitmain_c5_init: No scan based on domain
driver-btm-c5.c:1899:jump_to_app_CheckAndRestorePIC: Check chain[7] PIC fw version=0x03
driver-btm-c5.c:12195:init_exist_chain_table: total_exist_chain_num = 3
driver-btm-c5.c:13303:bitmain_c5_init: Chain[J6] orignal chain_voltage_pic=6 value=940
driver-btm-c5.c:13320:bitmain_c5_init: Chain[J6] will use backup chain_voltage_pic=860 [142]
driver-btm-c5.c:13330:bitmain_c5_init: Chain[J6] get working chain_voltage_pic=142
driver-btm-c5.c:13303:bitmain_c5_init: Chain[J7] orignal chain_voltage_pic=6 value=940
driver-btm-c5.c:13320:bitmain_c5_init: Chain[J7] will use backup chain_voltage_pic=860 [142]
driver-btm-c5.c:13330:bitmain_c5_init: Chain[J7] get working chain_voltage_pic=142
driver-btm-c5.c:13303:bitmain_c5_init: Chain[J8] orignal chain_voltage_pic=6 value=940
driver-btm-c5.c:13320:bitmain_c5_init: Chain[J8] will use backup chain_voltage_pic=860 [142]
driver-btm-c5.c:13330:bitmain_c5_init: Chain[J8] get working chain_voltage_pic=142
driver-btm-c5.c:13421:bitmain_c5_init: Chain[J6] has 63 asic
driver-btm-c5.c:13421:bitmain_c5_init: Chain[J7] has 63 asic
driver-btm-c5.c:13421:bitmain_c5_init: Chain[J8] has 63 asic
driver-btm-c5.c:4531:set_frequency: Chain[J6] has core num in PIC
driver-btm-c5.c:4541:set_frequency: Chain[J6] ASIC[31] has core num=1
driver-btm-c5.c:4541:set_frequency: Chain[J6] ASIC[35] has core num=2
driver-btm-c5.c:4541:set_frequency: Chain[J6] ASIC[39] has core num=5
driver-btm-c5.c:4541:set_frequency: Chain[J6] ASIC[41] has core num=1
driver-btm-c5.c:4541:set_frequency: Chain[J6] ASIC[43] has core num=15
driver-btm-c5.c:4541:set_frequency: Chain[J6] ASIC[44] has core num=2
driver-btm-c5.c:4541:set_frequency: Chain[J6] ASIC[61] has core num=2
driver-btm-c5.c:4531:set_frequency: Chain[J7] has core num in PIC
driver-btm-c5.c:4541:set_frequency: Chain[J7] ASIC[32] has core num=1
driver-btm-c5.c:4541:set_frequency: Chain[J7] ASIC[38] has core num=1
driver-btm-c5.c:4541:set_frequency: Chain[J7] ASIC[48] has core num=15
driver-btm-c5.c:4531:set_frequency: Chain[J8] has core num in PIC
driver-btm-c5.c:4541:set_frequency: Chain[J8] ASIC[1] has core num=15
driver-btm-c5.c:4541:set_frequency: Chain[J8] ASIC[11] has core num=1
driver-btm-c5.c:4541:set_frequency: Chain[J8] ASIC[12] has core num=15
driver-btm-c5.c:4541:set_frequency: Chain[J8] ASIC[15] has core num=15
driver-btm-c5.c:4541:set_frequency: Chain[J8] ASIC[17] has core num=4
driver-btm-c5.c:4541:set_frequency: Chain[J8] ASIC[19] has core num=10
driver-btm-c5.c:4541:set_frequency: Chain[J8] ASIC[32] has core num=8
driver-btm-c5.c:4541:set_frequency: Chain[J8] ASIC[38] has core num=1
driver-btm-c5.c:4571:set_frequency: miner total rate=14030GH/s ideal_total_hash_rate = 14000GH/s
driver-btm-c5.c:4596:set_frequency: read PIC voltage=940 on chain[5]
driver-btm-c5.c:4598:set_frequency: Chain:5 chipnum=63
driver-btm-c5.c:4618:set_frequency: Chain[J6] voltage added=0.0V
driver-btm-c5.c:4768:set_frequency: Chain:5 temp offset=-4
driver-btm-c5.c:4773:set_frequency: Chain:5 base freq=662
Asic[ 0]:662 Asic[ 1]:662 Asic[ 2]:662 Asic[ 3]:662 Asic[ 4]:662 Asic[ 5]:662 Asic[ 6]:662 Asic[ 7]:662 
Asic[ 8]:662 Asic[ 9]:662 Asic[10]:662 Asic[11]:662 Asic[12]:662 Asic[13]:662 Asic[14]:662 Asic[15]:662 
Asic[16]:662 Asic[17]:662 Asic[18]:662 Asic[19]:662 Asic[20]:662 Asic[21]:662 Asic[22]:662 Asic[23]:662 
Asic[24]:662 Asic[25]:662 Asic[26]:662 Asic[27]:662 Asic[28]:662 Asic[29]:662 Asic[30]:662 Asic[31]:662 
Asic[32]:662 Asic[33]:662 Asic[34]:662 Asic[35]:662 Asic[36]:662 Asic[37]:662 Asic[38]:662 Asic[39]:662 
Asic[40]:662 Asic[41]:662 Asic[42]:662 Asic[43]:662 Asic[44]:662 Asic[45]:662 Asic[46]:662 Asic[47]:662 
Asic[48]:662 Asic[49]:662 Asic[50]:662 Asic[51]:662 Asic[52]:662 Asic[53]:662 Asic[54]:662 Asic[55]:662 
Asic[56]:662 Asic[57]:662 Asic[58]:662 Asic[59]:662 Asic[60]:662 Asic[61]:662 Asic[62]:662 
driver-btm-c5.c:4809:set_frequency: Chain:5 max freq=662
driver-btm-c5.c:4810:set_frequency: Chain:5 min freq=662

driver-btm-c5.c:4596:set_frequency: read PIC voltage=940 on chain[6]
driver-btm-c5.c:4598:set_frequency: Chain:6 chipnum=63
driver-btm-c5.c:4618:set_frequency: Chain[J7] voltage added=0.0V
driver-btm-c5.c:4768:set_frequency: Chain:6 temp offset=-4
driver-btm-c5.c:4773:set_frequency: Chain:6 base freq=662
Asic[ 0]:662 Asic[ 1]:662 Asic[ 2]:662 Asic[ 3]:662 Asic[ 4]:662 Asic[ 5]:662 Asic[ 6]:662 Asic[ 7]:662 
Asic[ 8]:662 Asic[ 9]:662 Asic[10]:662 Asic[11]:662 Asic[12]:662 Asic[13]:662 Asic[14]:662 Asic[15]:662 
Asic[16]:662 Asic[17]:662 Asic[18]:662 Asic[19]:662 Asic[20]:662 Asic[21]:662 Asic[22]:662 Asic[23]:662 
Asic[24]:662 Asic[25]:662 Asic[26]:662 Asic[27]:662 Asic[28]:662 Asic[29]:662 Asic[30]:662 Asic[31]:662 
Asic[32]:662 Asic[33]:662 Asic[34]:662 Asic[35]:662 Asic[36]:662 Asic[37]:662 Asic[38]:662 Asic[39]:662 
Asic[40]:662 Asic[41]:662 Asic[42]:662 Asic[43]:662 Asic[44]:662 Asic[45]:662 Asic[46]:662 Asic[47]:662 
Asic[48]:662 Asic[49]:662 Asic[50]:662 Asic[51]:662 Asic[52]:662 Asic[53]:662 Asic[54]:662 Asic[55]:662 
Asic[56]:662 Asic[57]:662 Asic[58]:662 Asic[59]:662 Asic[60]:662 Asic[61]:662 Asic[62]:662 
driver-btm-c5.c:4809:set_frequency: Chain:6 max freq=662
driver-btm-c5.c:4810:set_frequency: Chain:6 min freq=662

driver-btm-c5.c:4596:set_frequency: read PIC voltage=940 on chain[7]
driver-btm-c5.c:4598:set_frequency: Chain:7 chipnum=63
driver-btm-c5.c:4618:set_frequency: Chain[J8] voltage added=0.0V
driver-btm-c5.c:4768:set_frequency: Chain:7 temp offset=-5
driver-btm-c5.c:4773:set_frequency: Chain:7 base freq=687
Asic[ 0]:687 Asic[ 1]:687 Asic[ 2]:687 Asic[ 3]:687 Asic[ 4]:687 Asic[ 5]:687 Asic[ 6]:687 Asic[ 7]:687 
Asic[ 8]:687 Asic[ 9]:687 Asic[10]:687 Asic[11]:687 Asic[12]:687 Asic[13]:687 Asic[14]:687 Asic[15]:687 
Asic[16]:687 Asic[17]:687 Asic[18]:687 Asic[19]:687 Asic[20]:687 Asic[21]:687 Asic[22]:687 Asic[23]:687 
Asic[24]:687 Asic[25]:687 Asic[26]:687 Asic[27]:687 Asic[28]:687 Asic[29]:687 Asic[30]:687 Asic[31]:687 
Asic[32]:687 Asic[33]:687 Asic[34]:687 Asic[35]:687 Asic[36]:687 Asic[37]:687 Asic[38]:687 Asic[39]:687 
Asic[40]:687 Asic[41]:687 Asic[42]:687 Asic[43]:687 Asic[44]:687 Asic[45]:687 Asic[46]:687 Asic[47]:687 
Asic[48]:687 Asic[49]:687 Asic[50]:687 Asic[51]:687 Asic[52]:687 Asic[53]:687 Asic[54]:687 Asic[55]:687 
Asic[56]:687 Asic[57]:687 Asic[58]:687 Asic[59]:687 Asic[60]:687 Asic[61]:687 Asic[62]:687 
driver-btm-c5.c:4809:set_frequency: Chain:7 max freq=687
driver-btm-c5.c:4810:set_frequency: Chain:7 min freq=687


driver-btm-c5.c:4819:set_frequency: Miner fix freq ...
driver-btm-c5.c:4263:ProcessFixFreqForChips: totalRate = 14030, fixed_totalRate = 14140
driver-btm-c5.c:4854:set_frequency: read PIC voltage=940 on chain[5]
driver-btm-c5.c:4855:set_frequency: Chain:5 chipnum=63
driver-btm-c5.c:4874:set_frequency: Chain[J6] voltage added=0.0V
driver-btm-c5.c:5058:set_frequency: Chain:5 temp offset=-4
driver-btm-c5.c:5063:set_frequency: Chain:5 base freq=662
Asic[ 0]:662 Asic[ 1]:662 Asic[ 2]:662 Asic[ 3]:662 Asic[ 4]:662 Asic[ 5]:662 Asic[ 6]:662 Asic[ 7]:662 
Asic[ 8]:662 Asic[ 9]:662 Asic[10]:662 Asic[11]:662 Asic[12]:662 Asic[13]:662 Asic[14]:662 Asic[15]:662 
Asic[16]:662 Asic[17]:662 Asic[18]:662 Asic[19]:662 Asic[20]:662 Asic[21]:662 Asic[22]:662 Asic[23]:662 
Asic[24]:662 Asic[25]:662 Asic[26]:662 Asic[27]:662 Asic[28]:662 Asic[29]:662 Asic[30]:662 Asic[31]:662 
Asic[32]:662 Asic[33]:662 Asic[34]:662 Asic[35]:662 Asic[36]:662 Asic[37]:662 Asic[38]:662 Asic[39]:662 
Asic[40]:662 Asic[41]:662 Asic[42]:662 Asic[43]:662 Asic[44]:662 Asic[45]:662 Asic[46]:662 Asic[47]:662 
Asic[48]:662 Asic[49]:662 Asic[50]:662 Asic[51]:662 Asic[52]:662 Asic[53]:662 Asic[54]:662 Asic[55]:662 
Asic[56]:662 Asic[57]:662 Asic[58]:662 Asic[59]:662 Asic[60]:662 Asic[61]:662 Asic[62]:662 
driver-btm-c5.c:5110:set_frequency: Chain:5 max freq=662
driver-btm-c5.c:5111:set_frequency: Chain:5 min freq=662

driver-btm-c5.c:4854:set_frequency: read PIC voltage=940 on chain[6]
driver-btm-c5.c:4855:set_frequency: Chain:6 chipnum=63
driver-btm-c5.c:4874:set_frequency: Chain[J7] voltage added=0.0V
driver-btm-c5.c:5058:set_frequency: Chain:6 temp offset=-4
driver-btm-c5.c:5063:set_frequency: Chain:6 base freq=662
Asic[ 0]:662 Asic[ 1]:662 Asic[ 2]:662 Asic[ 3]:662 Asic[ 4]:662 Asic[ 5]:662 Asic[ 6]:662 Asic[ 7]:662 
Asic[ 8]:662 Asic[ 9]:662 Asic[10]:662 Asic[11]:662 Asic[12]:662 Asic[13]:662 Asic[14]:662 Asic[15]:662 
Asic[16]:662 Asic[17]:662 Asic[18]:662 Asic[19]:662 Asic[20]:662 Asic[21]:662 Asic[22]:662 Asic[23]:662 
Asic[24]:662 Asic[25]:662 Asic[26]:662 Asic[27]:662 Asic[28]:662 Asic[29]:662 Asic[30]:662 Asic[31]:662 
Asic[32]:662 Asic[33]:662 Asic[34]:662 Asic[35]:662 Asic[36]:662 Asic[37]:662 Asic[38]:662 Asic[39]:662 
Asic[40]:662 Asic[41]:662 Asic[42]:662 Asic[43]:662 Asic[44]:662 Asic[45]:662 Asic[46]:662 Asic[47]:662 
Asic[48]:662 Asic[49]:662 Asic[50]:662 Asic[51]:662 Asic[52]:662 Asic[53]:662 Asic[54]:662 Asic[55]:662 
Asic[56]:662 Asic[57]:662 Asic[58]:662 Asic[59]:662 Asic[60]:662 Asic[61]:662 Asic[62]:662 
driver-btm-c5.c:5110:set_frequency: Chain:6 max freq=662
driver-btm-c5.c:5111:set_frequency: Chain:6 min freq=662

driver-btm-c5.c:4854:set_frequency: read PIC voltage=940 on chain[7]
driver-btm-c5.c:4855:set_frequency: Chain:7 chipnum=63
driver-btm-c5.c:4874:set_frequency: Chain[J8] voltage added=0.0V
driver-btm-c5.c:5058:set_frequency: Chain:7 temp offset=-5
driver-btm-c5.c:5063:set_frequency: Chain:7 base freq=687
Asic[ 0]:687 Asic[ 1]:687 Asic[ 2]:687 Asic[ 3]:687 Asic[ 4]:687 Asic[ 5]:687 Asic[ 6]:687 Asic[ 7]:687 
Asic[ 8]:687 Asic[ 9]:687 Asic[10]:687 Asic[11]:687 Asic[12]:687 Asic[13]:687 Asic[14]:687 Asic[15]:687 
Asic[16]:687 Asic[17]:687 Asic[18]:687 Asic[19]:687 Asic[20]:687 Asic[21]:687 Asic[22]:687 Asic[23]:687 
Asic[24]:687 Asic[25]:687 Asic[26]:687 Asic[27]:687 Asic[28]:687 Asic[29]:687 Asic[30]:687 Asic[31]:687 
Asic[32]:687 Asic[33]:687 Asic[34]:687 Asic[35]:687 Asic[36]:687 Asic[37]:687 Asic[38]:687 Asic[39]:687 
Asic[40]:687 Asic[41]:687 Asic[42]:687 Asic[43]:687 Asic[44]:687 Asic[45]:687 Asic[46]:687 Asic[47]:687 
Asic[48]:687 Asic[49]:687 Asic[50]:687 Asic[51]:687 Asic[52]:687 Asic[53]:687 Asic[54]:687 Asic[55]:687 
Asic[56]:687 Asic[57]:687 Asic[58]:687 Asic[59]:687 Asic[60]:687 Asic[61]:687 Asic[62]:687 
driver-btm-c5.c:5110:set_frequency: Chain:7 max freq=687
driver-btm-c5.c:5111:set_frequency: Chain:7 min freq=687

driver-btm-c5.c:5119:set_frequency: max freq = 687
driver-btm-c5.c:4162:ProcessFixFreq: totalRate = 14030, fixed_totalRate = 14000
driver-btm-c5.c:9604:init_uart_baud: set baud=1
driver-btm-c5.c:6593:calibration_sensor_offset: Chain[J6] PIC temp offset: 62,-4,0,0,0,0,33,0,0,0,0,0,0,0,0,0,0,0,
driver-btm-c5.c:6627:calibration_sensor_offset: chain[6] temp chip I2C addr=0x98
driver-btm-c5.c:6660:calibration_sensor_offset: Chain[J6] chip[244] use PIC middle temp offset=-4 typeID=55
driver-btm-c5.c:6384:do_calibration_sensor_offset: New offset Chain[6] chip[244] local:14 remote:16 offset:27 
driver-btm-c5.c:6753:calibration_sensor_offset: Chain[J6] chip[244] get middle temp offset=27 typeID=55
driver-btm-c5.c:6593:calibration_sensor_offset: Chain[J7] PIC temp offset: 62,-4,0,0,0,0,33,0,0,0,0,0,0,0,0,0,0,0,
driver-btm-c5.c:6627:calibration_sensor_offset: chain[7] temp chip I2C addr=0x98
driver-btm-c5.c:6660:calibration_sensor_offset: Chain[J7] chip[244] use PIC middle temp offset=-4 typeID=55
driver-btm-c5.c:6384:do_calibration_sensor_offset: New offset Chain[7] chip[244] local:14 remote:17 offset:26 
driver-btm-c5.c:6753:calibration_sensor_offset: Chain[J7] chip[244] get middle temp offset=26 typeID=55
driver-btm-c5.c:6593:calibration_sensor_offset: Chain[J8] PIC temp offset: 62,-5,0,0,0,0,33,0,0,0,0,0,0,0,0,0,0,0,
driver-btm-c5.c:6627:calibration_sensor_offset: chain[8] temp chip I2C addr=0x98
driver-btm-c5.c:6660:calibration_sensor_offset: Chain[J8] chip[244] use PIC middle temp offset=-5 typeID=55
driver-btm-c5.c:6384:do_calibration_sensor_offset: New offset Chain[8] chip[244] local:14 remote:17 offset:26 
driver-btm-c5.c:6753:calibration_sensor_offset: Chain[J8] chip[244] get middle temp offset=26 typeID=55
driver-btm-c5.c:13651:bitmain_c5_init: single board rate=4670 voltage limit=860 on chain[5]
driver-btm-c5.c:13688:bitmain_c5_init: get PIC voltage=860 on chain[5], check: must be < 860
driver-btm-c5.c:13651:bitmain_c5_init: single board rate=4677 voltage limit=860 on chain[6]
driver-btm-c5.c:13688:bitmain_c5_init: get PIC voltage=860 on chain[6], check: must be < 860
driver-btm-c5.c:13651:bitmain_c5_init: single board rate=4682 voltage limit=860 on chain[7]
driver-btm-c5.c:13688:bitmain_c5_init: get PIC voltage=860 on chain[7], check: must be < 860
driver-btm-c5.c:12103:set_working_voltage: setting to working voltage...
driver-btm-c5.c:12083:slowly_downgrade_voltage_all_chain: chain[5] set voltage to 930
driver-btm-c5.c:12083:slowly_downgrade_voltage_all_chain: chain[6] set voltage to 930
driver-btm-c5.c:12083:slowly_downgrade_voltage_all_chain: chain[7] set voltage to 930
driver-btm-c5.c:12083:slowly_downgrade_voltage_all_chain: chain[5] set voltage to 920
driver-btm-c5.c:12083:slowly_downgrade_voltage_all_chain: chain[6] set voltage to 920
driver-btm-c5.c:12083:slowly_downgrade_voltage_all_chain: chain[7] set voltage to 920
driver-btm-c5.c:12083:slowly_downgrade_voltage_all_chain: chain[5] set voltage to 910
driver-btm-c5.c:12083:slowly_downgrade_voltage_all_chain: chain[6] set voltage to 910
driver-btm-c5.c:12083:slowly_downgrade_voltage_all_chain: chain[7] set voltage to 910
driver-btm-c5.c:12083:slowly_downgrade_voltage_all_chain: chain[5] set voltage to 900
driver-btm-c5.c:12083:slowly_downgrade_voltage_all_chain: chain[6] set voltage to 900
driver-btm-c5.c:12083:slowly_downgrade_voltage_all_chain: chain[7] set voltage to 900
driver-btm-c5.c:12083:slowly_downgrade_voltage_all_chain: chain[5] set voltage to 890
driver-btm-c5.c:12083:slowly_downgrade_voltage_all_chain: chain[6] set voltage to 890
driver-btm-c5.c:12083:slowly_downgrade_voltage_all_chain: chain[7] set voltage to 890
driver-btm-c5.c:12083:slowly_downgrade_voltage_all_chain: chain[5] set voltage to 880
driver-btm-c5.c:12083:slowly_downgrade_voltage_all_chain: chain[6] set voltage to 880
driver-btm-c5.c:12083:slowly_downgrade_voltage_all_chain: chain[7] set voltage to 880
driver-btm-c5.c:12083:slowly_downgrade_voltage_all_chain: chain[5] set voltage to 870
driver-btm-c5.c:12083:slowly_downgrade_voltage_all_chain: chain[6] set voltage to 870
driver-btm-c5.c:12083:slowly_downgrade_voltage_all_chain: chain[7] set voltage to 870
driver-btm-c5.c:12083:slowly_downgrade_voltage_all_chain: chain[5] set voltage to 860
driver-btm-c5.c:12083:slowly_downgrade_voltage_all_chain: chain[6] set voltage to 860
driver-btm-c5.c:12083:slowly_downgrade_voltage_all_chain: chain[7] set voltage to 860
driver-btm-c5.c:13954:bitmain_c5_init: start thread for read temp
setStartTimePoint total_tv_start_sys=149 total_tv_end_sys=150
driver-btm-c5.c:10320:check_system_work: restartNum = 2 , auto-reinit enabled...
driver-btm-c5.c:8727:read_temp_func: bring_up_pcb_temp = 36
driver-btm-c5.c:9887:if_avg_hash_ok: avg hash rate = 13457.656331, ideal hash rate = 14000
driver-btm-c5.c:10387:check_system_work: hash rate is low...
do read_temp_func once...

get RT hashrate from Chain[5]: (asic index start from 1-63)
Asic[01]=75.0780 Asic[02]=77.2420 Asic[03]=78.7850 Asic[04]=74.7760 Asic[05]=74.3060 Asic[06]=73.6010 Asic[07]=73.6010 Asic[08]=72.3930 
Asic[09]=81.4030 Asic[10]=81.1170 Asic[11]=73.2990 Asic[12]=72.0580 Asic[13]=78.7350 Asic[14]=79.7750 Asic[15]=75.1110 Asic[16]=78.9870 
Asic[17]=77.0570 Asic[18]=75.8330 Asic[19]=72.9970 Asic[20]=78.0300 Asic[21]=76.7720 Asic[22]=77.3420 Asic[23]=38.8220 Asic[24]=81.1680 
Asic[25]=76.0170 Asic[26]=80.9830 Asic[27]=76.6710 Asic[28]=77.4260 Asic[29]=74.7590 Asic[30]=71.6380 Asic[31]=73.8700 Asic[32]=48.4350 
Asic[33]=77.4100 Asic[34]=73.0980 Asic[35]=73.8190 Asic[36]=3.28800 Asic[37]=74.1550 Asic[38]=75.4970 Asic[39]=78.3160 Asic[40]=68.9040 
Asic[41]=76.7720 Asic[42]=11.5930 Asic[43]=78.5840 Asic[44]=32.5310 Asic[45]=40.5000 Asic[46]=26.4070 Asic[47]=45.2980 Asic[48]=76.3530 
Asic[49]=78.4160 Asic[50]=80.0940 Asic[51]=76.3190 Asic[52]=75.4630 Asic[53]=75.6820 Asic[54]=75.7150 Asic[55]=75.6480 Asic[56]=72.9470 
Asic[57]=76.0000 Asic[58]=74.4900 Asic[59]=71.3870 Asic[60]=71.4870 Asic[61]=72.1580 Asic[62]=2.85200 Asic[63]=76.4200 

get RT hashrate from Chain[6]: (asic index start from 1-63)
Asic[01]=71.0680 Asic[02]=76.0000 Asic[03]=77.2250 Asic[04]=76.9060 Asic[05]=77.7120 Asic[06]=75.4130 Asic[07]=74.5410 Asic[08]=74.4230 
Asic[09]=74.8930 Asic[10]=72.9640 Asic[11]=76.6710 Asic[12]=70.5480 Asic[13]=80.5800 Asic[14]=75.3120 Asic[15]=69.3900 Asic[16]=77.1410 
Asic[17]=78.8020 Asic[18]=80.2280 Asic[19]=71.5880 Asic[20]=67.7460 Asic[21]=72.4770 Asic[22]=71.6380 Asic[23]=75.5140 Asic[24]=76.1180 
Asic[25]=73.9530 Asic[26]=77.0400 Asic[27]=70.7660 Asic[28]=72.9130 Asic[29]=72.2420 Asic[30]=69.2730 Asic[31]=78.2480 Asic[32]=80.3460 
Asic[33]=53.0320 Asic[34]=76.4360 Asic[35]=75.9160 Asic[36]=73.9030 Asic[37]=75.8330 Asic[38]=75.2450 Asic[39]=76.6380 Asic[40]=77.1750 
Asic[41]=73.5680 Asic[42]=76.8060 Asic[43]=79.7750 Asic[44]=76.5040 Asic[45]=78.5670 Asic[46]=74.6920 Asic[47]=77.9630 Asic[48]=71.6550 
Asic[49]=42.0260 Asic[50]=77.8630 Asic[51]=74.9600 Asic[52]=74.4060 Asic[53]=76.2350 Asic[54]=70.4640 Asic[55]=77.6440 Asic[56]=73.2490 
Asic[57]=76.1350 Asic[58]=72.6780 Asic[59]=77.2750 Asic[60]=74.6410 Asic[61]=72.1920 Asic[62]=74.1720 Asic[63]=71.0510 

get RT hashrate from Chain[7]: (asic index start from 1-63)
Asic[01]=78.3320 Asic[02]=52.5790 Asic[03]=77.1240 Asic[04]=78.9870 Asic[05]=77.8290 Asic[06]=79.7420 Asic[07]=79.0030 Asic[08]=80.2280 
Asic[09]=78.6510 Asic[10]=80.3790 Asic[11]=79.0030 Asic[12]=79.5240 Asic[13]=7.26400 Asic[14]=81.0500 Asic[15]=74.1040 Asic[16]=54.9450 
Asic[17]=75.9840 Asic[18]=75.9670 Asic[19]=81.2350 Asic[20]=29.4770 Asic[21]=80.7150 Asic[22]=80.3960 Asic[23]=73.2990 Asic[24]=81.4860 
Asic[25]=74.0880 Asic[26]=78.7850 Asic[27]=79.7750 Asic[28]=80.4130 Asic[29]=74.1040 Asic[30]=78.8360 Asic[31]=78.3660 Asic[32]=82.2080 
Asic[33]=71.9910 Asic[34]=86.3690 Asic[35]=78.4670 Asic[36]=79.1540 Asic[37]=72.9300 Asic[38]=71.9230 Asic[39]=83.1470 Asic[40]=71.4030 
Asic[41]=83.2310 Asic[42]=75.5140 Asic[43]=81.5540 Asic[44]=73.6680 Asic[45]=75.5810 Asic[46]=76.9900 Asic[47]=82.3590 Asic[48]=78.8020 
Asic[49]=73.4670 Asic[50]=77.7620 Asic[51]=76.2350 Asic[52]=87.4760 Asic[53]=79.0370 Asic[54]=78.9530 Asic[55]=76.8730 Asic[56]=78.3830 
Asic[57]=73.0140 Asic[58]=78.4830 Asic[59]=76.8220 Asic[60]=79.2720 Asic[61]=72.8630 Asic[62]=82.8290 Asic[63]=78.5500 
Check Chain[J6] ASIC RT error: (asic index start from 1-63)
Check Chain[J7] ASIC RT error: (asic index start from 1-63)
Check Chain[J8] ASIC RT error: (asic index start from 1-63)
Done check_asic_reg
Chain[5] Chip[244] pcb temperature=51
Chain[5] Chip[62] junction temperature=62
Done read temp on Chain[5]
Chain[6] Chip[244] pcb temperature=47
Chain[6] Chip[62] junction temperature=56
Done read temp on Chain[6]
Chain[7] Chip[244] pcb temperature=53
Chain[7] Chip[62] junction temperature=64
Done read temp on Chain[7]
Max pcb temp : 53
set FAN speed according to: temp_highest=53 temp_top1[PWM_T]=53 temp_top1[TEMP_POS_LOCAL]=53 temp_change=0 fix_fan_steps=0
FAN PWM: 56
read_temp_func Done!
CRC error counter=0
